Microchip MPLAB XC8 Compiler V1.38 ()

Linker command line:

-W-3 --edf=C:\Program Files (x86)\Microchip\xc8\v1.38\dat\en_msgs.txt -cs \
  -h+dist/default/production\BinaryClock.X.production.sym \
  --cmf=dist/default/production\BinaryClock.X.production.cmf -z -Q16F18855 \
  -oC:\Users\DAVE\AppData\Local\Temp\s3d0.2 \
  -Mdist/default/production/BinaryClock.X.production.map -E1 -ver=XC8 \
  -ASTACK=02000h-023efh -pstack=STACK -ACODE=00h-07FFhx4 \
  -ASTRCODE=00h-01FFFh -ASTRING=00h-0FFhx32 -ACONST=00h-0FFhx32 \
  -AENTRY=00h-0FFhx32 -ACOMMON=070h-07Fh -ABANK0=020h-06Fh \
  -ABANK1=0A0h-0EFh -ABANK2=0120h-016Fh -ABANK3=01A0h-01EFh \
  -ABANK4=0220h-026Fh -ABANK5=02A0h-02EFh -ABANK6=0320h-036Fh \
  -ABANK7=03A0h-03EFh -ABANK8=0420h-046Fh -ABANK9=04A0h-04EFh \
  -ABANK10=0520h-056Fh -ABANK11=05A0h-05EFh -ABANK12=0620h-064Fh \
  -ABIGRAM=02000h-023EFh \
  -ARAM=020h-06Fh,0A0h-0EFh,0120h-016Fh,01A0h-01EFh,0220h-026Fh,02A0h-02EFh,0320h-036Fh,03A0h-03EFh,0420h-046Fh,04A0h-04EFh,0520h-056Fh,05A0h-05EFh,0620h-064Fh \
  -AABS1=020h-07Fh,0A0h-0EFh,0120h-016Fh,01A0h-01EFh,0220h-026Fh,02A0h-02EFh,0320h-036Fh,03A0h-03EFh,0420h-046Fh,04A0h-04EFh,0520h-056Fh,05A0h-05EFh,0620h-064Fh \
  -ASFR0=00h-01Fh -ASFR1=080h-09Fh -ASFR2=0100h-011Fh -ASFR3=0180h-019Fh \
  -ASFR4=0200h-021Fh -ASFR5=0280h-029Fh -ASFR6=0300h-031Fh \
  -ASFR7=0380h-039Fh -ASFR8=0400h-041Fh -ASFR9=0480h-049Fh \
  -ASFR10=0500h-051Fh -ASFR11=0580h-059Fh -ASFR12=0600h-061Fh \
  -ASFR13=0680h-06EFh -ASFR14=0700h-076Fh -ASFR15=0780h-07EFh \
  -ASFR16=0800h-086Fh -ASFR17=0880h-08EFh -ASFR18=0900h-096Fh \
  -ASFR19=0980h-09EFh -ASFR20=0A00h-0A6Fh -ASFR21=0A80h-0AEFh \
  -ASFR22=0B00h-0B6Fh -ASFR23=0B80h-0BEFh -ASFR24=0C00h-0C6Fh \
  -ASFR25=0C80h-0CEFh -ASFR26=0D00h-0D6Fh -ASFR27=0D80h-0DEFh \
  -ASFR28=0E00h-0E6Fh -ASFR29=0E80h-0EEFh -ASFR30=0F00h-0F6Fh \
  -ASFR31=0F80h-0FEFh -preset_vec=00h,intentry,init,end_init -ppowerup=CODE \
  -pcinit=CODE -pfunctab=CODE -ACONFIG=08007h-0800Bh -pconfig=CONFIG \
  -DCONFIG=2 -AIDLOC=08000h-08003h -pidloc=IDLOC -DIDLOC=2 \
  -AEEDATA=00h-0FFh/0F000h -peeprom_data=EEDATA -DEEDATA=2 -DCODE=2 \
  -DSTRCODE=2 -DSTRING=2 -DCONST=2 -DENTRY=2 -k \
  C:\Users\DAVE\AppData\Local\Temp\s3d0.obj \
  dist/default/production\BinaryClock.X.production.obj 

Object code version is 3.11

Machine type is 16F18855



                Name                               Link     Load   Length Selector   Space Scale
C:\Users\DAVE\AppData\Local\Temp\s3d0.obj
                end_init                              2        2        2        0       0
                reset_vec                             0        0        2        0       0
                config                             8007     8007        5    1000E       0
dist/default/production\BinaryClock.X.production.obj
                cinit                               7FC      7FC        4      FF8       0
                text4                               5CB      5CB        8      B96       0
                text3                               5EB      5EB       31      BD6       0
                text2                               5D3      5D3        C      BA6       0
                text1                               5DF      5DF        C      BBE       0
                maintext                            61C      61C      1E0      C38       0
                cstackCOMMON                         70       70        B       70       1
                bitbssCOMMON                        3D8       7B        1       70       1     8

TOTAL           Name                               Link     Load   Length     Space
        CLASS   STACK          

        CLASS   CODE           
                end_init                              2        2        2         0
                cinit                               7FC      7FC        4         0
                reset_vec                             0        0        2         0
                text4                               5CB      5CB        8         0
                text3                               5EB      5EB       31         0
                text2                               5D3      5D3        C         0
                text1                               5DF      5DF        C         0
                maintext                            61C      61C      1E0         0

        CLASS   STRCODE        

        CLASS   STRING         

        CLASS   CONST          

        CLASS   ENTRY          

        CLASS   COMMON         
                cstackCOMMON                         70       70        B         1
                bitbssCOMMON                        3D8       7B        1         1

        CLASS   BANK0          

        CLASS   BANK1          

        CLASS   BANK2          

        CLASS   BANK3          

        CLASS   BANK4          

        CLASS   BANK5          

        CLASS   BANK6          

        CLASS   BANK7          

        CLASS   BANK8          

        CLASS   BANK9          

        CLASS   BANK10         

        CLASS   BANK11         

        CLASS   BANK12         

        CLASS   BIGRAM         

        CLASS   RAM            

        CLASS   ABS1           
                abs_s1                               7E       7E        2         1

        CLASS   SFR0           

        CLASS   SFR1           

        CLASS   SFR2           

        CLASS   SFR3           

        CLASS   SFR4           

        CLASS   SFR5           

        CLASS   SFR6           

        CLASS   SFR7           

        CLASS   SFR8           

        CLASS   SFR9           

        CLASS   SFR10          

        CLASS   SFR11          

        CLASS   SFR12          

        CLASS   SFR13          

        CLASS   SFR14          

        CLASS   SFR15          

        CLASS   SFR16          

        CLASS   SFR17          

        CLASS   SFR18          

        CLASS   SFR19          

        CLASS   SFR20          

        CLASS   SFR21          

        CLASS   SFR22          

        CLASS   SFR23          

        CLASS   SFR24          

        CLASS   SFR25          

        CLASS   SFR26          

        CLASS   SFR27          

        CLASS   SFR28          

        CLASS   SFR29          

        CLASS   SFR30          

        CLASS   SFR31          

        CLASS   CONFIG         
                config                             8007     8007        5         0

        CLASS   IDLOC          

        CLASS   EEDATA         

        CLASS   BANK31         

        CLASS   BANK30         

        CLASS   BANK29         

        CLASS   BANK28         

        CLASS   BANK27         

        CLASS   BANK26         

        CLASS   BANK25         

        CLASS   BANK24         

        CLASS   BANK23         

        CLASS   BANK22         

        CLASS   BANK21         

        CLASS   BANK20         

        CLASS   BANK19         

        CLASS   BANK18         

        CLASS   BANK17         

        CLASS   BANK16         

        CLASS   BANK15         

        CLASS   BANK14         

        CLASS   BANK13         



SEGMENTS        Name                           Load    Length   Top    Selector   Space  Class     Delta

                reset_vec                      000000  000004  000004         0       0  CODE        2
                cstackCOMMON                   000070  00000C  00007C        70       1  COMMON      1
                text4                          0005CB  000008  0005D3       B96       0  CODE        2
                text2                          0005D3  00000C  0005DF       BA6       0  CODE        2
                text1                          0005DF  00000C  0005EB       BBE       0  CODE        2
                text3                          0005EB  000031  00061C       BD6       0  CODE        2
                maintext                       00061C  0001E0  0007FC       C38       0  CODE        2
                cinit                          0007FC  000004  000800       FF8       0  CODE        2
                config                         008007  000005  00800C     1000E       0  CONFIG      2


UNUSED ADDRESS RANGES

        Name                Unused          Largest block    Delta
        BANK0            00020-0006F              50           1
        BANK1            000A0-000EF              50           1
        BANK10           00520-0056F              50           1
        BANK11           005A0-005EF              50           1
        BANK12           00620-0064F              30           1
        BANK2            00120-0016F              50           1
        BANK3            001A0-001EF              50           1
        BANK4            00220-0026F              50           1
        BANK5            002A0-002EF              50           1
        BANK6            00320-0036F              50           1
        BANK7            003A0-003EF              50           1
        BANK8            00420-0046F              50           1
        BANK9            004A0-004EF              50           1
        BIGRAM           02000-023EF             3F0           1
        CODE             00004-005CA             5C7           2
                         00800-01FFF             800
        COMMON           0007C-0007D               2           1
        CONST            00004-005CA             100           2
                         00800-01FFF             100
        EEDATA           0F000-0F0FF             100           2
        ENTRY            00004-005CA             100           2
                         00800-01FFF             100
        IDLOC            08000-08003               4           2
        RAM              00020-0006F              50           1
                         000A0-000EF              50
                         00120-0016F              50
                         001A0-001EF              50
                         00220-0026F              50
                         002A0-002EF              50
                         00320-0036F              50
                         003A0-003EF              50
                         00420-0046F              50
                         004A0-004EF              50
                         00520-0056F              50
                         005A0-005EF              50
                         00620-0064F              30
        SFR0             00000-0001F              20           1
        SFR1             00080-0009F              20           1
        SFR10            00500-0051F              20           1
        SFR11            00580-0059F              20           1
        SFR12            00600-0061F              20           1
        SFR13            00680-006EF              70           1
        SFR14            00700-0076F              70           1
        SFR15            00780-007EF              70           1
        SFR16            00800-0086F              70           1
        SFR17            00880-008EF              70           1
        SFR18            00900-0096F              70           1
        SFR19            00980-009EF              70           1
        SFR2             00100-0011F              20           1
        SFR20            00A00-00A6F              70           1
        SFR21            00A80-00AEF              70           1
        SFR22            00B00-00B6F              70           1
        SFR23            00B80-00BEF              70           1
        SFR24            00C00-00C6F              70           1
        SFR25            00C80-00CEF              70           1
        SFR26            00D00-00D6F              70           1
        SFR27            00D80-00DEF              70           1
        SFR28            00E00-00E6F              70           1
        SFR29            00E80-00EEF              70           1
        SFR3             00180-0019F              20           1
        SFR30            00F00-00F6F              70           1
        SFR31            00F80-00FEF              70           1
        SFR4             00200-0021F              20           1
        SFR5             00280-0029F              20           1
        SFR6             00300-0031F              20           1
        SFR7             00380-0039F              20           1
        SFR8             00400-0041F              20           1
        SFR9             00480-0049F              20           1
        STACK            02000-023EF             3F0           1
        STRCODE          00004-005CA             5C7           2
                         00800-01FFF            1800
        STRING           00004-005CA             100           2
                         00800-01FFF             100

                                  Symbol Table

PIN_MANAGER_Initialize@state     cstackCOMMON 00070
_ANSELA                          (abs)        00F38
_ANSELB                          (abs)        00F43
_ANSELC                          (abs)        00F4E
_CPUDOZE                         (abs)        0088C
_GIE                             (abs)        0005F
_LATA                            (abs)        00016
_LATA0                           (abs)        000B0
_LATA1                           (abs)        000B1
_LATA2                           (abs)        000B2
_LATA3                           (abs)        000B3
_LATA5                           (abs)        000B5
_LATA6                           (abs)        000B6
_LATA7                           (abs)        000B7
_LATB                            (abs)        00017
_LATB0                           (abs)        000B8
_LATB1                           (abs)        000B9
_LATB2                           (abs)        000BA
_LATB3                           (abs)        000BB
_LATB4                           (abs)        000BC
_LATC                            (abs)        00018
_LATC0                           (abs)        000C0
_LATC1                           (abs)        000C1
_LATC2                           (abs)        000C2
_LATC3                           (abs)        000C3
_LATC4                           (abs)        000C4
_ODCONA                          (abs)        00F3A
_ODCONB                          (abs)        00F45
_ODCONC                          (abs)        00F50
_OSCCON1                         (abs)        0088D
_OSCCON3                         (abs)        0088F
_OSCEN                           (abs)        00891
_OSCFRQ                          (abs)        00893
_OSCILLATOR_Initialize           text4        005CB
_OSCTUNE                         (abs)        00892
_PIN_MANAGER_Initialize          text3        005EB
_PIR0bits                        (abs)        0070C
_PPSLOCK                         (abs)        00E8F
_PPSLOCKbits                     (abs)        00E8F
_RC6                             (abs)        00076
_RC7                             (abs)        00077
_SYSTEM_Initialize               text1        005DF
_T0CKIPPSbits                    (abs)        00E91
_T0CON0                          (abs)        0001E
_T0CON0bits                      (abs)        0001E
_T0CON1                          (abs)        0001F
_TMR0H                           (abs)        0001D
_TMR0IF                          (abs)        03865
_TMR0L                           (abs)        0001C
_TMR0_Initialize                 text2        005D3
_TRISA                           (abs)        00011
_TRISB                           (abs)        00012
_TRISC                           (abs)        00013
_WPUA                            (abs)        00F39
_WPUB                            (abs)        00F44
_WPUC                            (abs)        00F4F
_WPUE                            (abs)        00F65
__CFG_BOREN$OFF                  (abs)        00000
__CFG_BORV$LO                    (abs)        00000
__CFG_CLKOUTEN$OFF               (abs)        00000
__CFG_CP$OFF                     (abs)        00000
__CFG_CPD$OFF                    (abs)        00000
__CFG_CSWEN$ON                   (abs)        00000
__CFG_FCMEN$ON                   (abs)        00000
__CFG_FEXTOSC$OFF                (abs)        00000
__CFG_LPBOREN$OFF                (abs)        00000
__CFG_LVP$ON                     (abs)        00000
__CFG_MCLRE$ON                   (abs)        00000
__CFG_PPS1WAY$ON                 (abs)        00000
__CFG_PWRTE$ON                   (abs)        00000
__CFG_RSTOSC$HFINT1              (abs)        00000
__CFG_SCANE$available            (abs)        00000
__CFG_STVREN$ON                  (abs)        00000
__CFG_WDTCCS$SC                  (abs)        00000
__CFG_WDTCPS$WDTCPS_31           (abs)        00000
__CFG_WDTCWS$WDTCWS_7            (abs)        00000
__CFG_WDTE$ON                    (abs)        00000
__CFG_WRT$OFF                    (abs)        00000
__CFG_ZCD$OFF                    (abs)        00000
__Habs1                          abs1         00000
__Hbank0                         bank0        00000
__Hbank1                         bank1        00000
__Hbank10                        bank10       00000
__Hbank11                        bank11       00000
__Hbank12                        bank12       00000
__Hbank13                        bank13       00000
__Hbank14                        bank14       00000
__Hbank15                        bank15       00000
__Hbank16                        bank16       00000
__Hbank17                        bank17       00000
__Hbank18                        bank18       00000
__Hbank19                        bank19       00000
__Hbank2                         bank2        00000
__Hbank20                        bank20       00000
__Hbank21                        bank21       00000
__Hbank22                        bank22       00000
__Hbank23                        bank23       00000
__Hbank24                        bank24       00000
__Hbank25                        bank25       00000
__Hbank26                        bank26       00000
__Hbank27                        bank27       00000
__Hbank28                        bank28       00000
__Hbank29                        bank29       00000
__Hbank3                         bank3        00000
__Hbank30                        bank30       00000
__Hbank31                        bank31       00000
__Hbank4                         bank4        00000
__Hbank5                         bank5        00000
__Hbank6                         bank6        00000
__Hbank7                         bank7        00000
__Hbank8                         bank8        00000
__Hbank9                         bank9        00000
__Hbigram                        bigram       00000
__HbitbssCOMMON                  bitbssCOMMON 00000
__Hcinit                         cinit        00800
__Hclrtext                       clrtext      00000
__Hcode                          code         00000
__Hcommon                        common       00000
__Hconfig                        config       0800C
__HcstackCOMMON                  cstackCOMMON 00000
__Heeprom_data                   eeprom_data  00000
__Hend_init                      end_init     00004
__Hfunctab                       functab      00000
__Hidloc                         idloc        00000
__Hinit                          init         00002
__Hintentry                      intentry     00002
__Hmaintext                      maintext     00000
__Hpowerup                       powerup      00000
__Hram                           ram          00000
__Hreset_vec                     reset_vec    00002
__Hsfr0                          sfr0         00000
__Hsfr1                          sfr1         00000
__Hsfr10                         sfr10        00000
__Hsfr11                         sfr11        00000
__Hsfr12                         sfr12        00000
__Hsfr13                         sfr13        00000
__Hsfr14                         sfr14        00000
__Hsfr15                         sfr15        00000
__Hsfr16                         sfr16        00000
__Hsfr17                         sfr17        00000
__Hsfr18                         sfr18        00000
__Hsfr19                         sfr19        00000
__Hsfr2                          sfr2         00000
__Hsfr20                         sfr20        00000
__Hsfr21                         sfr21        00000
__Hsfr22                         sfr22        00000
__Hsfr23                         sfr23        00000
__Hsfr24                         sfr24        00000
__Hsfr25                         sfr25        00000
__Hsfr26                         sfr26        00000
__Hsfr27                         sfr27        00000
__Hsfr28                         sfr28        00000
__Hsfr29                         sfr29        00000
__Hsfr3                          sfr3         00000
__Hsfr30                         sfr30        00000
__Hsfr31                         sfr31        00000
__Hsfr4                          sfr4         00000
__Hsfr5                          sfr5         00000
__Hsfr6                          sfr6         00000
__Hsfr7                          sfr7         00000
__Hsfr8                          sfr8         00000
__Hsfr9                          sfr9         00000
__Hspace_0                       (abs)        0800C
__Hspace_1                       (abs)        003D9
__Hspace_2                       (abs)        00000
__Hspace_3                       (abs)        00000
__Hstack                         stack        00000
__Hstrings                       strings      00000
__Htext                          text         00000
__Labs1                          abs1         00000
__Lbank0                         bank0        00000
__Lbank1                         bank1        00000
__Lbank10                        bank10       00000
__Lbank11                        bank11       00000
__Lbank12                        bank12       00000
__Lbank13                        bank13       00000
__Lbank14                        bank14       00000
__Lbank15                        bank15       00000
__Lbank16                        bank16       00000
__Lbank17                        bank17       00000
__Lbank18                        bank18       00000
__Lbank19                        bank19       00000
__Lbank2                         bank2        00000
__Lbank20                        bank20       00000
__Lbank21                        bank21       00000
__Lbank22                        bank22       00000
__Lbank23                        bank23       00000
__Lbank24                        bank24       00000
__Lbank25                        bank25       00000
__Lbank26                        bank26       00000
__Lbank27                        bank27       00000
__Lbank28                        bank28       00000
__Lbank29                        bank29       00000
__Lbank3                         bank3        00000
__Lbank30                        bank30       00000
__Lbank31                        bank31       00000
__Lbank4                         bank4        00000
__Lbank5                         bank5        00000
__Lbank6                         bank6        00000
__Lbank7                         bank7        00000
__Lbank8                         bank8        00000
__Lbank9                         bank9        00000
__Lbigram                        bigram       00000
__LbitbssCOMMON                  bitbssCOMMON 00000
__Lcinit                         cinit        007FC
__Lclrtext                       clrtext      00000
__Lcode                          code         00000
__Lcommon                        common       00000
__Lconfig                        config       08007
__LcstackCOMMON                  cstackCOMMON 00000
__Leeprom_data                   eeprom_data  00000
__Lend_init                      end_init     00002
__Lfunctab                       functab      00000
__Lidloc                         idloc        00000
__Linit                          init         00002
__Lintentry                      intentry     00002
__Lmaintext                      maintext     00000
__Lpowerup                       powerup      00000
__Lram                           ram          00000
__Lreset_vec                     reset_vec    00000
__Lsfr0                          sfr0         00000
__Lsfr1                          sfr1         00000
__Lsfr10                         sfr10        00000
__Lsfr11                         sfr11        00000
__Lsfr12                         sfr12        00000
__Lsfr13                         sfr13        00000
__Lsfr14                         sfr14        00000
__Lsfr15                         sfr15        00000
__Lsfr16                         sfr16        00000
__Lsfr17                         sfr17        00000
__Lsfr18                         sfr18        00000
__Lsfr19                         sfr19        00000
__Lsfr2                          sfr2         00000
__Lsfr20                         sfr20        00000
__Lsfr21                         sfr21        00000
__Lsfr22                         sfr22        00000
__Lsfr23                         sfr23        00000
__Lsfr24                         sfr24        00000
__Lsfr25                         sfr25        00000
__Lsfr26                         sfr26        00000
__Lsfr27                         sfr27        00000
__Lsfr28                         sfr28        00000
__Lsfr29                         sfr29        00000
__Lsfr3                          sfr3         00000
__Lsfr30                         sfr30        00000
__Lsfr31                         sfr31        00000
__Lsfr4                          sfr4         00000
__Lsfr5                          sfr5         00000
__Lsfr6                          sfr6         00000
__Lsfr7                          sfr7         00000
__Lsfr8                          sfr8         00000
__Lsfr9                          sfr9         00000
__Lspace_0                       (abs)        00000
__Lspace_1                       (abs)        00000
__Lspace_2                       (abs)        00000
__Lspace_3                       (abs)        00000
__Lstack                         stack        00000
__Lstrings                       strings      00000
__Ltext                          text         00000
__S0                             (abs)        0800C
__S1                             (abs)        0007C
__S2                             (abs)        00000
__S3                             (abs)        00000
___int_sp                        stack        00000
___latbits                       (abs)        00002
___sp                            stack        00000
__end_of_OSCILLATOR_Initialize   text4        005D3
__end_of_PIN_MANAGER_Initialize  text3        0061C
__end_of_SYSTEM_Initialize       text1        005EB
__end_of_TMR0_Initialize         text2        005DF
__end_of__initialization         cinit        007FD
__end_of_main                    maintext     007FC
__initialization                 cinit        007FC
__pbitbssCOMMON                  bitbssCOMMON 003D8
__pcstackCOMMON                  cstackCOMMON 00070
__pmaintext                      maintext     0061C
__ptext1                         text1        005DF
__ptext2                         text2        005D3
__ptext3                         text3        005EB
__ptext4                         text4        005CB
__size_of_OSCILLATOR_Initialize  (abs)        00000
__size_of_PIN_MANAGER_Initialize (abs)        00000
__size_of_SYSTEM_Initialize      (abs)        00000
__size_of_TMR0_Initialize        (abs)        00000
__size_of_main                   (abs)        00000
_main                            maintext     0061C
btemp                            (abs)        0007E
end_of_initialization            cinit        007FD
intlevel0                        functab      00000
intlevel1                        functab      00000
intlevel2                        functab      00000
intlevel3                        functab      00000
intlevel4                        functab      00000
intlevel5                        functab      00000
ltemp                            (abs)        0007E
ltemp0                           (abs)        0007E
ltemp1                           (abs)        00082
ltemp2                           (abs)        00086
ltemp3                           (abs)        00080
main@CORRECTION_COUNTER          cstackCOMMON 00073
main@DEBOUNCE                    cstackCOMMON 00077
main@HOUR_COUNT                  cstackCOMMON 00079
main@INCREMENT                   bitbssCOMMON 003D8
main@MIN_COUNT                   cstackCOMMON 0007A
main@SEC_COUNT                   cstackCOMMON 00078
main@sec                         cstackCOMMON 00072
reset_vec                        reset_vec    00000
stackhi                          (abs)        023EF
stacklo                          (abs)        02000
start                            init         00002
start_initialization             cinit        007FC
ttemp                            (abs)        0007E
ttemp0                           (abs)        0007E
ttemp1                           (abs)        00081
ttemp2                           (abs)        00084
ttemp3                           (abs)        00087
ttemp4                           (abs)        0007F
wtemp                            (abs)        0007E
wtemp0                           (abs)        0007E
wtemp1                           (abs)        00080
wtemp2                           (abs)        00082
wtemp3                           (abs)        00084
wtemp4                           (abs)        00086
wtemp5                           (abs)        00088
wtemp6                           (abs)        0007F


FUNCTION INFORMATION:

 *************** function _main *****************
 Defined at:
		line 4 in file "main.c"
 Parameters:    Size  Location     Type
		None
 Auto vars:     Size  Location     Type
  CORRECTION_C    4    3[COMMON] long 
  MIN_COUNT       1   10[COMMON] unsigned char 
  HOUR_COUNT      1    9[COMMON] unsigned char 
  SEC_COUNT       1    8[COMMON] unsigned char 
  DEBOUNCE        1    7[COMMON] unsigned char 
  sec             1    2[COMMON] unsigned char 
 Return value:  Size  Location     Type
                  1    wreg      void 
 Registers used:
		wreg, status,2, status,0, pclath, cstack
 Tracked objects:
		On entry : 
		On exit  : 
		Unchanged: 
 Data sizes:     COMMON   BANK0   BANK1   BANK2   BANK3   BANK4   BANK5   BANK6   BANK7   BANK8   BANK9  BANK10  BANK11  BANK12
      Params:         0       0       0       0       0       0       0       0       0       0       0       0       0       0
      Locals:         9       0       0       0       0       0       0       0       0       0       0       0       0       0
      Temps:          1       0       0       0       0       0       0       0       0       0       0       0       0       0
      Totals:        10       0       0       0       0       0       0       0       0       0       0       0       0       0
Total ram usage:       10 bytes
 Hardware stack levels required when called:    2
 This function calls:
		_SYSTEM_Initialize
 This function is called by:
		Startup code after reset
 This function uses a non-reentrant model


 *************** function _SYSTEM_Initialize *****************
 Defined at:
		line 75 in file "system.c"
 Parameters:    Size  Location     Type
		None
 Auto vars:     Size  Location     Type
		None
 Return value:  Size  Location     Type
                  1    wreg      void 
 Registers used:
		wreg, status,2, status,0, pclath, cstack
 Tracked objects:
		On entry : 
		On exit  : 
		Unchanged: 
 Data sizes:     COMMON   BANK0   BANK1   BANK2   BANK3   BANK4   BANK5   BANK6   BANK7   BANK8   BANK9  BANK10  BANK11  BANK12
      Params:         0       0       0       0       0       0       0       0       0       0       0       0       0       0
      Locals:         0       0       0       0       0       0       0       0       0       0       0       0       0       0
      Temps:          0       0       0       0       0       0       0       0       0       0       0       0       0       0
      Totals:         0       0       0       0       0       0       0       0       0       0       0       0       0       0
Total ram usage:        0 bytes
 Hardware stack levels used:    1
 Hardware stack levels required when called:    1
 This function calls:
		_OSCILLATOR_Initialize
		_PIN_MANAGER_Initialize
		_TMR0_Initialize
 This function is called by:
		_main
 This function uses a non-reentrant model


 *************** function _TMR0_Initialize *****************
 Defined at:
		line 4 in file "tmr0.c"
 Parameters:    Size  Location     Type
		None
 Auto vars:     Size  Location     Type
		None
 Return value:  Size  Location     Type
                  1    wreg      void 
 Registers used:
		wreg, status,2
 Tracked objects:
		On entry : 
		On exit  : 
		Unchanged: 
 Data sizes:     COMMON   BANK0   BANK1   BANK2   BANK3   BANK4   BANK5   BANK6   BANK7   BANK8   BANK9  BANK10  BANK11  BANK12
      Params:         0       0       0       0       0       0       0       0       0       0       0       0       0       0
      Locals:         0       0       0       0       0       0       0       0       0       0       0       0       0       0
      Temps:          0       0       0       0       0       0       0       0       0       0       0       0       0       0
      Totals:         0       0       0       0       0       0       0       0       0       0       0       0       0       0
Total ram usage:        0 bytes
 Hardware stack levels used:    1
 This function calls:
		Nothing
 This function is called by:
		_SYSTEM_Initialize
 This function uses a non-reentrant model


 *************** function _PIN_MANAGER_Initialize *****************
 Defined at:
		line 37 in file "system.c"
 Parameters:    Size  Location     Type
		None
 Auto vars:     Size  Location     Type
  state           1    0[COMMON] unsigned char 
 Return value:  Size  Location     Type
                  1    wreg      void 
 Registers used:
		wreg, status,2, status,0
 Tracked objects:
		On entry : 
		On exit  : 
		Unchanged: 
 Data sizes:     COMMON   BANK0   BANK1   BANK2   BANK3   BANK4   BANK5   BANK6   BANK7   BANK8   BANK9  BANK10  BANK11  BANK12
      Params:         0       0       0       0       0       0       0       0       0       0       0       0       0       0
      Locals:         1       0       0       0       0       0       0       0       0       0       0       0       0       0
      Temps:          0       0       0       0       0       0       0       0       0       0       0       0       0       0
      Totals:         1       0       0       0       0       0       0       0       0       0       0       0       0       0
Total ram usage:        1 bytes
 Hardware stack levels used:    1
 This function calls:
		Nothing
 This function is called by:
		_SYSTEM_Initialize
 This function uses a non-reentrant model


 *************** function _OSCILLATOR_Initialize *****************
 Defined at:
		line 83 in file "system.c"
 Parameters:    Size  Location     Type
		None
 Auto vars:     Size  Location     Type
		None
 Return value:  Size  Location     Type
                  1    wreg      void 
 Registers used:
		wreg, status,2
 Tracked objects:
		On entry : 
		On exit  : 
		Unchanged: 
 Data sizes:     COMMON   BANK0   BANK1   BANK2   BANK3   BANK4   BANK5   BANK6   BANK7   BANK8   BANK9  BANK10  BANK11  BANK12
      Params:         0       0       0       0       0       0       0       0       0       0       0       0       0       0
      Locals:         0       0       0       0       0       0       0       0       0       0       0       0       0       0
      Temps:          0       0       0       0       0       0       0       0       0       0       0       0       0       0
      Totals:         0       0       0       0       0       0       0       0       0       0       0       0       0       0
Total ram usage:        0 bytes
 Hardware stack levels used:    1
 This function calls:
		Nothing
 This function is called by:
		_SYSTEM_Initialize
 This function uses a non-reentrant model



MODULE INFORMATION

Module		Function		Class		Link	Load	Size
tmr0.c
		_TMR0_Initialize		CODE           	05D3	0000	13

tmr0.c estimated size: 13

shared
		__initialization		CODE           	07FC	0000	2

shared estimated size: 2

main.c
		_main          		CODE           	061C	0000	481

main.c estimated size: 481

system.c
		_PIN_MANAGER_Initialize		CODE           	05EB	0000	50
		_OSCILLATOR_Initialize		CODE           	05CB	0000	9
		_SYSTEM_Initialize		CODE           	05DF	0000	13

system.c estimated size: 72

