Microchip MPLAB XC8 Compiler V1.45 ()

Linker command line:

-W-3 --edf=C:\Program Files (x86)\Microchip\xc8\v1.45\dat\en_msgs.txt -cs \
  -h+dist/default/production\MPPT_Charger_12V.X.production.sym \
  --cmf=dist/default/production\MPPT_Charger_12V.X.production.cmf -z \
  -Q16F18855 -oC:\Users\DAVE\AppData\Local\Temp\s4l0.2 \
  -Mdist/default/production/MPPT_Charger_12V.X.production.map -E1 -ver=XC8 \
  -ASTACK=020B8h-0225fh -pstack=STACK -ACODE=00h-07FFhx4 \
  -ASTRCODE=00h-01FFFh -ASTRING=00h-0FFhx32 -ACONST=00h-0FFhx32 \
  -AENTRY=00h-0FFhx32 -ACOMMON=070h-07Fh -ABANK0=020h-06Fh \
  -ABANK1=0A0h-0EFh -ABANK2=0120h-016Fh -ABANK3=01A0h-01EFh \
  -ABANK4=0220h-026Fh -ABANK5=02A0h-02EFh -ABANK6=0320h-036Fh \
  -ABANK7=03A0h-03EFh -ABANK8=0420h-046Fh -ABANK9=04A0h-04EFh \
  -ABANK10=0520h-056Fh -ABANK11=05A0h-05EFh -ABANK12=0620h-064Fh \
  -ABIGRAM=02000h-023EFh \
  -ARAM=020h-06Fh,0A0h-0EFh,0120h-016Fh,01A0h-01EFh,0220h-026Fh,02A0h-02EFh,0320h-036Fh,03A0h-03EFh,0420h-046Fh,04A0h-04EFh,0520h-056Fh,05A0h-05EFh,0620h-064Fh \
  -AABS1=020h-07Fh,0A0h-0EFh,0120h-016Fh,01A0h-01EFh,0220h-026Fh,02A0h-02EFh,0320h-036Fh,03A0h-03EFh,0420h-046Fh,04A0h-04EFh,0520h-056Fh,05A0h-05EFh,0620h-064Fh \
  -ASFR0=00h-01Fh -ASFR1=080h-09Fh -ASFR2=0100h-011Fh -ASFR3=0180h-019Fh \
  -ASFR4=0200h-021Fh -ASFR5=0280h-029Fh -ASFR6=0300h-031Fh \
  -ASFR7=0380h-039Fh -ASFR8=0400h-041Fh -ASFR9=0480h-049Fh \
  -ASFR10=0500h-051Fh -ASFR11=0580h-059Fh -ASFR12=0600h-061Fh \
  -ASFR13=0680h-06EFh -ASFR14=0700h-076Fh -ASFR15=0780h-07EFh \
  -ASFR16=0800h-086Fh -ASFR17=0880h-08EFh -ASFR18=0900h-096Fh \
  -ASFR19=0980h-09EFh -ASFR20=0A00h-0A6Fh -ASFR21=0A80h-0AEFh \
  -ASFR22=0B00h-0B6Fh -ASFR23=0B80h-0BEFh -ASFR24=0C00h-0C6Fh \
  -ASFR25=0C80h-0CEFh -ASFR26=0D00h-0D6Fh -ASFR27=0D80h-0DEFh \
  -ASFR28=0E00h-0E6Fh -ASFR29=0E80h-0EEFh -ASFR30=0F00h-0F6Fh \
  -ASFR31=0F80h-0FEFh -preset_vec=00h,intentry,init,end_init -ppowerup=CODE \
  -pcinit=CODE -pfunctab=ENTRY -ACONFIG=08007h-0800Bh -pconfig=CONFIG \
  -DCONFIG=2 -AIDLOC=08000h-08003h -pidloc=IDLOC -DIDLOC=2 \
  -AEEDATA=00h-0FFh/0F000h -peeprom_data=EEDATA -DEEDATA=2 -DCODE=2 \
  -DSTRCODE=2 -DSTRING=2 -DCONST=2 -DENTRY=2 -k \
  C:\Users\DAVE\AppData\Local\Temp\s4l0.obj \
  dist/default/production\MPPT_Charger_12V.X.production.obj 

Object code version is 3.11

Machine type is 16F18855



                Name                               Link     Load   Length Selector   Space Scale
C:\Users\DAVE\AppData\Local\Temp\s4l0.obj
                end_init                              2        2        2        0       0
                reset_vec                             0        0        2        0       0
                config                             8007     8007        5    1000E       0
dist/default/production\MPPT_Charger_12V.X.production.obj
                cinit                               7BF      7BF       41      F7E       0
                text42                             1735     1735       64     2E6A       0
                text41                             13D3     13D3       20     27A6       0
                text40                              B11      B11       B4     1622       0
                text39                              931      931       87     1262       0
                text38                              146      146      17F      28C       0
                text37                             13F3     13F3       25     27E6       0
                text36                             137B     137B       1B     26F6       0
                text35                             1681     1681       54     2D02       0
                text34                             1630     1630       51     2C60       0
                text33                              801      801       2C     1002       0
                text32                              BC5      BC5       B9     178A       0
                text31                             1311     1311       14     2622       0
                text30                             134F     134F       16     269E       0
                text29                             1365     1365       16     26CA       0
                text28                             13B4     13B4       1F     2768       0
                text27                             1799     1799       67     2F32       0
                text26                             12FE     12FE       13     25FC       0
                text25                             1418     1418       26     2830       0
                text24                             1475     1475       3B     28EA       0
                text23                             12CD     12CD        9     259A       0
                text22                             143E     143E       37     287C       0
                text21                             1325     1325       15     264A       0
                text20                             12E2     12E2        E     25C4       0
                text19                             12F0     12F0        E     25E0       0
                text18                             14B0     14B0       3B     2960       0
                text17                              9B8      9B8       A9     1370       0
                text16                             1561     1561       45     2AC2       0
                text15                             15A6     15A6       45     2B4C       0
                text14                             15EB     15EB       45     2BD6       0
                text13                                B        B       45       16       0
                text12                              EB1      EB1      14F     1D62       0
                text11                             133A     133A       15     2674       0
                text10                              82D      82D       82     105A       0
                text9                               8AF      8AF       82     115E       0
                text8                               D65      D65      14C     1ACA       0
                text7                                50       50       F6       A0       0
                text6                              1396     1396       1E     272C       0
                text5                              14EB     14EB       3B     29D6       0
                text4                              16D5     16D5       60     2DAA       0
                text3                              1526     1526       3B     2A4C       0
                text2                               A61      A61       B0     14C2       0
                text1                               C7E      C7E       E7     18FC       0
                maintext                            2C5      2C5      4FA      58A       0
                cstackBANK0                          20       20       4F       20       1
                cstackCOMMON                         70       70        E       70       1
                clrtext                            12D6     12D6        C     25AC       0
                dataBANK2                           130      130        8      120       1
                bssBANK2                            120      120       10      120       1
                dataBANK1                            ED       ED        2       A0       1
                bssBANK1                             A0       A0       4D       A0       1
                stringtext4                        1825     1825        4     3000       0
                stringtext3                        1820     1820        5     3000       0
                stringtext2                        1800     1800       20     3000       0
                stringtext1                        1000     1000      12F     2000       0
                idataBANK2                         12C5     12C5        8     258A       0
                idataBANK1                            9        9        2       12       0

TOTAL           Name                               Link     Load   Length     Space
        CLASS   STACK          

        CLASS   CODE           
                end_init                              2        2        2         0
                cinit                               7BF      7BF       41         0
                reset_vec                             0        0        2         0
                text42                             1735     1735       64         0
                text41                             13D3     13D3       20         0
                text40                              B11      B11       B4         0
                text39                              931      931       87         0
                text38                              146      146      17F         0
                text37                             13F3     13F3       25         0
                text36                             137B     137B       1B         0
                text35                             1681     1681       54         0
                text34                             1630     1630       51         0
                text33                              801      801       2C         0
                text32                              BC5      BC5       B9         0
                text31                             1311     1311       14         0
                text30                             134F     134F       16         0
                text29                             1365     1365       16         0
                text28                             13B4     13B4       1F         0
                text27                             1799     1799       67         0
                text26                             12FE     12FE       13         0
                text25                             1418     1418       26         0
                text24                             1475     1475       3B         0
                text23                             12CD     12CD        9         0
                text22                             143E     143E       37         0
                text21                             1325     1325       15         0
                text20                             12E2     12E2        E         0
                text19                             12F0     12F0        E         0
                text18                             14B0     14B0       3B         0
                text17                              9B8      9B8       A9         0
                text16                             1561     1561       45         0
                text15                             15A6     15A6       45         0
                text14                             15EB     15EB       45         0
                text13                                B        B       45         0
                text12                              EB1      EB1      14F         0
                text11                             133A     133A       15         0
                text10                              82D      82D       82         0
                text9                               8AF      8AF       82         0
                text8                               D65      D65      14C         0
                text7                                50       50       F6         0
                text6                              1396     1396       1E         0
                text5                              14EB     14EB       3B         0
                text4                              16D5     16D5       60         0
                text3                              1526     1526       3B         0
                text2                               A61      A61       B0         0
                text1                               C7E      C7E       E7         0
                maintext                            2C5      2C5      4FA         0
                clrtext                            12D6     12D6        C         0
                idataBANK2                         12C5     12C5        8         0
                idataBANK1                            9        9        2         0

        CLASS   STRCODE        
                stringtext4                        1825     1825        4         0
                stringtext3                        1820     1820        5         0
                stringtext2                        1800     1800       20         0
                stringtext1                        1000     1000      12F         0

        CLASS   STRING         

        CLASS   CONST          

        CLASS   ENTRY          

        CLASS   COMMON         
                cstackCOMMON                         70       70        E         1

        CLASS   BANK0          
                cstackBANK0                          20       20       4F         1

        CLASS   BANK1          
                dataBANK1                            ED       ED        2         1
                bssBANK1                             A0       A0       4D         1

        CLASS   BANK2          
                dataBANK2                           130      130        8         1
                bssBANK2                            120      120       10         1

        CLASS   BANK3          

        CLASS   BANK4          

        CLASS   BANK5          

        CLASS   BANK6          

        CLASS   BANK7          

        CLASS   BANK8          

        CLASS   BANK9          

        CLASS   BANK10         

        CLASS   BANK11         

        CLASS   BANK12         

        CLASS   BIGRAM         

        CLASS   RAM            

        CLASS   ABS1           
                abs_s1                               7E       7E        2         1
                abs_s1                              3D0      3D0       20         1
                abs_s1                              420      420       50         1
                abs_s1                              4A0      4A0       50         1
                abs_s1                              520      520       50         1
                abs_s1                              5A0      5A0       50         1
                abs_s1                              620      620       30         1
                abs_s1                             2260     2260        0         1

        CLASS   SFR0           

        CLASS   SFR1           

        CLASS   SFR2           

        CLASS   SFR3           

        CLASS   SFR4           

        CLASS   SFR5           

        CLASS   SFR6           

        CLASS   SFR7           

        CLASS   SFR8           

        CLASS   SFR9           

        CLASS   SFR10          

        CLASS   SFR11          

        CLASS   SFR12          

        CLASS   SFR13          

        CLASS   SFR14          

        CLASS   SFR15          

        CLASS   SFR16          

        CLASS   SFR17          

        CLASS   SFR18          

        CLASS   SFR19          

        CLASS   SFR20          

        CLASS   SFR21          

        CLASS   SFR22          

        CLASS   SFR23          

        CLASS   SFR24          

        CLASS   SFR25          

        CLASS   SFR26          

        CLASS   SFR27          

        CLASS   SFR28          

        CLASS   SFR29          

        CLASS   SFR30          

        CLASS   SFR31          

        CLASS   CONFIG         
                config                             8007     8007        5         0

        CLASS   IDLOC          

        CLASS   EEDATA         

        CLASS   BANK31         

        CLASS   BANK30         

        CLASS   BANK29         

        CLASS   BANK28         

        CLASS   BANK27         

        CLASS   BANK26         

        CLASS   BANK25         

        CLASS   BANK24         

        CLASS   BANK23         

        CLASS   BANK22         

        CLASS   BANK21         

        CLASS   BANK20         

        CLASS   BANK19         

        CLASS   BANK18         

        CLASS   BANK17         

        CLASS   BANK16         

        CLASS   BANK15         

        CLASS   BANK14         

        CLASS   BANK13         



SEGMENTS        Name                           Load    Length   Top    Selector   Space  Class     Delta

                reset_vec                      000000  000004  000004         0       0  CODE        2
                idataBANK1                     000009  000002  00000B        12       0  CODE        2
                text13                         00000B  000045  000050        16       0  CODE        2
                cstackBANK0                    000020  00004F  00006F        20       1  BANK0       1
                cstackCOMMON                   000070  00000E  00007E        70       1  COMMON      1
                bssBANK1                       0000A0  00004F  0000EF        A0       1  BANK1       1
                text7                          000050  0000F6  000146        A0       0  CODE        2
                bssBANK2                       000120  000018  000138       120       1  BANK2       1
                text38                         000146  00017F  0002C5       28C       0  CODE        2
                maintext                       0002C5  0004FA  0007BF       58A       0  CODE        2
                cinit                          0007BF  000041  000800       F7E       0  CODE        2
                text33                         000801  00002C  00082D      1002       0  CODE        2
                text10                         00082D  000082  0008AF      105A       0  CODE        2
                text9                          0008AF  000082  000931      115E       0  CODE        2
                text39                         000931  000087  0009B8      1262       0  CODE        2
                text17                         0009B8  0000A9  000A61      1370       0  CODE        2
                text2                          000A61  0000B0  000B11      14C2       0  CODE        2
                text40                         000B11  0000B4  000BC5      1622       0  CODE        2
                text32                         000BC5  0000B9  000C7E      178A       0  CODE        2
                text1                          000C7E  0000E7  000D65      18FC       0  CODE        2
                text8                          000D65  00014C  000EB1      1ACA       0  CODE        2
                text12                         000EB1  00014F  001000      1D62       0  CODE        2
                stringtext1                    001000  00012F  00112F      2000       0  STRCODE     2
                idataBANK2                     0012C5  000008  0012CD      258A       0  CODE        2
                text23                         0012CD  000009  0012D6      259A       0  CODE        2
                clrtext                        0012D6  00000C  0012E2      25AC       0  CODE        2
                text20                         0012E2  00000E  0012F0      25C4       0  CODE        2
                text19                         0012F0  00000E  0012FE      25E0       0  CODE        2
                text26                         0012FE  000013  001311      25FC       0  CODE        2
                text31                         001311  000014  001325      2622       0  CODE        2
                text21                         001325  000015  00133A      264A       0  CODE        2
                text11                         00133A  000015  00134F      2674       0  CODE        2
                text30                         00134F  000016  001365      269E       0  CODE        2
                text29                         001365  000016  00137B      26CA       0  CODE        2
                text36                         00137B  00001B  001396      26F6       0  CODE        2
                text6                          001396  00001E  0013B4      272C       0  CODE        2
                text28                         0013B4  00001F  0013D3      2768       0  CODE        2
                text41                         0013D3  000020  0013F3      27A6       0  CODE        2
                text37                         0013F3  000025  001418      27E6       0  CODE        2
                text25                         001418  000026  00143E      2830       0  CODE        2
                text22                         00143E  000037  001475      287C       0  CODE        2
                text24                         001475  00003B  0014B0      28EA       0  CODE        2
                text18                         0014B0  00003B  0014EB      2960       0  CODE        2
                text5                          0014EB  00003B  001526      29D6       0  CODE        2
                text3                          001526  00003B  001561      2A4C       0  CODE        2
                text16                         001561  000045  0015A6      2AC2       0  CODE        2
                text15                         0015A6  000045  0015EB      2B4C       0  CODE        2
                text14                         0015EB  000045  001630      2BD6       0  CODE        2
                text34                         001630  000051  001681      2C60       0  CODE        2
                text35                         001681  000054  0016D5      2D02       0  CODE        2
                text4                          0016D5  000060  001735      2DAA       0  CODE        2
                text42                         001735  000064  001799      2E6A       0  CODE        2
                text27                         001799  000067  001800      2F32       0  CODE        2
                stringtext2                    001800  000029  001829      3000       0  STRCODE     2
                config                         008007  000005  00800C     1000E       0  CONFIG      2


UNUSED ADDRESS RANGES

        Name                Unused          Largest block    Delta
        BANK0            0006F-0006F               1           1
        BANK1            000EF-000EF               1           1
        BANK2            00138-0016F              38           1
        BANK3            001A0-001EF              50           1
        BANK4            00220-0026F              50           1
        BANK5            002A0-002EF              50           1
        BANK6            00320-0036F              50           1
        BANK7            003A0-003CF              30           1
        BIGRAM           02000-023EF             3F0           1
        CODE             00004-00008               5           2
                         00800-00800               1
                         0112F-012C4             196
                         01829-01FFF             7D7
        CONST            00004-00008               5           2
                         00800-00800               1
                         0112F-012C4              D1
                         01829-01FFF             100
        EEDATA           0F000-0F0FF             100           2
        ENTRY            00004-00008               5           2
                         00800-00800               1
                         0112F-012C4              D1
                         01829-01FFF             100
        IDLOC            08000-08003               4           2
        RAM              0006F-0006F               1           1
                         000EF-000EF               1
                         00138-0016F              38
                         001A0-001EF              50
                         00220-0026F              50
                         002A0-002EF              50
                         00320-0036F              50
                         003A0-003CF              30
        SFR0             00000-0001F              20           1
        SFR1             00080-0009F              20           1
        SFR10            00500-0051F              20           1
        SFR11            00580-0059F              20           1
        SFR12            00600-0061F              20           1
        SFR13            00680-006EF              70           1
        SFR14            00700-0076F              70           1
        SFR15            00780-007EF              70           1
        SFR16            00800-0086F              70           1
        SFR17            00880-008EF              70           1
        SFR18            00900-0096F              70           1
        SFR19            00980-009EF              70           1
        SFR2             00100-0011F              20           1
        SFR20            00A00-00A6F              70           1
        SFR21            00A80-00AEF              70           1
        SFR22            00B00-00B6F              70           1
        SFR23            00B80-00BEF              70           1
        SFR24            00C00-00C6F              70           1
        SFR25            00C80-00CEF              70           1
        SFR26            00D00-00D6F              70           1
        SFR27            00D80-00DEF              70           1
        SFR28            00E00-00E6F              70           1
        SFR29            00E80-00EEF              70           1
        SFR3             00180-0019F              20           1
        SFR30            00F00-00F6F              70           1
        SFR31            00F80-00FEF              70           1
        SFR4             00200-0021F              20           1
        SFR5             00280-0029F              20           1
        SFR6             00300-0031F              20           1
        SFR7             00380-0039F              20           1
        SFR8             00400-0041F              20           1
        SFR9             00480-0049F              20           1
        STACK            020B8-0225F             1A8           1
        STRCODE          00004-00008               5           2
                         00800-00800               1
                         0112F-012C4             196
                         01829-01FFF             7D7
        STRING           00004-00008               5           2
                         00800-00800               1
                         0112F-012C4              D1
                         01829-01FFF             100

                                  Symbol Table

?_ADCRead                            cstackCOMMON 00070
?___aldiv                            cstackCOMMON 00070
?___awdiv                            cstackCOMMON 00070
?___awtoft                           cstackCOMMON 00078
?___ftadd                            cstackBANK0  00030
?___ftdiv                            cstackBANK0  00020
?___ftmul                            cstackBANK0  00020
?___ftpack                           cstackCOMMON 00070
?___ftsub                            cstackBANK0  0003D
?___fttol                            cstackBANK0  00030
?___lwmod                            cstackCOMMON 00070
?___wmul                             cstackCOMMON 00070
?_eval_poly                          cstackBANK0  0003D
?_frexp                              cstackCOMMON 00070
?_log                                cstackBANK0  00047
?_readIAnalog                        cstackBANK0  00026
?_tempCalc                           cstackBANK0  0004D
ADCRead@channel                      cstackCOMMON 00073
Battery_State_Machine@z              cstackBANK0  00043
Init_Battery_State_Machine@z         cstackBANK0  00042
LCDClear@index                       cstackCOMMON 00079
LCDWrite@d                           cstackCOMMON 00073
LCDWrite@data                        cstackCOMMON 00070
LCDWrite@data_or_command             cstackCOMMON 00072
LCDWrite@i                           cstackCOMMON 00074
LCDWriteCharacter@base               cstackCOMMON 0007A
LCDWriteCharacter@character          cstackCOMMON 00079
LCDWriteInt@F14388                   bssBANK1     000C0
LCDWriteInt@fieldLength              cstackBANK0  00022
LCDWriteInt@i                        cstackBANK0  0002F
LCDWriteInt@j                        cstackBANK0  0002E
LCDWriteInt@numPlaces                cstackBANK0  00023
LCDWriteInt@sign                     cstackBANK0  00024
LCDWriteInt@str                      cstackBANK0  00029
LCDWriteInt@value                    cstackBANK0  00020
LCDWriteString@characters            cstackCOMMON 0007C
PIN_MANAGER_Initialize@state         cstackCOMMON 00070
PWM6_LoadDutyValue@dutyCycle6        cstackCOMMON 00070
PWM7_LoadDutyValue@dutyCycle7        cstackCOMMON 00070
_ADACQ                               (abs)        0009D
_ADACT                               (abs)        00099
_ADCAP                               (abs)        0009B
_ADCLK                               (abs)        00098
_ADCON0                              (abs)        00093
_ADCON0bits                          (abs)        00093
_ADCON1                              (abs)        00094
_ADCON2                              (abs)        00095
_ADCON3                              (abs)        00096
_ADCRead                             text11       0133A
_ADC_Initialize                      text28       013B4
_ADLTHH                              (abs)        0010F
_ADLTHL                              (abs)        0010E
_ADPCH                               (abs)        0009E
_ADPRE                               (abs)        0009C
_ADREF                               (abs)        0009A
_ADRESH                              (abs)        0008D
_ADRESL                              (abs)        0008C
_ADRPT                               (abs)        0010D
_ADSTAT                              (abs)        00097
_ADSTPTH                             (abs)        00113
_ADSTPTL                             (abs)        00112
_ADUTHH                              (abs)        00111
_ADUTHL                              (abs)        00110
_ANSELA                              (abs)        00F38
_ANSELB                              (abs)        00F43
_ANSELC                              (abs)        00F4E
_Battery_State_Machine               text38       00146
_CCPTMRS1bits                        (abs)        0021F
_FVRCON                              (abs)        0090C
_GIE                                 (abs)        0005F
_Ianalogs                            bssBANK1     000A0
_Imin                                bssBANK1     000D5
_IminCount                           bssBANK1     000D1
_Imode                               bssBANK1     000E1
_Init_Battery_State_Machine          text27       01799
_Iref                                bssBANK1     000CD
_LATA                                (abs)        00016
_LATA5                               (abs)        000B5
_LATAbits                            (abs)        00016
_LATB                                (abs)        00017
_LATC                                (abs)        00018
_LCDClear                            text25       01418
_LCDInit                             text24       01475
_LCDWrite                            text37       013F3
_LCDWriteCharacter                   text35       01681
_LCDWriteInt                         text32       00BC5
_LCDWriteString                      text31       01311
_OSCCON1                             (abs)        0088D
_OSCCON3                             (abs)        0088F
_OSCEN                               (abs)        00891
_OSCFRQ                              (abs)        00893
_OSCILLATOR_Initialize               text23       012CD
_OSCTUNE                             (abs)        00892
_PIE0bits                            (abs)        00716
_PIN_MANAGER_Initialize              text22       0143E
_PIR4bits                            (abs)        00710
_PPSLOCK                             (abs)        00E8F
_PPSLOCKbits                         (abs)        00E8F
_PWM6CON                             (abs)        0038E
_PWM6DCH                             (abs)        0038D
_PWM6DCL                             (abs)        0038C
_PWM6_LoadDutyValue                  text30       0134F
_PWM7CON                             (abs)        00392
_PWM7DCH                             (abs)        00391
_PWM7DCL                             (abs)        00390
_PWM7_LoadDutyValue                  text29       01365
_PWM_Initialize                      text21       01325
_RA6PPS                              (abs)        00F16
_RA7PPS                              (abs)        00F17
_RB0PPS                              (abs)        00F18
_RB2                                 (abs)        0006A
_SYSTEM_Initialize                   text18       014B0
_T2CLKCON                            (abs)        00290
_T2CON                               (abs)        0028E
_T2CONbits                           (abs)        0028E
_T2HLT                               (abs)        0028F
_T2PR                                (abs)        0028D
_T2RST                               (abs)        00291
_T2TMR                               (abs)        0028C
_T4CLKCON                            (abs)        00296
_T4CON                               (abs)        00294
_T4CONbits                           (abs)        00294
_T4HLT                               (abs)        00295
_T4PR                                (abs)        00293
_T4RST                               (abs)        00297
_T4TMR                               (abs)        00292
_TMR2_Initialize                     text20       012E2
_TMR4_Initialize                     text19       012F0
_TRISA                               (abs)        00011
_TRISAbits                           (abs)        00011
_TRISB                               (abs)        00012
_TRISC                               (abs)        00013
_VHoldMode                           bssBANK1     000DD
_Vanalogs                            bssBANK1     000A8
_Vref                                bssBANK1     000C5
_WPUA                                (abs)        00F39
_WPUB                                (abs)        00F44
_WPUC                                (abs)        00F4F
_WPUE                                (abs)        00F65
__CFG_BOREN$ON                       (abs)        00000
__CFG_BORV$LO                        (abs)        00000
__CFG_CLKOUTEN$OFF                   (abs)        00000
__CFG_CP$OFF                         (abs)        00000
__CFG_CPD$OFF                        (abs)        00000
__CFG_CSWEN$ON                       (abs)        00000
__CFG_FCMEN$ON                       (abs)        00000
__CFG_FEXTOSC$OFF                    (abs)        00000
__CFG_LPBOREN$OFF                    (abs)        00000
__CFG_LVP$ON                         (abs)        00000
__CFG_MCLRE$ON                       (abs)        00000
__CFG_PPS1WAY$ON                     (abs)        00000
__CFG_PWRTE$OFF                      (abs)        00000
__CFG_RSTOSC$HFINT32                 (abs)        00000
__CFG_SCANE$not_available            (abs)        00000
__CFG_STVREN$ON                      (abs)        00000
__CFG_WDTCCS$SC                      (abs)        00000
__CFG_WDTCPS$WDTCPS_31               (abs)        00000
__CFG_WDTCWS$WDTCWS_7                (abs)        00000
__CFG_WDTE$OFF                       (abs)        00000
__CFG_WRT$OFF                        (abs)        00000
__CFG_ZCD$OFF                        (abs)        00000
__Habs1                              abs1         00000
__Hbank0                             bank0        00000
__Hbank1                             bank1        00000
__Hbank10                            bank10       00000
__Hbank11                            bank11       00000
__Hbank12                            bank12       00000
__Hbank13                            bank13       00000
__Hbank14                            bank14       00000
__Hbank15                            bank15       00000
__Hbank16                            bank16       00000
__Hbank17                            bank17       00000
__Hbank18                            bank18       00000
__Hbank19                            bank19       00000
__Hbank2                             bank2        00000
__Hbank20                            bank20       00000
__Hbank21                            bank21       00000
__Hbank22                            bank22       00000
__Hbank23                            bank23       00000
__Hbank24                            bank24       00000
__Hbank25                            bank25       00000
__Hbank26                            bank26       00000
__Hbank27                            bank27       00000
__Hbank28                            bank28       00000
__Hbank29                            bank29       00000
__Hbank3                             bank3        00000
__Hbank30                            bank30       00000
__Hbank31                            bank31       00000
__Hbank4                             bank4        00000
__Hbank5                             bank5        00000
__Hbank6                             bank6        00000
__Hbank7                             bank7        00000
__Hbank8                             bank8        00000
__Hbank9                             bank9        00000
__Hbigram                            bigram       00000
__HbssBANK1                          bssBANK1     00000
__HbssBANK2                          bssBANK2     00000
__Hcinit                             cinit        00800
__Hclrtext                           clrtext      00000
__Hcode                              code         00000
__Hcommon                            common       00000
__Hconfig                            config       0800C
__HcstackBANK0                       cstackBANK0  00000
__HcstackCOMMON                      cstackCOMMON 00000
__HdataBANK1                         dataBANK1    00000
__HdataBANK2                         dataBANK2    00000
__Heeprom_data                       eeprom_data  00000
__Hend_init                          end_init     00004
__Hfunctab                           functab      00000
__HidataBANK1                        idataBANK1   00000
__HidataBANK2                        idataBANK2   00000
__Hidloc                             idloc        00000
__Hinit                              init         00002
__Hintentry                          intentry     00002
__Hmaintext                          maintext     00000
__Hpowerup                           powerup      00000
__Hram                               ram          00000
__Hreset_vec                         reset_vec    00002
__Hsfr0                              sfr0         00000
__Hsfr1                              sfr1         00000
__Hsfr10                             sfr10        00000
__Hsfr11                             sfr11        00000
__Hsfr12                             sfr12        00000
__Hsfr13                             sfr13        00000
__Hsfr14                             sfr14        00000
__Hsfr15                             sfr15        00000
__Hsfr16                             sfr16        00000
__Hsfr17                             sfr17        00000
__Hsfr18                             sfr18        00000
__Hsfr19                             sfr19        00000
__Hsfr2                              sfr2         00000
__Hsfr20                             sfr20        00000
__Hsfr21                             sfr21        00000
__Hsfr22                             sfr22        00000
__Hsfr23                             sfr23        00000
__Hsfr24                             sfr24        00000
__Hsfr25                             sfr25        00000
__Hsfr26                             sfr26        00000
__Hsfr27                             sfr27        00000
__Hsfr28                             sfr28        00000
__Hsfr29                             sfr29        00000
__Hsfr3                              sfr3         00000
__Hsfr30                             sfr30        00000
__Hsfr31                             sfr31        00000
__Hsfr4                              sfr4         00000
__Hsfr5                              sfr5         00000
__Hsfr6                              sfr6         00000
__Hsfr7                              sfr7         00000
__Hsfr8                              sfr8         00000
__Hsfr9                              sfr9         00000
__Hspace_0                           (abs)        0800C
__Hspace_1                           (abs)        00138
__Hspace_2                           (abs)        00000
__Hspace_3                           (abs)        00000
__Hstack                             stack        00000
__Hstrings                           strings      00000
__Hstringtext1                       stringtext1  00000
__Hstringtext2                       stringtext2  00000
__Hstringtext3                       stringtext3  00000
__Hstringtext4                       stringtext4  00000
__Hstringtext5                       stringtext5  00000
__Htext                              text         00000
__Labs1                              abs1         00000
__Lbank0                             bank0        00000
__Lbank1                             bank1        00000
__Lbank10                            bank10       00000
__Lbank11                            bank11       00000
__Lbank12                            bank12       00000
__Lbank13                            bank13       00000
__Lbank14                            bank14       00000
__Lbank15                            bank15       00000
__Lbank16                            bank16       00000
__Lbank17                            bank17       00000
__Lbank18                            bank18       00000
__Lbank19                            bank19       00000
__Lbank2                             bank2        00000
__Lbank20                            bank20       00000
__Lbank21                            bank21       00000
__Lbank22                            bank22       00000
__Lbank23                            bank23       00000
__Lbank24                            bank24       00000
__Lbank25                            bank25       00000
__Lbank26                            bank26       00000
__Lbank27                            bank27       00000
__Lbank28                            bank28       00000
__Lbank29                            bank29       00000
__Lbank3                             bank3        00000
__Lbank30                            bank30       00000
__Lbank31                            bank31       00000
__Lbank4                             bank4        00000
__Lbank5                             bank5        00000
__Lbank6                             bank6        00000
__Lbank7                             bank7        00000
__Lbank8                             bank8        00000
__Lbank9                             bank9        00000
__Lbigram                            bigram       00000
__LbssBANK1                          bssBANK1     00000
__LbssBANK2                          bssBANK2     00000
__Lcinit                             cinit        007BF
__Lclrtext                           clrtext      00000
__Lcode                              code         00000
__Lcommon                            common       00000
__Lconfig                            config       08007
__LcstackBANK0                       cstackBANK0  00000
__LcstackCOMMON                      cstackCOMMON 00000
__LdataBANK1                         dataBANK1    00000
__LdataBANK2                         dataBANK2    00000
__Leeprom_data                       eeprom_data  00000
__Lend_init                          end_init     00002
__Lfunctab                           functab      00000
__LidataBANK1                        idataBANK1   00000
__LidataBANK2                        idataBANK2   00000
__Lidloc                             idloc        00000
__Linit                              init         00002
__Lintentry                          intentry     00002
__Lmaintext                          maintext     00000
__Lpowerup                           powerup      00000
__Lram                               ram          00000
__Lreset_vec                         reset_vec    00000
__Lsfr0                              sfr0         00000
__Lsfr1                              sfr1         00000
__Lsfr10                             sfr10        00000
__Lsfr11                             sfr11        00000
__Lsfr12                             sfr12        00000
__Lsfr13                             sfr13        00000
__Lsfr14                             sfr14        00000
__Lsfr15                             sfr15        00000
__Lsfr16                             sfr16        00000
__Lsfr17                             sfr17        00000
__Lsfr18                             sfr18        00000
__Lsfr19                             sfr19        00000
__Lsfr2                              sfr2         00000
__Lsfr20                             sfr20        00000
__Lsfr21                             sfr21        00000
__Lsfr22                             sfr22        00000
__Lsfr23                             sfr23        00000
__Lsfr24                             sfr24        00000
__Lsfr25                             sfr25        00000
__Lsfr26                             sfr26        00000
__Lsfr27                             sfr27        00000
__Lsfr28                             sfr28        00000
__Lsfr29                             sfr29        00000
__Lsfr3                              sfr3         00000
__Lsfr30                             sfr30        00000
__Lsfr31                             sfr31        00000
__Lsfr4                              sfr4         00000
__Lsfr5                              sfr5         00000
__Lsfr6                              sfr6         00000
__Lsfr7                              sfr7         00000
__Lsfr8                              sfr8         00000
__Lsfr9                              sfr9         00000
__Lspace_0                           (abs)        00000
__Lspace_1                           (abs)        00000
__Lspace_2                           (abs)        00000
__Lspace_3                           (abs)        00000
__Lstack                             stack        00000
__Lstrings                           strings      00000
__Lstringtext1                       stringtext1  00000
__Lstringtext2                       stringtext2  00000
__Lstringtext3                       stringtext3  00000
__Lstringtext4                       stringtext4  00000
__Lstringtext5                       stringtext5  00000
__Ltext                              text         00000
__S0                                 (abs)        0800C
__S1                                 (abs)        00138
__S2                                 (abs)        00000
__S3                                 (abs)        00000
___aldiv                             text9        008AF
___aldiv@counter                     cstackBANK0  00020
___aldiv@dividend                    cstackCOMMON 00074
___aldiv@divisor                     cstackCOMMON 00070
___aldiv@quotient                    cstackBANK0  00022
___aldiv@sign                        cstackBANK0  00021
___awdiv                             text34       01630
___awdiv@counter                     cstackCOMMON 00075
___awdiv@dividend                    cstackCOMMON 00072
___awdiv@divisor                     cstackCOMMON 00070
___awdiv@quotient                    cstackCOMMON 00077
___awdiv@sign                        cstackCOMMON 00076
___awtoft                            text41       013D3
___awtoft@c                          cstackCOMMON 00078
___awtoft@sign                       cstackCOMMON 0007D
___ftadd                             text7        00050
___ftadd@exp1                        cstackBANK0  0003C
___ftadd@exp2                        cstackBANK0  0003B
___ftadd@f1                          cstackBANK0  00030
___ftadd@f2                          cstackBANK0  00033
___ftadd@sign                        cstackBANK0  0003A
___ftdiv                             text17       009B8
___ftdiv@cntr                        cstackBANK0  0002A
___ftdiv@exp                         cstackBANK0  0002E
___ftdiv@f1                          cstackBANK0  00023
___ftdiv@f2                          cstackBANK0  00020
___ftdiv@f3                          cstackBANK0  0002B
___ftdiv@sign                        cstackBANK0  0002F
___ftge                              text5        014EB
___ftge@ff1                          cstackCOMMON 00070
___ftge@ff2                          cstackCOMMON 00073
___ftmul                             text40       00B11
___ftmul@cntr                        cstackBANK0  0002E
___ftmul@exp                         cstackBANK0  0002A
___ftmul@f1                          cstackBANK0  00020
___ftmul@f2                          cstackBANK0  00023
___ftmul@f3_as_product               cstackBANK0  0002B
___ftmul@sign                        cstackBANK0  0002F
___ftpack                            text42       01735
___ftpack@arg                        cstackCOMMON 00070
___ftpack@exp                        cstackCOMMON 00073
___ftpack@sign                       cstackCOMMON 00074
___ftsub                             text6        01396
___ftsub@f1                          cstackBANK0  00040
___ftsub@f2                          cstackBANK0  0003D
___fttol                             text39       00931
___fttol@exp1                        cstackBANK0  0003D
___fttol@f1                          cstackBANK0  00030
___fttol@lval                        cstackBANK0  00039
___fttol@sign1                       cstackBANK0  00038
___int_sp                            stack        00000
___latbits                           (abs)        00002
___lwmod                             text33       00801
___lwmod@counter                     cstackCOMMON 00075
___lwmod@dividend                    cstackCOMMON 00072
___lwmod@divisor                     cstackCOMMON 00070
___sp                                stack        00000
___wmul                              text36       0137B
___wmul@multiplicand                 cstackCOMMON 00072
___wmul@multiplier                   cstackCOMMON 00070
___wmul@product                      cstackCOMMON 00074
__end_of_ADCRead                     text11       0134F
__end_of_ADC_Initialize              text28       013D3
__end_of_Battery_State_Machine       text38       002C5
__end_of_Init_Battery_State_Machine  text27       01800
__end_of_LCDClear                    text25       0143E
__end_of_LCDInit                     text24       014B0
__end_of_LCDWrite                    text37       01418
__end_of_LCDWriteCharacter           text35       016D5
__end_of_LCDWriteInt                 text32       00C7E
__end_of_LCDWriteString              text31       01325
__end_of_OSCILLATOR_Initialize       text23       012D6
__end_of_PIN_MANAGER_Initialize      text22       01475
__end_of_PWM6_LoadDutyValue          text30       01365
__end_of_PWM7_LoadDutyValue          text29       0137B
__end_of_PWM_Initialize              text21       0133A
__end_of_SYSTEM_Initialize           text18       014EB
__end_of_TMR2_Initialize             text20       012F0
__end_of_TMR4_Initialize             text19       012FE
__end_of___aldiv                     text9        00931
__end_of___awdiv                     text34       01681
__end_of___awtoft                    text41       013F3
__end_of___ftadd                     text7        00146
__end_of___ftdiv                     text17       00A61
__end_of___ftge                      text5        01526
__end_of___ftmul                     text40       00BC5
__end_of___ftpack                    text42       01799
__end_of___ftsub                     text6        013B4
__end_of___fttol                     text39       009B8
__end_of___lwmod                     text33       0082D
__end_of___wmul                      text36       01396
__end_of__initialization             cinit        007FD
__end_of_calculateCurrent0           text16       015A6
__end_of_calculateCurrent1           text15       015EB
__end_of_calculateCurrent2           text14       01630
__end_of_calculateCurrent3           text13       00050
__end_of_cc_cv_mode                  text12       01000
__end_of_eval_poly                   text4        01735
__end_of_fonts                       stringtext1  0112F
__end_of_frexp                       text3        01561
__end_of_gotoXY                      text26       01311
__end_of_log                         text2        00B11
__end_of_main                        maintext     007BF
__end_of_readButton                  text10       008AF
__end_of_readIAnalog                 text8        00EB1
__end_of_tempCalc                    text1        00D65
__end_oflog@coeff                    stringtext2  0181B
__initialization                     cinit        007BF
__pbssBANK1                          bssBANK1     000A0
__pbssBANK2                          bssBANK2     00120
__pbssBIGRAM                         (abs)        02260
__pcstackBANK0                       cstackBANK0  00020
__pcstackCOMMON                      cstackCOMMON 00070
__pdataBANK1                         dataBANK1    000ED
__pdataBANK2                         dataBANK2    00130
__pidataBANK1                        idataBANK1   00009
__pidataBANK2                        idataBANK2   012C5
__pmaintext                          maintext     002C5
__pstringtext1                       stringtext1  01000
__pstringtext2                       stringtext2  01800
__pstringtext3                       stringtext3  01820
__pstringtext4                       stringtext4  01825
__pstringtext5                       stringtext5  00000
__ptext1                             text1        00C7E
__ptext10                            text10       0082D
__ptext11                            text11       0133A
__ptext12                            text12       00EB1
__ptext13                            text13       0000B
__ptext14                            text14       015EB
__ptext15                            text15       015A6
__ptext16                            text16       01561
__ptext17                            text17       009B8
__ptext18                            text18       014B0
__ptext19                            text19       012F0
__ptext2                             text2        00A61
__ptext20                            text20       012E2
__ptext21                            text21       01325
__ptext22                            text22       0143E
__ptext23                            text23       012CD
__ptext24                            text24       01475
__ptext25                            text25       01418
__ptext26                            text26       012FE
__ptext27                            text27       01799
__ptext28                            text28       013B4
__ptext29                            text29       01365
__ptext3                             text3        01526
__ptext30                            text30       0134F
__ptext31                            text31       01311
__ptext32                            text32       00BC5
__ptext33                            text33       00801
__ptext34                            text34       01630
__ptext35                            text35       01681
__ptext36                            text36       0137B
__ptext37                            text37       013F3
__ptext38                            text38       00146
__ptext39                            text39       00931
__ptext4                             text4        016D5
__ptext40                            text40       00B11
__ptext41                            text41       013D3
__ptext42                            text42       01735
__ptext5                             text5        014EB
__ptext6                             text6        01396
__ptext7                             text7        00050
__ptext8                             text8        00D65
__ptext9                             text9        008AF
__size_of_ADCRead                    (abs)        00000
__size_of_ADC_Initialize             (abs)        00000
__size_of_Battery_State_Machine      (abs)        00000
__size_of_Init_Battery_State_Machine (abs)        00000
__size_of_LCDClear                   (abs)        00000
__size_of_LCDInit                    (abs)        00000
__size_of_LCDWrite                   (abs)        00000
__size_of_LCDWriteCharacter          (abs)        00000
__size_of_LCDWriteInt                (abs)        00000
__size_of_LCDWriteString             (abs)        00000
__size_of_OSCILLATOR_Initialize      (abs)        00000
__size_of_PIN_MANAGER_Initialize     (abs)        00000
__size_of_PWM6_LoadDutyValue         (abs)        00000
__size_of_PWM7_LoadDutyValue         (abs)        00000
__size_of_PWM_Initialize             (abs)        00000
__size_of_SYSTEM_Initialize          (abs)        00000
__size_of_TMR2_Initialize            (abs)        00000
__size_of_TMR4_Initialize            (abs)        00000
__size_of___aldiv                    (abs)        00000
__size_of___awdiv                    (abs)        00000
__size_of___awtoft                   (abs)        00000
__size_of___ftadd                    (abs)        00000
__size_of___ftdiv                    (abs)        00000
__size_of___ftge                     (abs)        00000
__size_of___ftmul                    (abs)        00000
__size_of___ftpack                   (abs)        00000
__size_of___ftsub                    (abs)        00000
__size_of___fttol                    (abs)        00000
__size_of___lwmod                    (abs)        00000
__size_of___wmul                     (abs)        00000
__size_of_calculateCurrent0          (abs)        00000
__size_of_calculateCurrent1          (abs)        00000
__size_of_calculateCurrent2          (abs)        00000
__size_of_calculateCurrent3          (abs)        00000
__size_of_cc_cv_mode                 (abs)        00000
__size_of_eval_poly                  (abs)        00000
__size_of_frexp                      (abs)        00000
__size_of_gotoXY                     (abs)        00000
__size_of_log                        (abs)        00000
__size_of_main                       (abs)        00000
__size_of_readButton                 (abs)        00000
__size_of_readIAnalog                (abs)        00000
__size_of_tempCalc                   (abs)        00000
_batteryState                        bssBANK1     000E5
_batteryTemp                         dataBANK1    000ED
_button                              bssBANK1     000EB
_calculateCurrent0                   text16       01561
_calculateCurrent1                   text15       015A6
_calculateCurrent2                   text14       015EB
_calculateCurrent3                   text13       0000B
_cc_cv                               bssBANK1     000E3
_cc_cv_mode                          text12       00EB1
_channels                            dataBANK2    00130
_current                             bssBANK1     000B8
_errno                               bssBANK1     000D9
_eval_poly                           text4        016D5
_fonts                               stringtext1  01000
_frexp                               text3        01526
_gotoXY                              text26       012FE
_j                                   bssBANK1     000E9
_lastButton                          bssBANK1     000EA
_log                                 text2        00A61
_main                                maintext     002C5
_readButton                          text10       0082D
_readButtons                         bssBANK1     000DB
_readIAnalog                         text8        00D65
_sampleIndex                         bssBANK1     000E7
_samples                             (abs)        02260
_stateCounter                        bssBANK1     000C9
_tempCalc                            text1        00C7E
_tempCalc$1187                       cstackBANK0  00052
_totals                              bssBANK2     00120
_voltage                             bssBANK1     000B0
btemp                                (abs)        0007E
cc_cv_mode@z                         cstackBANK0  00045
clear_ram0                           clrtext      012D6
end_of_initialization                cinit        007FD
eval_poly@d                          cstackBANK0  00040
eval_poly@n                          cstackBANK0  00042
eval_poly@res                        cstackBANK0  00044
eval_poly@x                          cstackBANK0  0003D
frexp@eptr                           cstackCOMMON 00073
frexp@value                          cstackCOMMON 00070
gotoXY@x                             cstackCOMMON 00077
gotoXY@y                             cstackCOMMON 00075
intlevel0                            functab      00000
intlevel1                            functab      00000
intlevel2                            functab      00000
intlevel3                            functab      00000
intlevel4                            functab      00000
intlevel5                            functab      00000
log@coeff                            stringtext2  01800
log@exponent                         cstackBANK0  0004B
log@x                                cstackBANK0  00047
main@IOutTotal                       cstackBANK0  0005D
main@MPPT0                           cstackBANK0  00065
main@MPPT1                           cstackBANK0  00067
main@displayRefresh                  cstackBANK0  00064
main@dutyCycle6                      cstackBANK0  0006B
main@dutyCycle7                      cstackBANK0  0006D
main@efficiency                      cstackBANK0  0005A
main@faultCount                      cstackBANK0  0005F
main@faultNotReset                   cstackBANK0  00061
main@j                               cstackBANK0  0006A
main@menuButton                      cstackBANK0  00069
main@slowLoop                        cstackBANK0  00063
readIAnalog@analog_channel           cstackCOMMON 00079
readIAnalog@channel                  cstackBANK0  00026
readIAnalog@value                    cstackCOMMON 0007B
reset_vec                            reset_vec    00000
stackhi                              (abs)        0225F
stacklo                              (abs)        020B8
start                                init         00002
start_initialization                 cinit        007BF
tempCalc@R                           cstackBANK0  0004F
tempCalc@analogValue                 cstackBANK0  0004D
tempCalc@steinhart                   cstackBANK0  00055
wtemp0                               (abs)        0007E


FUNCTION INFORMATION:

 *************** function _main *****************
 Defined at:
		line 42 in file "main.c"
 Parameters:    Size  Location     Type
		None
 Auto vars:     Size  Location     Type
  efficiency      3   58[BANK0 ] float 
  dutyCycle7      2   77[BANK0 ] unsigned int 
  dutyCycle6      2   75[BANK0 ] unsigned int 
  MPPT1           2   71[BANK0 ] int 
  MPPT0           2   69[BANK0 ] int 
  faultNotRese    2   65[BANK0 ] unsigned int 
  faultCount      2   63[BANK0 ] unsigned int 
  IOutTotal       2   61[BANK0 ] int 
  j               1   74[BANK0 ] unsigned char 
  menuButton      1   73[BANK0 ] unsigned char 
  displayRefre    1   68[BANK0 ] unsigned char 
  slowLoop        1   67[BANK0 ] unsigned char 
 Return value:  Size  Location     Type
                  1    wreg      void 
 Registers used:
		wreg, fsr0l, fsr0h, fsr1l, fsr1h, status,2, status,0, pclath, cstack
 Tracked objects:
		On entry : 
		On exit  : 
		Unchanged: 
 Data sizes:     COMMON   BANK0   BANK1   BANK2   BANK3   BANK4   BANK5   BANK6   BANK7   BANK8   BANK9  BANK10  BANK11  BANK12
      Params:         0       0       0       0       0       0       0       0       0       0       0       0       0       0
      Locals:         0      21       0       0       0       0       0       0       0       0       0       0       0       0
      Temps:          0       2       0       0       0       0       0       0       0       0       0       0       0       0
      Totals:         0      23       0       0       0       0       0       0       0       0       0       0       0       0
Total ram usage:       23 bytes
 Hardware stack levels required when called:    5
 This function calls:
		_ADCRead
		_Battery_State_Machine
		_LCDClear
		_LCDInit
		_LCDWriteCharacter
		_LCDWriteInt
		_LCDWriteString
		_PWM6_LoadDutyValue
		_PWM7_LoadDutyValue
		_SYSTEM_Initialize
		___awtoft
		___ftdiv
		___fttol
		_calculateCurrent0
		_calculateCurrent1
		_calculateCurrent2
		_calculateCurrent3
		_cc_cv_mode
		_gotoXY
		_readButton
		_readIAnalog
		_tempCalc
 This function is called by:
		Startup code after reset
 This function uses a non-reentrant model


 *************** function _tempCalc *****************
 Defined at:
		line 4 in file "tempCalc.c"
 Parameters:    Size  Location     Type
  analogValue     2   45[BANK0 ] int 
 Auto vars:     Size  Location     Type
  steinhart       3   53[BANK0 ] float 
  R               3   47[BANK0 ] float 
 Return value:  Size  Location     Type
                  2   45[BANK0 ] int 
 Registers used:
		wreg, fsr0l, fsr0h, fsr1l, fsr1h, status,2, status,0, pclath, cstack
 Tracked objects:
		On entry : 
		On exit  : 
		Unchanged: 
 Data sizes:     COMMON   BANK0   BANK1   BANK2   BANK3   BANK4   BANK5   BANK6   BANK7   BANK8   BANK9  BANK10  BANK11  BANK12
      Params:         0       2       0       0       0       0       0       0       0       0       0       0       0       0
      Locals:         0       9       0       0       0       0       0       0       0       0       0       0       0       0
      Temps:          0       0       0       0       0       0       0       0       0       0       0       0       0       0
      Totals:         0      11       0       0       0       0       0       0       0       0       0       0       0       0
Total ram usage:       11 bytes
 Hardware stack levels used:    1
 Hardware stack levels required when called:    4
 This function calls:
		___awtoft
		___ftadd
		___ftdiv
		___ftmul
		___ftsub
		___fttol
		_log
 This function is called by:
		_main
 This function uses a non-reentrant model


 *************** function _log *****************
 Defined at:
		line 5 in file "C:\Program Files (x86)\Microchip\xc8\v1.45\sources\common\log.c"
 Parameters:    Size  Location     Type
  x               3   39[BANK0 ] int 
 Auto vars:     Size  Location     Type
  exponent        2   43[BANK0 ] int 
 Return value:  Size  Location     Type
                  3   39[BANK0 ] int 
 Registers used:
		wreg, fsr0l, fsr0h, fsr1l, fsr1h, status,2, status,0, pclath, cstack
 Tracked objects:
		On entry : 
		On exit  : 
		Unchanged: 
 Data sizes:     COMMON   BANK0   BANK1   BANK2   BANK3   BANK4   BANK5   BANK6   BANK7   BANK8   BANK9  BANK10  BANK11  BANK12
      Params:         0       3       0       0       0       0       0       0       0       0       0       0       0       0
      Locals:         0       2       0       0       0       0       0       0       0       0       0       0       0       0
      Temps:          0       1       0       0       0       0       0       0       0       0       0       0       0       0
      Totals:         0       6       0       0       0       0       0       0       0       0       0       0       0       0
Total ram usage:        6 bytes
 Hardware stack levels used:    1
 Hardware stack levels required when called:    3
 This function calls:
		___awtoft
		___ftadd
		___ftge
		___ftmul
		_eval_poly
		_frexp
 This function is called by:
		_tempCalc
 This function uses a non-reentrant model


 *************** function _frexp *****************
 Defined at:
		line 254 in file "C:\Program Files (x86)\Microchip\xc8\v1.45\sources\common\frexp.c"
 Parameters:    Size  Location     Type
  value           3    0[COMMON] int 
  eptr            1    3[COMMON] PTR int 
		 -> log@exponent(2), 
 Auto vars:     Size  Location     Type
		None
 Return value:  Size  Location     Type
                  3    0[COMMON] PTR int 
 Registers used:
		wreg, fsr1l, fsr1h, status,2, status,0
 Tracked objects:
		On entry : 
		On exit  : 
		Unchanged: 
 Data sizes:     COMMON   BANK0   BANK1   BANK2   BANK3   BANK4   BANK5   BANK6   BANK7   BANK8   BANK9  BANK10  BANK11  BANK12
      Params:         4       0       0       0       0       0       0       0       0       0       0       0       0       0
      Locals:         0       0       0       0       0       0       0       0       0       0       0       0       0       0
      Temps:          2       0       0       0       0       0       0       0       0       0       0       0       0       0
      Totals:         6       0       0       0       0       0       0       0       0       0       0       0       0       0
Total ram usage:        6 bytes
 Hardware stack levels used:    1
 This function calls:
		Nothing
 This function is called by:
		_log
 This function uses a non-reentrant model


 *************** function _eval_poly *****************
 Defined at:
		line 4 in file "C:\Program Files (x86)\Microchip\xc8\v1.45\sources\common\evalpoly.c"
 Parameters:    Size  Location     Type
  x               3   29[BANK0 ] PTR int 
  d               2   32[BANK0 ] PTR const 
		 -> log@coeff(27), 
  n               2   34[BANK0 ] int 
 Auto vars:     Size  Location     Type
  res             3   36[BANK0 ] int 
 Return value:  Size  Location     Type
                  3   29[BANK0 ] int 
 Registers used:
		wreg, fsr0l, fsr0h, status,2, status,0, pclath, cstack
 Tracked objects:
		On entry : 
		On exit  : 
		Unchanged: 
 Data sizes:     COMMON   BANK0   BANK1   BANK2   BANK3   BANK4   BANK5   BANK6   BANK7   BANK8   BANK9  BANK10  BANK11  BANK12
      Params:         0       7       0       0       0       0       0       0       0       0       0       0       0       0
      Locals:         0       3       0       0       0       0       0       0       0       0       0       0       0       0
      Temps:          0       0       0       0       0       0       0       0       0       0       0       0       0       0
      Totals:         0      10       0       0       0       0       0       0       0       0       0       0       0       0
Total ram usage:       10 bytes
 Hardware stack levels used:    1
 Hardware stack levels required when called:    2
 This function calls:
		___ftadd
		___ftmul
		___wmul
 This function is called by:
		_log
 This function uses a non-reentrant model


 *************** function ___ftge *****************
 Defined at:
		line 4 in file "C:\Program Files (x86)\Microchip\xc8\v1.45\sources\common\ftge.c"
 Parameters:    Size  Location     Type
  ff1             3    0[COMMON] float 
  ff2             3    3[COMMON] float 
 Auto vars:     Size  Location     Type
		None
 Return value:  Size  Location     Type
		None               void
 Registers used:
		wreg, status,2, status,0
 Tracked objects:
		On entry : 
		On exit  : 
		Unchanged: 
 Data sizes:     COMMON   BANK0   BANK1   BANK2   BANK3   BANK4   BANK5   BANK6   BANK7   BANK8   BANK9  BANK10  BANK11  BANK12
      Params:         6       0       0       0       0       0       0       0       0       0       0       0       0       0
      Locals:         0       0       0       0       0       0       0       0       0       0       0       0       0       0
      Temps:          3       0       0       0       0       0       0       0       0       0       0       0       0       0
      Totals:         9       0       0       0       0       0       0       0       0       0       0       0       0       0
Total ram usage:        9 bytes
 Hardware stack levels used:    1
 This function calls:
		Nothing
 This function is called by:
		_log
 This function uses a non-reentrant model


 *************** function ___ftsub *****************
 Defined at:
		line 18 in file "C:\Program Files (x86)\Microchip\xc8\v1.45\sources\common\ftsub.c"
 Parameters:    Size  Location     Type
  f2              3   29[BANK0 ] float 
  f1              3   32[BANK0 ] float 
 Auto vars:     Size  Location     Type
		None
 Return value:  Size  Location     Type
                  3   29[BANK0 ] float 
 Registers used:
		wreg, status,2, status,0, pclath, cstack
 Tracked objects:
		On entry : 
		On exit  : 
		Unchanged: 
 Data sizes:     COMMON   BANK0   BANK1   BANK2   BANK3   BANK4   BANK5   BANK6   BANK7   BANK8   BANK9  BANK10  BANK11  BANK12
      Params:         0       6       0       0       0       0       0       0       0       0       0       0       0       0
      Locals:         0       0       0       0       0       0       0       0       0       0       0       0       0       0
      Temps:          0       0       0       0       0       0       0       0       0       0       0       0       0       0
      Totals:         0       6       0       0       0       0       0       0       0       0       0       0       0       0
Total ram usage:        6 bytes
 Hardware stack levels used:    1
 Hardware stack levels required when called:    2
 This function calls:
		___ftadd
 This function is called by:
		_tempCalc
 This function uses a non-reentrant model


 *************** function ___ftadd *****************
 Defined at:
		line 86 in file "C:\Program Files (x86)\Microchip\xc8\v1.45\sources\common\ftadd.c"
 Parameters:    Size  Location     Type
  f1              3   16[BANK0 ] float 
  f2              3   19[BANK0 ] float 
 Auto vars:     Size  Location     Type
  exp1            1   28[BANK0 ] unsigned char 
  exp2            1   27[BANK0 ] unsigned char 
  sign            1   26[BANK0 ] unsigned char 
 Return value:  Size  Location     Type
                  3   16[BANK0 ] float 
 Registers used:
		wreg, status,2, status,0, pclath, cstack
 Tracked objects:
		On entry : 
		On exit  : 
		Unchanged: 
 Data sizes:     COMMON   BANK0   BANK1   BANK2   BANK3   BANK4   BANK5   BANK6   BANK7   BANK8   BANK9  BANK10  BANK11  BANK12
      Params:         0       6       0       0       0       0       0       0       0       0       0       0       0       0
      Locals:         0       3       0       0       0       0       0       0       0       0       0       0       0       0
      Temps:          0       4       0       0       0       0       0       0       0       0       0       0       0       0
      Totals:         0      13       0       0       0       0       0       0       0       0       0       0       0       0
Total ram usage:       13 bytes
 Hardware stack levels used:    1
 Hardware stack levels required when called:    1
 This function calls:
		___ftpack
 This function is called by:
		_tempCalc
		___ftsub
		_log
		_eval_poly
 This function uses a non-reentrant model


 *************** function _readIAnalog *****************
 Defined at:
		line 77 in file "adc.c"
 Parameters:    Size  Location     Type
  channel         2    6[BANK0 ] unsigned int 
 Auto vars:     Size  Location     Type
  value           2   11[COMMON] int 
  analog_chann    2    9[COMMON] unsigned int 
 Return value:  Size  Location     Type
                  2    6[BANK0 ] int 
 Registers used:
		wreg, fsr1l, fsr1h, status,2, status,0, pclath, cstack
 Tracked objects:
		On entry : 
		On exit  : 
		Unchanged: 
 Data sizes:     COMMON   BANK0   BANK1   BANK2   BANK3   BANK4   BANK5   BANK6   BANK7   BANK8   BANK9  BANK10  BANK11  BANK12
      Params:         0       2       0       0       0       0       0       0       0       0       0       0       0       0
      Locals:         4       0       0       0       0       0       0       0       0       0       0       0       0       0
      Temps:          0      18       0       0       0       0       0       0       0       0       0       0       0       0
      Totals:         4      20       0       0       0       0       0       0       0       0       0       0       0       0
Total ram usage:       24 bytes
 Hardware stack levels used:    1
 Hardware stack levels required when called:    1
 This function calls:
		_ADCRead
		___aldiv
		___wmul
 This function is called by:
		_main
 This function uses a non-reentrant model


 *************** function ___aldiv *****************
 Defined at:
		line 6 in file "C:\Program Files (x86)\Microchip\xc8\v1.45\sources\common\aldiv.c"
 Parameters:    Size  Location     Type
  divisor         4    0[COMMON] long 
  dividend        4    4[COMMON] long 
 Auto vars:     Size  Location     Type
  quotient        4    2[BANK0 ] long 
  sign            1    1[BANK0 ] unsigned char 
  counter         1    0[BANK0 ] unsigned char 
 Return value:  Size  Location     Type
                  4    0[COMMON] long 
 Registers used:
		wreg, status,2, status,0
 Tracked objects:
		On entry : 
		On exit  : 
		Unchanged: 
 Data sizes:     COMMON   BANK0   BANK1   BANK2   BANK3   BANK4   BANK5   BANK6   BANK7   BANK8   BANK9  BANK10  BANK11  BANK12
      Params:         8       0       0       0       0       0       0       0       0       0       0       0       0       0
      Locals:         0       6       0       0       0       0       0       0       0       0       0       0       0       0
      Temps:          1       0       0       0       0       0       0       0       0       0       0       0       0       0
      Totals:         9       6       0       0       0       0       0       0       0       0       0       0       0       0
Total ram usage:       15 bytes
 Hardware stack levels used:    1
 This function calls:
		Nothing
 This function is called by:
		_readIAnalog
 This function uses a non-reentrant model


 *************** function _readButton *****************
 Defined at:
		line 9 in file "buttons.c"
 Parameters:    Size  Location     Type
		None
 Auto vars:     Size  Location     Type
		None
 Return value:  Size  Location     Type
                  1    wreg      unsigned char 
 Registers used:
		wreg, status,2, status,0, pclath, cstack
 Tracked objects:
		On entry : 
		On exit  : 
		Unchanged: 
 Data sizes:     COMMON   BANK0   BANK1   BANK2   BANK3   BANK4   BANK5   BANK6   BANK7   BANK8   BANK9  BANK10  BANK11  BANK12
      Params:         0       0       0       0       0       0       0       0       0       0       0       0       0       0
      Locals:         0       0       0       0       0       0       0       0       0       0       0       0       0       0
      Temps:          2       0       0       0       0       0       0       0       0       0       0       0       0       0
      Totals:         2       0       0       0       0       0       0       0       0       0       0       0       0       0
Total ram usage:        2 bytes
 Hardware stack levels used:    1
 Hardware stack levels required when called:    1
 This function calls:
		_ADCRead
 This function is called by:
		_main
 This function uses a non-reentrant model


 *************** function _ADCRead *****************
 Defined at:
		line 21 in file "adc.c"
 Parameters:    Size  Location     Type
  channel         1    wreg     enum E14259
 Auto vars:     Size  Location     Type
  channel         1    3[COMMON] enum E14259
 Return value:  Size  Location     Type
                  2    0[COMMON] int 
 Registers used:
		wreg
 Tracked objects:
		On entry : 
		On exit  : 
		Unchanged: 
 Data sizes:     COMMON   BANK0   BANK1   BANK2   BANK3   BANK4   BANK5   BANK6   BANK7   BANK8   BANK9  BANK10  BANK11  BANK12
[...]
 This function is called by:
		_main
 This function uses a non-reentrant model


 *************** function ___lwmod *****************
 Defined at:
		line 6 in file "C:\Program Files (x86)\Microchip\xc8\v1.45\sources\common\lwmod.c"
 Parameters:    Size  Location     Type
  divisor         2    0[COMMON] unsigned int 
  dividend        2    2[COMMON] unsigned int 
 Auto vars:     Size  Location     Type
  counter         1    5[COMMON] unsigned char 
 Return value:  Size  Location     Type
                  2    0[COMMON] unsigned int 
 Registers used:
		wreg, status,2, status,0
 Tracked objects:
		On entry : 
		On exit  : 
		Unchanged: 
 Data sizes:     COMMON   BANK0   BANK1   BANK2   BANK3   BANK4   BANK5   BANK6   BANK7   BANK8   BANK9  BANK10  BANK11  BANK12
      Params:         4       0       0       0       0       0       0       0       0       0       0       0       0       0
      Locals:         1       0       0       0       0       0       0       0       0       0       0       0       0       0
      Temps:          1       0       0       0       0       0       0       0       0       0       0       0       0       0
      Totals:         6       0       0       0       0       0       0       0       0       0       0       0       0       0
Total ram usage:        6 bytes
 Hardware stack levels used:    1
 This function calls:
		Nothing
 This function is called by:
		_LCDWriteInt
 This function uses a non-reentrant model


 *************** function ___awdiv *****************
 Defined at:
		line 6 in file "C:\Program Files (x86)\Microchip\xc8\v1.45\sources\common\awdiv.c"
 Parameters:    Size  Location     Type
  divisor         2    0[COMMON] int 
  dividend        2    2[COMMON] int 
 Auto vars:     Size  Location     Type
  quotient        2    7[COMMON] int 
  sign            1    6[COMMON] unsigned char 
  counter         1    5[COMMON] unsigned char 
 Return value:  Size  Location     Type
                  2    0[COMMON] int 
 Registers used:
		wreg, status,2, status,0
 Tracked objects:
		On entry : 
		On exit  : 
		Unchanged: 
 Data sizes:     COMMON   BANK0   BANK1   BANK2   BANK3   BANK4   BANK5   BANK6   BANK7   BANK8   BANK9  BANK10  BANK11  BANK12
      Params:         4       0       0       0       0       0       0       0       0       0       0       0       0       0
      Locals:         4       0       0       0       0       0       0       0       0       0       0       0       0       0
      Temps:          1       0       0       0       0       0       0       0       0       0       0       0       0       0
      Totals:         9       0       0       0       0       0       0       0       0       0       0       0       0       0
Total ram usage:        9 bytes
 Hardware stack levels used:    1
 This function calls:
		Nothing
 This function is called by:
		_LCDWriteInt
 This function uses a non-reentrant model


 *************** function _LCDWriteCharacter *****************
 Defined at:
		line 140 in file "lcd.c"
 Parameters:    Size  Location     Type
  character       1    wreg     const unsigned char 
 Auto vars:     Size  Location     Type
  character       1    9[COMMON] const unsigned char 
  base            2   10[COMMON] unsigned int 
 Return value:  Size  Location     Type
                  1    wreg      void 
 Registers used:
		wreg, fsr0l, fsr0h, status,2, status,0, pclath, cstack
 Tracked objects:
		On entry : 
		On exit  : 
		Unchanged: 
 Data sizes:     COMMON   BANK0   BANK1   BANK2   BANK3   BANK4   BANK5   BANK6   BANK7   BANK8   BANK9  BANK10  BANK11  BANK12
      Params:         0       0       0       0       0       0       0       0       0       0       0       0       0       0
      Locals:         3       0       0       0       0       0       0       0       0       0       0       0       0       0
      Temps:          3       0       0       0       0       0       0       0       0       0       0       0       0       0
      Totals:         6       0       0       0       0       0       0       0       0       0       0       0       0       0
Total ram usage:        6 bytes
 Hardware stack levels used:    1
 Hardware stack levels required when called:    1
 This function calls:
		_LCDWrite
		___wmul
 This function is called by:
		_LCDWriteString
		_LCDWriteInt
		_main
 This function uses a non-reentrant model


 *************** function ___wmul *****************
 Defined at:
		line 15 in file "C:\Program Files (x86)\Microchip\xc8\v1.45\sources\common\Umul16.c"
 Parameters:    Size  Location     Type
  multiplier      2    0[COMMON] unsigned int 
  multiplicand    2    2[COMMON] unsigned int 
 Auto vars:     Size  Location     Type
  product         2    4[COMMON] unsigned int 
 Return value:  Size  Location     Type
                  2    0[COMMON] unsigned int 
 Registers used:
		wreg, status,2, status,0
 Tracked objects:
		On entry : 
		On exit  : 
		Unchanged: 
 Data sizes:     COMMON   BANK0   BANK1   BANK2   BANK3   BANK4   BANK5   BANK6   BANK7   BANK8   BANK9  BANK10  BANK11  BANK12
      Params:         4       0       0       0       0       0       0       0       0       0       0       0       0       0
      Locals:         2       0       0       0       0       0       0       0       0       0       0       0       0       0
      Temps:          0       0       0       0       0       0       0       0       0       0       0       0       0       0
      Totals:         6       0       0       0       0       0       0       0       0       0       0       0       0       0
Total ram usage:        6 bytes
 Hardware stack levels used:    1
 This function calls:
		Nothing
 This function is called by:
		_readIAnalog
		_LCDWriteCharacter
		_eval_poly
 This function uses a non-reentrant model


 *************** function _LCDWrite *****************
 Defined at:
		line 281 in file "lcd.c"
 Parameters:    Size  Location     Type
  data_or_comm    1    wreg     unsigned char 
  data            1    0[COMMON] unsigned char 
 Auto vars:     Size  Location     Type
  data_or_comm    1    2[COMMON] unsigned char 
  i               1    4[COMMON] unsigned char 
  d               1    3[COMMON] unsigned char 
 Return value:  Size  Location     Type
                  1    wreg      void 
 Registers used:
		wreg, status,2, status,0
 Tracked objects:
		On entry : 
		On exit  : 
		Unchanged: 
 Data sizes:     COMMON   BANK0   BANK1   BANK2   BANK3   BANK4   BANK5   BANK6   BANK7   BANK8   BANK9  BANK10  BANK11  BANK12
      Params:         1       0       0       0       0       0       0       0       0       0       0       0       0       0
      Locals:         3       0       0       0       0       0       0       0       0       0       0       0       0       0
      Temps:          1       0       0       0       0       0       0       0       0       0       0       0       0       0
      Totals:         5       0       0       0       0       0       0       0       0       0       0       0       0       0
Total ram usage:        5 bytes
 Hardware stack levels used:    1
 This function calls:
		Nothing
 This function is called by:
		_gotoXY
		_LCDWriteCharacter
		_LCDClear
		_LCDInit
 This function uses a non-reentrant model


 *************** function _Battery_State_Machine *****************
 Defined at:
		line 28 in file "battery_charger.c"
 Parameters:    Size  Location     Type
  z               1    wreg     unsigned char 
 Auto vars:     Size  Location     Type
  z               1   35[BANK0 ] unsigned char 
 Return value:  Size  Location     Type
                  1    wreg      void 
 Registers used:
		wreg, fsr1l, fsr1h, status,2, status,0, pclath, cstack
 Tracked objects:
		On entry : 
		On exit  : 
		Unchanged: 
 Data sizes:     COMMON   BANK0   BANK1   BANK2   BANK3   BANK4   BANK5   BANK6   BANK7   BANK8   BANK9  BANK10  BANK11  BANK12
      Params:         0       0       0       0       0       0       0       0       0       0       0       0       0       0
      Locals:         0       1       0       0       0       0       0       0       0       0       0       0       0       0
      Temps:          0       5       0       0       0       0       0       0       0       0       0       0       0       0
      Totals:         0       6       0       0       0       0       0       0       0       0       0       0       0       0
Total ram usage:        6 bytes
 Hardware stack levels used:    1
 Hardware stack levels required when called:    2
 This function calls:
		___awtoft
		___ftmul
		___fttol
 This function is called by:
		_main
 This function uses a non-reentrant model


 *************** function ___fttol *****************
 Defined at:
		line 44 in file "C:\Program Files (x86)\Microchip\xc8\v1.45\sources\common\fttol.c"
 Parameters:    Size  Location     Type
  f1              3   16[BANK0 ] float 
 Auto vars:     Size  Location     Type
  lval            4   25[BANK0 ] unsigned long 
  exp1            1   29[BANK0 ] unsigned char 
  sign1           1   24[BANK0 ] unsigned char 
 Return value:  Size  Location     Type
                  4   16[BANK0 ] long 
 Registers used:
		wreg, status,2, status,0
 Tracked objects:
		On entry : 
		On exit  : 
		Unchanged: 
 Data sizes:     COMMON   BANK0   BANK1   BANK2   BANK3   BANK4   BANK5   BANK6   BANK7   BANK8   BANK9  BANK10  BANK11  BANK12
      Params:         0       4       0       0       0       0       0       0       0       0       0       0       0       0
      Locals:         0       6       0       0       0       0       0       0       0       0       0       0       0       0
      Temps:          0       4       0       0       0       0       0       0       0       0       0       0       0       0
      Totals:         0      14       0       0       0       0       0       0       0       0       0       0       0       0
Total ram usage:       14 bytes
 Hardware stack levels used:    1
 This function calls:
		Nothing
 This function is called by:
		_tempCalc
		_main
		_calculateCurrent0
		_calculateCurrent1
		_calculateCurrent2
		_calculateCurrent3
		_Init_Battery_State_Machine
		_Battery_State_Machine
		_cc_cv_mode
 This function uses a non-reentrant model


 *************** function ___ftmul *****************
 Defined at:
		line 62 in file "C:\Program Files (x86)\Microchip\xc8\v1.45\sources\common\ftmul.c"
 Parameters:    Size  Location     Type
  f1              3    0[BANK0 ] float 
  f2              3    3[BANK0 ] float 
 Auto vars:     Size  Location     Type
  f3_as_produc    3   11[BANK0 ] unsigned um
  sign            1   15[BANK0 ] unsigned char 
  cntr            1   14[BANK0 ] unsigned char 
  exp             1   10[BANK0 ] unsigned char 
 Return value:  Size  Location     Type
                  3    0[BANK0 ] float 
 Registers used:
		wreg, status,2, status,0, pclath, cstack
 Tracked objects:
		On entry : 
		On exit  : 
		Unchanged: 
 Data sizes:     COMMON   BANK0   BANK1   BANK2   BANK3   BANK4   BANK5   BANK6   BANK7   BANK8   BANK9  BANK10  BANK11  BANK12
      Params:         0       6       0       0       0       0       0       0       0       0       0       0       0       0
      Locals:         0       6       0       0       0       0       0       0       0       0       0       0       0       0
      Temps:          0       4       0       0       0       0       0       0       0       0       0       0       0       0
      Totals:         0      16       0       0       0       0       0       0       0       0       0       0       0       0
Total ram usage:       16 bytes
 Hardware stack levels used:    1
 Hardware stack levels required when called:    1
 This function calls:
		___ftpack
 This function is called by:
		_Init_Battery_State_Machine
		_Battery_State_Machine
		_cc_cv_mode
		_tempCalc
		_log
		_eval_poly
 This function uses a non-reentrant model


 *************** function ___awtoft *****************
 Defined at:
		line 32 in file "C:\Program Files (x86)\Microchip\xc8\v1.45\sources\common\awtoft.c"
 Parameters:    Size  Location     Type
  c               2    8[COMMON] int 
 Auto vars:     Size  Location     Type
  sign            1   13[COMMON] unsigned char 
 Return value:  Size  Location     Type
                  3    8[COMMON] float 
 Registers used:
		wreg, status,2, status,0, pclath, cstack
 Tracked objects:
		On entry : 
		On exit  : 
		Unchanged: 
 Data sizes:     COMMON   BANK0   BANK1   BANK2   BANK3   BANK4   BANK5   BANK6   BANK7   BANK8   BANK9  BANK10  BANK11  BANK12
      Params:         3       0       0       0       0       0       0       0       0       0       0       0       0       0
      Locals:         1       0       0       0       0       0       0       0       0       0       0       0       0       0
      Temps:          2       0       0       0       0       0       0       0       0       0       0       0       0       0
      Totals:         6       0       0       0       0       0       0       0       0       0       0       0       0       0
Total ram usage:        6 bytes
 Hardware stack levels used:    1
 Hardware stack levels required when called:    1
 This function calls:
		___ftpack
 This function is called by:
		_Init_Battery_State_Machine
		_Battery_State_Machine
		_cc_cv_mode
		_tempCalc
		_main
		_calculateCurrent0
		_calculateCurrent1
		_calculateCurrent2
		_calculateCurrent3
		_log
 This function uses a non-reentrant model


 *************** function ___ftpack *****************
 Defined at:
		line 62 in file "C:\Program Files (x86)\Microchip\xc8\v1.45\sources\common\float.c"
 Parameters:    Size  Location     Type
  arg             3    0[COMMON] unsigned um
  exp             1    3[COMMON] unsigned char 
  sign            1    4[COMMON] unsigned char 
 Auto vars:     Size  Location     Type
		None
 Return value:  Size  Location     Type
                  3    0[COMMON] float 
 Registers used:
		wreg, status,2, status,0
 Tracked objects:
		On entry : 
		On exit  : 
		Unchanged: 
 Data sizes:     COMMON   BANK0   BANK1   BANK2   BANK3   BANK4   BANK5   BANK6   BANK7   BANK8   BANK9  BANK10  BANK11  BANK12
      Params:         5       0       0       0       0       0       0       0       0       0       0       0       0       0
      Locals:         0       0       0       0       0       0       0       0       0       0       0       0       0       0
      Temps:          3       0       0       0       0       0       0       0       0       0       0       0       0       0
      Totals:         8       0       0       0       0       0       0       0       0       0       0       0       0       0
Total ram usage:        8 bytes
 Hardware stack levels used:    1
 This function calls:
		Nothing
 This function is called by:
		___awtoft
		___ftadd
		___ftdiv
		___ftmul
 This function uses a non-reentrant model



MODULE INFORMATION

Module		Function		Class		Link	Load	Size
C:\Program Files (x86)\Microchip\xc8\v1.45\sources\common\ftsub.c
		___ftsub       		CODE           	1396	0000	31

C:\Program Files (x86)\Microchip\xc8\v1.45\sources\common\ftsub.c estimated size: 31

C:\Program Files (x86)\Microchip\xc8\v1.45\sources\common\float.c
		___ftpack      		CODE           	1735	0000	101

C:\Program Files (x86)\Microchip\xc8\v1.45\sources\common\float.c estimated size: 101

C:\Program Files (x86)\Microchip\xc8\v1.45\sources\common\log.c
		_log           		CODE           	0A61	0000	177

C:\Program Files (x86)\Microchip\xc8\v1.45\sources\common\log.c estimated size: 177

C:\Program Files (x86)\Microchip\xc8\v1.45\sources\common\Umul16.c
		___wmul        		CODE           	137B	0000	28

C:\Program Files (x86)\Microchip\xc8\v1.45\sources\common\Umul16.c estimated size: 28

C:\Program Files (x86)\Microchip\xc8\v1.45\sources\common\frexp.c
		_frexp         		CODE           	1526	0000	60

C:\Program Files (x86)\Microchip\xc8\v1.45\sources\common\frexp.c estimated size: 60

C:\Program Files (x86)\Microchip\xc8\v1.45\sources\common\ftge.c
		___ftge        		CODE           	14EB	0000	60

C:\Program Files (x86)\Microchip\xc8\v1.45\sources\common\ftge.c estimated size: 60

buttons.c
		_readButton    		CODE           	082D	0000	131

buttons.c estimated size: 131

C:\Program Files (x86)\Microchip\xc8\v1.45\sources\common\lwmod.c
		___lwmod       		CODE           	0801	0000	45

C:\Program Files (x86)\Microchip\xc8\v1.45\sources\common\lwmod.c estimated size: 45

pwm.c
		_PWM6_LoadDutyValue		CODE           	134F	0000	23
		_PWM_Initialize		CODE           	1325	0000	22
		_PWM7_LoadDutyValue		CODE           	1365	0000	23

pwm.c estimated size: 68

C:\Program Files (x86)\Microchip\xc8\v1.45\sources\common\ftmul.c
		___ftmul       		CODE           	0B11	0000	181

C:\Program Files (x86)\Microchip\xc8\v1.45\sources\common\ftmul.c estimated size: 181

C:\Program Files (x86)\Microchip\xc8\v1.45\sources\common\ftdiv.c
		___ftdiv       		CODE           	09B8	0000	170

C:\Program Files (x86)\Microchip\xc8\v1.45\sources\common\ftdiv.c estimated size: 170

adc.c
		_ADC_Initialize		CODE           	13B4	0000	32
		_ADCRead       		CODE           	133A	0000	22
		_readIAnalog   		CODE           	0D65	0000	333

adc.c estimated size: 387

tmr.c
		_TMR2_Initialize		CODE           	12E2	0000	15
		_TMR4_Initialize		CODE           	12F0	0000	15

tmr.c estimated size: 30

battery_charger.c
		_Battery_State_Machine		CODE           	0146	0000	384
		_cc_cv_mode    		CODE           	0EB1	0000	336
		_Init_Battery_State_Machine		CODE           	1799	0000	104

battery_charger.c estimated size: 824

shared
		_fonts         		STRCODE        	1000	0000	304
		__initialization		CODE           	07BF	0000	63
		log@coeff      		STRCODE        	1800	0000	28

shared estimated size: 395

tempCalc.c
		_tempCalc      		CODE           	0C7E	0000	232

tempCalc.c estimated size: 232

C:\Program Files (x86)\Microchip\xc8\v1.45\sources\common\fttol.c
		___fttol       		CODE           	0931	0000	136

C:\Program Files (x86)\Microchip\xc8\v1.45\sources\common\fttol.c estimated size: 136

C:\Program Files (x86)\Microchip\xc8\v1.45\sources\common\awtoft.c
		___awtoft      		CODE           	13D3	0000	33

C:\Program Files (x86)\Microchip\xc8\v1.45\sources\common\awtoft.c estimated size: 33

C:\Program Files (x86)\Microchip\xc8\v1.45\sources\common\awdiv.c
		___awdiv       		CODE           	1630	0000	82

C:\Program Files (x86)\Microchip\xc8\v1.45\sources\common\awdiv.c estimated size: 82

lcd.c
		_LCDClear      		CODE           	1418	0000	39
		_LCDWrite      		CODE           	13F3	0000	38
		_LCDWriteInt   		CODE           	0BC5	0000	186
		_LCDInit       		CODE           	1475	0000	60
		_LCDWriteString		CODE           	1311	0000	21
		_LCDWriteCharacter		CODE           	1681	0000	85
		_gotoXY        		CODE           	12FE	0000	20

lcd.c estimated size: 449

C:\Program Files (x86)\Microchip\xc8\v1.45\sources\common\evalpoly.c
		_eval_poly     		CODE           	16D5	0000	97

C:\Program Files (x86)\Microchip\xc8\v1.45\sources\common\evalpoly.c estimated size: 97

C:\Program Files (x86)\Microchip\xc8\v1.45\sources\common\ftadd.c
		___ftadd       		CODE           	0050	0000	247

C:\Program Files (x86)\Microchip\xc8\v1.45\sources\common\ftadd.c estimated size: 247

C:\Program Files (x86)\Microchip\xc8\v1.45\sources\common\aldiv.c
		___aldiv       		CODE           	08AF	0000	131

C:\Program Files (x86)\Microchip\xc8\v1.45\sources\common\aldiv.c estimated size: 131

pin_manager.c
		_PIN_MANAGER_Initialize		CODE           	143E	0000	56

pin_manager.c estimated size: 56

main.c
		_calculateCurrent0		CODE           	1561	0000	70
		_calculateCurrent1		CODE           	15A6	0000	70
		_calculateCurrent2		CODE           	15EB	0000	70
		_calculateCurrent3		CODE           	000B	0000	70
		_main          		CODE           	02C5	0000	1275

main.c estimated size: 1555

system.c
		_OSCILLATOR_Initialize		CODE           	12CD	0000	10
		_SYSTEM_Initialize		CODE           	14B0	0000	60

system.c estimated size: 70

