Microchip MPLAB XC8 Compiler V1.38 ()

Linker command line:

-W-3 --edf=C:\Program Files (x86)\Microchip\xc8\v1.38\dat\en_msgs.txt -cs \
  -h+dist/default/production\ks0108-5.X.production.sym \
  --cmf=dist/default/production\ks0108-5.X.production.cmf -z -Q16F18855 \
  -oC:\Users\DAVE\AppData\Local\Temp\s4h4.2 \
  -Mdist/default/production/ks0108-5.X.production.map -E1 -ver=XC8 \
  -ASTACK=0203Ch-023efh -pstack=STACK -ACODE=00h-07FFhx4 \
  -ASTRCODE=00h-01FFFh -ASTRING=00h-0FFhx32 -ACONST=00h-0FFhx32 \
  -AENTRY=00h-0FFhx32 -ACOMMON=070h-07Fh -ABANK0=020h-06Fh \
  -ABANK1=0A0h-0EFh -ABANK2=0120h-016Fh -ABANK3=01A0h-01EFh \
  -ABANK4=0220h-026Fh -ABANK5=02A0h-02EFh -ABANK6=0320h-036Fh \
  -ABANK7=03A0h-03EFh -ABANK8=0420h-046Fh -ABANK9=04A0h-04EFh \
  -ABANK10=0520h-056Fh -ABANK11=05A0h-05EFh -ABANK12=0620h-064Fh \
  -ABIGRAM=02000h-023EFh \
  -ARAM=020h-06Fh,0A0h-0EFh,0120h-016Fh,01A0h-01EFh,0220h-026Fh,02A0h-02EFh,0320h-036Fh,03A0h-03EFh,0420h-046Fh,04A0h-04EFh,0520h-056Fh,05A0h-05EFh,0620h-064Fh \
  -AABS1=020h-07Fh,0A0h-0EFh,0120h-016Fh,01A0h-01EFh,0220h-026Fh,02A0h-02EFh,0320h-036Fh,03A0h-03EFh,0420h-046Fh,04A0h-04EFh,0520h-056Fh,05A0h-05EFh,0620h-064Fh \
  -ASFR0=00h-01Fh -ASFR1=080h-09Fh -ASFR2=0100h-011Fh -ASFR3=0180h-019Fh \
  -ASFR4=0200h-021Fh -ASFR5=0280h-029Fh -ASFR6=0300h-031Fh \
  -ASFR7=0380h-039Fh -ASFR8=0400h-041Fh -ASFR9=0480h-049Fh \
  -ASFR10=0500h-051Fh -ASFR11=0580h-059Fh -ASFR12=0600h-061Fh \
  -ASFR13=0680h-06EFh -ASFR14=0700h-076Fh -ASFR15=0780h-07EFh \
  -ASFR16=0800h-086Fh -ASFR17=0880h-08EFh -ASFR18=0900h-096Fh \
  -ASFR19=0980h-09EFh -ASFR20=0A00h-0A6Fh -ASFR21=0A80h-0AEFh \
  -ASFR22=0B00h-0B6Fh -ASFR23=0B80h-0BEFh -ASFR24=0C00h-0C6Fh \
  -ASFR25=0C80h-0CEFh -ASFR26=0D00h-0D6Fh -ASFR27=0D80h-0DEFh \
  -ASFR28=0E00h-0E6Fh -ASFR29=0E80h-0EEFh -ASFR30=0F00h-0F6Fh \
  -ASFR31=0F80h-0FEFh -preset_vec=00h,intentry=04h,init,end_init \
  -ppowerup=CODE -pcinit=CODE -pfunctab=CODE -ACONFIG=08007h-0800Bh \
  -pconfig=CONFIG -DCONFIG=2 -AIDLOC=08000h-08003h -pidloc=IDLOC -DIDLOC=2 \
  -AEEDATA=00h-0FFh/0F000h -peeprom_data=EEDATA -DEEDATA=2 -DCODE=2 \
  -DSTRCODE=2 -DSTRING=2 -DCONST=2 -DENTRY=2 -k \
  C:\Users\DAVE\AppData\Local\Temp\s4h4.obj \
  dist/default/production\ks0108-5.X.production.obj 

Object code version is 3.11

Machine type is 16F18855



                Name                               Link     Load   Length Selector   Space Scale
C:\Users\DAVE\AppData\Local\Temp\s4h4.obj
                end_init                             1F       1F        2        8       0
                reset_vec                             0        0        2        0       0
                config                             8007     8007        5    1000E       0
dist/default/production\ks0108-5.X.production.obj
                cinit                                21       21       16        8       0
                intentry                              4        4       1B        8       0
                text22                             10CF     10CF        7     219E       0
                text21                             111D     111D       14     223A       0
                text20                             1131     1131       17     2262       0
                text19                             10F3     10F3        D     21E6       0
                text18                             1148     1148       17     2290       0
                text17                             10D6     10D6        9     21AC       0
                text16                             1287     1287       51     250E       0
                text15                             1354     1354       8E     26A8       0
                text14                             1559     1559      2A7     2AB2       0
                text13                             110E     110E        F     221C       0
                text12                             119F     119F       2C     233E       0
                text11                             12D8     12D8       7C     25B0       0
                text10                             115F     115F       18     22BE       0
                text9                              1100     1100        E     2200       0
                text8                              13E2     13E2      177     27C4       0
                text7                              1177     1177       28     22EE       0
                text6                               B15      B15       28     162A       0
                text5                              1242     1242       45     2484       0
                text4                              11FE     11FE       44     23FC       0
                text3                              11CB     11CB       33     2396       0
                text2                              10DF     10DF        A     21BE       0
                text1                              10E9     10E9        A     21D2       0
                swtext1                            1000     1000       12     2000       0
                maintext                            B3D      B3D      4C3     167A       0
                cstackBANK0                          20       20       33       20       1
                cstackCOMMON                         70       70        D       70       1
                dataBANK0                            53       53        5       20       1
                bssBANK0                             58       58        4       20       1
                stringtext                           37       37      ADE       6E       0
                idataBANK0                         10CA     10CA        5     2194       0

TOTAL           Name                               Link     Load   Length     Space
        CLASS   STACK          

        CLASS   CODE           
                end_init                             1F       1F        2         0
                cinit                                21       21       16         0
                intentry                              4        4       1B         0
                reset_vec                             0        0        2         0
                text22                             10CF     10CF        7         0
                text21                             111D     111D       14         0
                text20                             1131     1131       17         0
                text19                             10F3     10F3        D         0
                text18                             1148     1148       17         0
                text17                             10D6     10D6        9         0
                text16                             1287     1287       51         0
                text15                             1354     1354       8E         0
                text14                             1559     1559      2A7         0
                text13                             110E     110E        F         0
                text12                             119F     119F       2C         0
                text11                             12D8     12D8       7C         0
                text10                             115F     115F       18         0
                text9                              1100     1100        E         0
                text8                              13E2     13E2      177         0
                text7                              1177     1177       28         0
                text6                               B15      B15       28         0
                text5                              1242     1242       45         0
                text4                              11FE     11FE       44         0
                text3                              11CB     11CB       33         0
                text2                              10DF     10DF        A         0
                text1                              10E9     10E9        A         0
                maintext                            B3D      B3D      4C3         0
                idataBANK0                         10CA     10CA        5         0

        CLASS   STRCODE        
                stringtext                           37       37      ADE         0

        CLASS   STRING         

        CLASS   CONST          
                swtext1                            1000     1000       12         0

        CLASS   ENTRY          

        CLASS   COMMON         
                cstackCOMMON                         70       70        D         1

        CLASS   BANK0          
                cstackBANK0                          20       20       33         1
                dataBANK0                            53       53        5         1
                bssBANK0                             58       58        4         1

        CLASS   BANK1          

        CLASS   BANK2          

        CLASS   BANK3          

        CLASS   BANK4          

        CLASS   BANK5          

        CLASS   BANK6          

        CLASS   BANK7          

        CLASS   BANK8          

        CLASS   BANK9          

        CLASS   BANK10         

        CLASS   BANK11         

        CLASS   BANK12         

        CLASS   BIGRAM         

        CLASS   RAM            

        CLASS   ABS1           
                abs_s1                               7E       7E        2         1

        CLASS   SFR0           

        CLASS   SFR1           

        CLASS   SFR2           

        CLASS   SFR3           

        CLASS   SFR4           

        CLASS   SFR5           

        CLASS   SFR6           

        CLASS   SFR7           

        CLASS   SFR8           

        CLASS   SFR9           

        CLASS   SFR10          

        CLASS   SFR11          

        CLASS   SFR12          

        CLASS   SFR13          

        CLASS   SFR14          

        CLASS   SFR15          

        CLASS   SFR16          

        CLASS   SFR17          

        CLASS   SFR18          

        CLASS   SFR19          

        CLASS   SFR20          

        CLASS   SFR21          

        CLASS   SFR22          

        CLASS   SFR23          

        CLASS   SFR24          

        CLASS   SFR25          

        CLASS   SFR26          

        CLASS   SFR27          

        CLASS   SFR28          

        CLASS   SFR29          

        CLASS   SFR30          

        CLASS   SFR31          

        CLASS   CONFIG         
                config                             8007     8007        5         0

        CLASS   IDLOC          

        CLASS   EEDATA         

        CLASS   BANK31         

        CLASS   BANK30         

        CLASS   BANK29         

        CLASS   BANK28         

        CLASS   BANK27         

        CLASS   BANK26         

        CLASS   BANK25         

        CLASS   BANK24         

        CLASS   BANK23         

        CLASS   BANK22         

        CLASS   BANK21         

        CLASS   BANK20         

        CLASS   BANK19         

        CLASS   BANK18         

        CLASS   BANK17         

        CLASS   BANK16         

        CLASS   BANK15         

        CLASS   BANK14         

        CLASS   BANK13         



SEGMENTS        Name                           Load    Length   Top    Selector   Space  Class     Delta

                reset_vec                      000000  000002  000002         0       0  CODE        2
                intentry                       000004  000033  000037         8       0  CODE        2
                cstackBANK0                    000020  00003C  00005C        20       1  BANK0       1
                stringtext                     000037  000ADE  000B15        6E       0  STRCODE     2
                cstackCOMMON                   000070  00000D  00007D        70       1  COMMON      1
                text6                          000B15  000028  000B3D      162A       0  CODE        2
                maintext                       000B3D  0004C3  001000      167A       0  CODE        2
                swtext1                        001000  000012  001012      2000       0  CONST       2
                idataBANK0                     0010CA  000005  0010CF      2194       0  CODE        2
                text22                         0010CF  000007  0010D6      219E       0  CODE        2
                text17                         0010D6  000009  0010DF      21AC       0  CODE        2
                text2                          0010DF  00000A  0010E9      21BE       0  CODE        2
                text1                          0010E9  00000A  0010F3      21D2       0  CODE        2
                text19                         0010F3  00000D  001100      21E6       0  CODE        2
                text9                          001100  00000E  00110E      2200       0  CODE        2
                text13                         00110E  00000F  00111D      221C       0  CODE        2
                text21                         00111D  000014  001131      223A       0  CODE        2
                text20                         001131  000017  001148      2262       0  CODE        2
                text18                         001148  000017  00115F      2290       0  CODE        2
                text10                         00115F  000018  001177      22BE       0  CODE        2
                text7                          001177  000028  00119F      22EE       0  CODE        2
                text12                         00119F  00002C  0011CB      233E       0  CODE        2
                text3                          0011CB  000033  0011FE      2396       0  CODE        2
                text4                          0011FE  000044  001242      23FC       0  CODE        2
                text5                          001242  000045  001287      2484       0  CODE        2
                text16                         001287  000051  0012D8      250E       0  CODE        2
                text11                         0012D8  00007C  001354      25B0       0  CODE        2
                text15                         001354  00008E  0013E2      26A8       0  CODE        2
                text8                          0013E2  000177  001559      27C4       0  CODE        2
                text14                         001559  0002A7  001800      2AB2       0  CODE        2
                config                         008007  000005  00800C     1000E       0  CONFIG      2


UNUSED ADDRESS RANGES

        Name                Unused          Largest block    Delta
        BANK0            0005C-0006F              14           1
        BANK1            000A0-000EF              50           1
        BANK10           00520-0056F              50           1
        BANK11           005A0-005EF              50           1
        BANK12           00620-0064F              30           1
        BANK2            00120-0016F              50           1
        BANK3            001A0-001EF              50           1
        BANK4            00220-0026F              50           1
        BANK5            002A0-002EF              50           1
        BANK6            00320-0036F              50           1
        BANK7            003A0-003EF              50           1
        BANK8            00420-0046F              50           1
        BANK9            004A0-004EF              50           1
        BIGRAM           02000-023EF             3F0           1
        CODE             00002-00003               2           2
                         01012-010C9              B8
                         01800-01FFF             800
        COMMON           0007D-0007D               1           1
        CONST            00002-00003               2           2
                         01012-010C9              B8
                         01800-01FFF             100
        EEDATA           0F000-0F0FF             100           2
        ENTRY            00002-00003               2           2
                         01012-010C9              B8
                         01800-01FFF             100
        IDLOC            08000-08003               4           2
        RAM              0005C-0006F              14           1
                         000A0-000EF              50
                         00120-0016F              50
                         001A0-001EF              50
                         00220-0026F              50
                         002A0-002EF              50
                         00320-0036F              50
                         003A0-003EF              50
                         00420-0046F              50
                         004A0-004EF              50
                         00520-0056F              50
                         005A0-005EF              50
                         00620-0064F              30
        SFR0             00000-0001F              20           1
        SFR1             00080-0009F              20           1
        SFR10            00500-0051F              20           1
        SFR11            00580-0059F              20           1
        SFR12            00600-0061F              20           1
        SFR13            00680-006EF              70           1
        SFR14            00700-0076F              70           1
        SFR15            00780-007EF              70           1
        SFR16            00800-0086F              70           1
        SFR17            00880-008EF              70           1
        SFR18            00900-0096F              70           1
        SFR19            00980-009EF              70           1
        SFR2             00100-0011F              20           1
        SFR20            00A00-00A6F              70           1
        SFR21            00A80-00AEF              70           1
        SFR22            00B00-00B6F              70           1
        SFR23            00B80-00BEF              70           1
        SFR24            00C00-00C6F              70           1
        SFR25            00C80-00CEF              70           1
        SFR26            00D00-00D6F              70           1
        SFR27            00D80-00DEF              70           1
        SFR28            00E00-00E6F              70           1
        SFR29            00E80-00EEF              70           1
        SFR3             00180-0019F              20           1
        SFR30            00F00-00F6F              70           1
        SFR31            00F80-00FEF              70           1
        SFR4             00200-0021F              20           1
        SFR5             00280-0029F              20           1
        SFR6             00300-0031F              20           1
        SFR7             00380-0039F              20           1
        SFR8             00400-0041F              20           1
        SFR9             00480-0049F              20           1
        STACK            0203C-023EF             3B4           1
        STRCODE          00002-00003               2           2
                         01012-010C9              B8
                         01800-01FFF             800
        STRING           00002-00003               2           2
                         01012-010C9              B8
                         01800-01FFF             100

                                  Symbol Table

?___awdiv                     cstackCOMMON 00071
?_abs                         cstackCOMMON 00071
?_millis                      cstackCOMMON 00071
Glcd_Circle@color             cstackBANK0  00027
Glcd_Circle@err               cstackBANK0  00031
Glcd_Circle@radius            cstackBANK0  00026
Glcd_Circle@temp1             cstackBANK0  00035
Glcd_Circle@temp2             cstackBANK0  00037
Glcd_Circle@x                 cstackBANK0  00034
Glcd_Circle@x_center          cstackBANK0  00032
Glcd_Circle@y                 cstackBANK0  00033
Glcd_Circle@y_center          cstackBANK0  00025
Glcd_Dot@color                cstackCOMMON 0007B
Glcd_Dot@data                 cstackBANK0  00023
Glcd_Dot@x_pos                cstackBANK0  00024
Glcd_Dot@y_pos                cstackCOMMON 0007A
Glcd_Fill@i                   cstackCOMMON 00075
Glcd_Fill@j                   cstackCOMMON 00076
Glcd_Fill@pattern             cstackCOMMON 00074
Glcd_H_Line@color             cstackBANK0  00027
Glcd_H_Line@temp              cstackBANK0  0002A
Glcd_H_Line@x_end             cstackBANK0  00025
Glcd_H_Line@x_start           cstackBANK0  0002B
Glcd_H_Line@y_pos             cstackBANK0  00026
Glcd_Image@i                  cstackBANK0  00020
Glcd_Image@image              cstackCOMMON 00073
Glcd_Image@j                  cstackBANK0  00021
Glcd_Line@P                   cstackBANK0  0003E
Glcd_Line@addx                cstackBANK0  00042
Glcd_Line@addy                cstackBANK0  00044
Glcd_Line@color               cstackBANK0  0002D
Glcd_Line@dx                  cstackBANK0  00046
Glcd_Line@dy                  cstackBANK0  00048
Glcd_Line@i                   cstackBANK0  0003C
Glcd_Line@x                   cstackBANK0  00038
Glcd_Line@x_end               cstackBANK0  00029
Glcd_Line@x_start             cstackBANK0  00025
Glcd_Line@y                   cstackBANK0  0003A
Glcd_Line@y_end               cstackBANK0  0002B
Glcd_Line@y_start             cstackBANK0  00027
Glcd_Read_Data@read_data      cstackCOMMON 00072
Glcd_Rectangle@color          cstackBANK0  0002F
Glcd_Rectangle@x_bottom_right cstackBANK0  0002D
Glcd_Rectangle@x_upper_left   cstackCOMMON 0007C
Glcd_Rectangle@y_bottom_right cstackBANK0  0002E
Glcd_Rectangle@y_upper_left   cstackBANK0  0002C
Glcd_Set_Page@page            cstackCOMMON 00072
Glcd_Set_Side@x_pos           cstackCOMMON 00071
Glcd_Set_X@x_pos              cstackCOMMON 00072
Glcd_V_Line@color             cstackBANK0  00027
Glcd_V_Line@temp              cstackBANK0  0002A
Glcd_V_Line@x_pos             cstackBANK0  00026
Glcd_V_Line@y_end             cstackBANK0  00025
Glcd_V_Line@y_start           cstackBANK0  0002B
Glcd_Write_Char@chr           cstackBANK0  00020
Glcd_Write_Char@color         cstackCOMMON 00075
Glcd_Write_Char@i             cstackBANK0  00023
Glcd_Write_Char@page_num      cstackCOMMON 00074
Glcd_Write_Char@temp          cstackBANK0  00021
Glcd_Write_Char@x_pos         cstackCOMMON 00073
Glcd_Write_Data@data          cstackCOMMON 00071
Glcd_Write_Text@color         cstackBANK0  00028
Glcd_Write_Text@i             cstackBANK0  0002D
Glcd_Write_Text@page_num      cstackBANK0  00027
Glcd_Write_Text@temp          cstackBANK0  0002C
Glcd_Write_Text@text          cstackBANK0  00024
Glcd_Write_Text@x_pos         cstackBANK0  00026
_GIE                          (abs)        0005F
_Glcd_Circle                  text14       01559
_Glcd_Dot                     text15       01354
_Glcd_Fill                    text12       0119F
_Glcd_H_Line                  text7        01177
_Glcd_Image                   text11       012D8
_Glcd_Init                    text10       0115F
_Glcd_Line                    text8        013E2
_Glcd_Read_Data               text21       0111D
_Glcd_Rectangle               text5        01242
_Glcd_Set_Page                text20       01131
_Glcd_Set_Side                text19       010F3
_Glcd_Set_X                   text18       01148
_Glcd_V_Line                  text6        00B15
_Glcd_Write_Char              text4        011FE
_Glcd_Write_Data              text17       010D6
_Glcd_Write_Text              text3        011CB
_ISR_Code                     intentry     00004
_LATBbits                     (abs)        00017
_LATC                         (abs)        00018
_LATCbits                     (abs)        00018
_PORTC                        (abs)        0000E
_TMR0H                        (abs)        0001D
_TMR0IE                       (abs)        038B5
_TMR0IF                       (abs)        03865
_TMR0L                        (abs)        0001C
_TRISBbits                    (abs)        00012
_TRISC                        (abs)        00013
_TRISCbits                    (abs)        00013
_Timer0_Init                  text2        010DF
__CFG_BOREN$ON                (abs)        00000
__CFG_BORV$LO                 (abs)        00000
__CFG_CLKOUTEN$OFF            (abs)        00000
__CFG_CP$OFF                  (abs)        00000
__CFG_CPD$OFF                 (abs)        00000
__CFG_CSWEN$OFF               (abs)        00000
__CFG_FCMEN$OFF               (abs)        00000
__CFG_FEXTOSC$OFF             (abs)        00000
__CFG_LPBOREN$OFF             (abs)        00000
__CFG_LVP$ON                  (abs)        00000
__CFG_MCLRE$OFF               (abs)        00000
__CFG_PPS1WAY$ON              (abs)        00000
__CFG_PWRTE$OFF               (abs)        00000
__CFG_RSTOSC$HFINT1           (abs)        00000
__CFG_SCANE$available         (abs)        00000
__CFG_STVREN$ON               (abs)        00000
__CFG_WDTCCS$SC               (abs)        00000
__CFG_WDTCPS$WDTCPS_31        (abs)        00000
__CFG_WDTCWS$WDTCWS_7         (abs)        00000
__CFG_WDTE$OFF                (abs)        00000
__CFG_WRT$OFF                 (abs)        00000
__CFG_ZCD$OFF                 (abs)        00000
__Habs1                       abs1         00000
__Hbank0                      bank0        00000
__Hbank1                      bank1        00000
__Hbank10                     bank10       00000
__Hbank11                     bank11       00000
__Hbank12                     bank12       00000
__Hbank13                     bank13       00000
__Hbank14                     bank14       00000
__Hbank15                     bank15       00000
__Hbank16                     bank16       00000
__Hbank17                     bank17       00000
__Hbank18                     bank18       00000
__Hbank19                     bank19       00000
__Hbank2                      bank2        00000
__Hbank20                     bank20       00000
__Hbank21                     bank21       00000
__Hbank22                     bank22       00000
__Hbank23                     bank23       00000
__Hbank24                     bank24       00000
__Hbank25                     bank25       00000
__Hbank26                     bank26       00000
__Hbank27                     bank27       00000
__Hbank28                     bank28       00000
__Hbank29                     bank29       00000
__Hbank3                      bank3        00000
__Hbank30                     bank30       00000
__Hbank31                     bank31       00000
__Hbank4                      bank4        00000
__Hbank5                      bank5        00000
__Hbank6                      bank6        00000
__Hbank7                      bank7        00000
__Hbank8                      bank8        00000
__Hbank9                      bank9        00000
__Hbigram                     bigram       00000
__HbssBANK0                   bssBANK0     00000
__Hcinit                      cinit        00037
__Hclrtext                    clrtext      00000
__Hcode                       code         00000
__Hcommon                     common       00000
__Hconfig                     config       0800C
__HcstackBANK0                cstackBANK0  00000
__HcstackCOMMON               cstackCOMMON 00000
__HdataBANK0                  dataBANK0    00000
__Heeprom_data                eeprom_data  00000
__Hend_init                   end_init     00021
__Hfunctab                    functab      00000
__HidataBANK0                 idataBANK0   00000
__Hidloc                      idloc        00000
__Hinit                       init         0001F
__Hintentry                   intentry     0001F
__Hmaintext                   maintext     00000
__Hpowerup                    powerup      00000
__Hram                        ram          00000
__Hreset_vec                  reset_vec    00002
__Hsfr0                       sfr0         00000
__Hsfr1                       sfr1         00000
__Hsfr10                      sfr10        00000
__Hsfr11                      sfr11        00000
__Hsfr12                      sfr12        00000
__Hsfr13                      sfr13        00000
__Hsfr14                      sfr14        00000
__Hsfr15                      sfr15        00000
__Hsfr16                      sfr16        00000
__Hsfr17                      sfr17        00000
__Hsfr18                      sfr18        00000
__Hsfr19                      sfr19        00000
__Hsfr2                       sfr2         00000
__Hsfr20                      sfr20        00000
__Hsfr21                      sfr21        00000
__Hsfr22                      sfr22        00000
__Hsfr23                      sfr23        00000
__Hsfr24                      sfr24        00000
__Hsfr25                      sfr25        00000
__Hsfr26                      sfr26        00000
__Hsfr27                      sfr27        00000
__Hsfr28                      sfr28        00000
__Hsfr29                      sfr29        00000
__Hsfr3                       sfr3         00000
__Hsfr30                      sfr30        00000
__Hsfr31                      sfr31        00000
__Hsfr4                       sfr4         00000
__Hsfr5                       sfr5         00000
__Hsfr6                       sfr6         00000
__Hsfr7                       sfr7         00000
__Hsfr8                       sfr8         00000
__Hsfr9                       sfr9         00000
__Hspace_0                    (abs)        0800C
__Hspace_1                    (abs)        0007D
__Hspace_2                    (abs)        00000
__Hspace_3                    (abs)        00000
__Hstack                      stack        00000
__Hstrings                    strings      00000
__Hstringtext                 stringtext   00000
__Htext                       text         00000
__Labs1                       abs1         00000
__Lbank0                      bank0        00000
__Lbank1                      bank1        00000
__Lbank10                     bank10       00000
__Lbank11                     bank11       00000
__Lbank12                     bank12       00000
__Lbank13                     bank13       00000
__Lbank14                     bank14       00000
__Lbank15                     bank15       00000
__Lbank16                     bank16       00000
__Lbank17                     bank17       00000
__Lbank18                     bank18       00000
__Lbank19                     bank19       00000
__Lbank2                      bank2        00000
__Lbank20                     bank20       00000
__Lbank21                     bank21       00000
__Lbank22                     bank22       00000
__Lbank23                     bank23       00000
__Lbank24                     bank24       00000
__Lbank25                     bank25       00000
__Lbank26                     bank26       00000
__Lbank27                     bank27       00000
__Lbank28                     bank28       00000
__Lbank29                     bank29       00000
__Lbank3                      bank3        00000
__Lbank30                     bank30       00000
__Lbank31                     bank31       00000
__Lbank4                      bank4        00000
__Lbank5                      bank5        00000
__Lbank6                      bank6        00000
__Lbank7                      bank7        00000
__Lbank8                      bank8        00000
__Lbank9                      bank9        00000
__Lbigram                     bigram       00000
__LbssBANK0                   bssBANK0     00000
__Lcinit                      cinit        00021
__Lclrtext                    clrtext      00000
__Lcode                       code         00000
__Lcommon                     common       00000
__Lconfig                     config       08007
__LcstackBANK0                cstackBANK0  00000
__LcstackCOMMON               cstackCOMMON 00000
__LdataBANK0                  dataBANK0    00000
__Leeprom_data                eeprom_data  00000
__Lend_init                   end_init     0001F
__Lfunctab                    functab      00000
__LidataBANK0                 idataBANK0   00000
__Lidloc                      idloc        00000
__Linit                       init         0001F
__Lintentry                   intentry     00004
__Lmaintext                   maintext     00000
__Lpowerup                    powerup      00000
__Lram                        ram          00000
__Lreset_vec                  reset_vec    00000
__Lsfr0                       sfr0         00000
__Lsfr1                       sfr1         00000
__Lsfr10                      sfr10        00000
__Lsfr11                      sfr11        00000
__Lsfr12                      sfr12        00000
__Lsfr13                      sfr13        00000
__Lsfr14                      sfr14        00000
__Lsfr15                      sfr15        00000
__Lsfr16                      sfr16        00000
__Lsfr17                      sfr17        00000
__Lsfr18                      sfr18        00000
__Lsfr19                      sfr19        00000
__Lsfr2                       sfr2         00000
__Lsfr20                      sfr20        00000
__Lsfr21                      sfr21        00000
__Lsfr22                      sfr22        00000
__Lsfr23                      sfr23        00000
__Lsfr24                      sfr24        00000
__Lsfr25                      sfr25        00000
__Lsfr26                      sfr26        00000
__Lsfr27                      sfr27        00000
__Lsfr28                      sfr28        00000
__Lsfr29                      sfr29        00000
__Lsfr3                       sfr3         00000
__Lsfr30                      sfr30        00000
__Lsfr31                      sfr31        00000
__Lsfr4                       sfr4         00000
__Lsfr5                       sfr5         00000
__Lsfr6                       sfr6         00000
__Lsfr7                       sfr7         00000
__Lsfr8                       sfr8         00000
__Lsfr9                       sfr9         00000
__Lspace_0                    (abs)        00000
__Lspace_1                    (abs)        00000
__Lspace_2                    (abs)        00000
__Lspace_3                    (abs)        00000
__Lstack                      stack        00000
__Lstrings                    strings      00000
__Lstringtext                 stringtext   00000
__Ltext                       text         00000
__S0                          (abs)        0800C
__S1                          (abs)        0007D
__S2                          (abs)        00000
__S3                          (abs)        00000
___awdiv                      text16       01287
___awdiv@counter              cstackCOMMON 00076
___awdiv@dividend             cstackCOMMON 00073
___awdiv@divisor              cstackCOMMON 00071
___awdiv@quotient             cstackCOMMON 00078
___awdiv@sign                 cstackCOMMON 00077
___int_sp                     stack        00000
___latbits                    (abs)        00002
___sp                         stack        00000
__end_of_Glcd_Circle          text14       01800
__end_of_Glcd_Dot             text15       013E2
__end_of_Glcd_Fill            text12       011CB
__end_of_Glcd_H_Line          text7        0119F
__end_of_Glcd_Image           text11       01354
__end_of_Glcd_Init            text10       01177
__end_of_Glcd_Line            text8        01559
__end_of_Glcd_Read_Data       text21       01131
__end_of_Glcd_Rectangle       text5        01287
__end_of_Glcd_Set_Page        text20       01148
__end_of_Glcd_Set_Side        text19       01100
__end_of_Glcd_Set_X           text18       0115F
__end_of_Glcd_V_Line          text6        00B3D
__end_of_Glcd_Write_Char      text4        01242
__end_of_Glcd_Write_Data      text17       010DF
__end_of_Glcd_Write_Text      text3        011FE
__end_of_ISR_Code             intentry     0001F
__end_of_Timer0_Init          text2        010E9
__end_of_Times_New_Roman8x8   stringtext   00637
__end_of___awdiv              text16       012D8
__end_of__glcd_enable_pulse   text22       010D6
__end_of__glcd_start_line     text13       0111D
__end_of__initialization      cinit        00033
__end_of_abs                  text9        0110E
__end_of_logo                 stringtext   00A37
__end_of_main                 maintext     01000
__end_of_millis               text1        010F3
__glcd_enable_pulse           text22       010CF
__glcd_start_line             text13       0110E
__glcd_start_line@line        cstackCOMMON 00071
__initialization              cinit        00021
__pbssBANK0                   bssBANK0     00058
__pcstackBANK0                cstackBANK0  00020
__pcstackCOMMON               cstackCOMMON 00070
__pdataBANK0                  dataBANK0    00053
__pidataBANK0                 idataBANK0   010CA
__pintentry                   intentry     00004
__pmaintext                   maintext     00B3D
__pstringtext                 stringtext   00037
__pswtext1                    swtext1      01000
__ptext1                      text1        010E9
__ptext10                     text10       0115F
__ptext11                     text11       012D8
__ptext12                     text12       0119F
__ptext13                     text13       0110E
__ptext14                     text14       01559
__ptext15                     text15       01354
__ptext16                     text16       01287
__ptext17                     text17       010D6
__ptext18                     text18       01148
__ptext19                     text19       010F3
__ptext2                      text2        010DF
__ptext20                     text20       01131
__ptext21                     text21       0111D
__ptext22                     text22       010CF
__ptext3                      text3        011CB
__ptext4                      text4        011FE
__ptext5                      text5        01242
__ptext6                      text6        00B15
__ptext7                      text7        01177
__ptext8                      text8        013E2
__ptext9                      text9        01100
__size_of_Glcd_Circle         (abs)        00000
__size_of_Glcd_Dot            (abs)        00000
__size_of_Glcd_Fill           (abs)        00000
__size_of_Glcd_H_Line         (abs)        00000
__size_of_Glcd_Image          (abs)        00000
__size_of_Glcd_Init           (abs)        00000
__size_of_Glcd_Line           (abs)        00000
__size_of_Glcd_Read_Data      (abs)        00000
__size_of_Glcd_Rectangle      (abs)        00000
__size_of_Glcd_Set_Page       (abs)        00000
__size_of_Glcd_Set_Side       (abs)        00000
__size_of_Glcd_Set_X          (abs)        00000
__size_of_Glcd_V_Line         (abs)        00000
__size_of_Glcd_Write_Char     (abs)        00000
__size_of_Glcd_Write_Data     (abs)        00000
__size_of_Glcd_Write_Text     (abs)        00000
__size_of_ISR_Code            (abs)        00000
__size_of_Timer0_Init         (abs)        00000
__size_of___awdiv             (abs)        00000
__size_of__glcd_enable_pulse  (abs)        00000
__size_of__glcd_start_line    (abs)        00000
__size_of_abs                 (abs)        00000
__size_of_main                (abs)        00000
__size_of_millis              (abs)        00000
_abs                          text9        01100
_logo                         stringtext   00637
_main                         maintext     00B3D
_millis                       text1        010E9
_t0_millis                    bssBANK0     00058
abs@a                         cstackCOMMON 00071
btemp                         (abs)        0007E
end_of_initialization         cinit        00033
int$flags                     (abs)        0007E
intlevel0                     functab      00000
intlevel1                     functab      00000
intlevel2                     functab      00000
intlevel3                     functab      00000
intlevel4                     functab      00000
intlevel5                     functab      00000
ltemp                         (abs)        0007E
ltemp0                        (abs)        0007E
ltemp1                        (abs)        00082
ltemp2                        (abs)        00086
ltemp3                        (abs)        00080
main@glcd_state               cstackBANK0  00052
main@timestamp                cstackBANK0  0004E
reset_vec                     reset_vec    00000
stackhi                       (abs)        023EF
stacklo                       (abs)        0203C
start                         init         0001F
start_initialization          cinit        00021
ttemp                         (abs)        0007E
ttemp0                        (abs)        0007E
ttemp1                        (abs)        00081
ttemp2                        (abs)        00084
ttemp3                        (abs)        00087
ttemp4                        (abs)        0007F
wtemp                         (abs)        0007E
wtemp0                        (abs)        0007E
wtemp1                        (abs)        00080
wtemp2                        (abs)        00082
wtemp3                        (abs)        00084
wtemp4                        (abs)        00086
wtemp5                        (abs)        00088
wtemp6                        (abs)        0007F


FUNCTION INFORMATION:

 *************** function _main *****************
 Defined at:
		line 85 in file "main.c"
 Parameters:    Size  Location     Type
		None
 Auto vars:     Size  Location     Type
  timestamp       4   46[BANK0 ] unsigned long 
  glcd_state      1   50[BANK0 ] unsigned char 
 Return value:  Size  Location     Type
                  1    wreg      void 
 Registers used:
		wreg, fsr0l, fsr0h, status,2, status,0, pclath, cstack
 Tracked objects:
		On entry : 
		On exit  : 
		Unchanged: 
 Data sizes:     COMMON   BANK0   BANK1   BANK2   BANK3   BANK4   BANK5   BANK6   BANK7   BANK8   BANK9  BANK10  BANK11  BANK12
      Params:         0       0       0       0       0       0       0       0       0       0       0       0       0       0
      Locals:         0       5       0       0       0       0       0       0       0       0       0       0       0       0
      Temps:          0       4       0       0       0       0       0       0       0       0       0       0       0       0
      Totals:         0       9       0       0       0       0       0       0       0       0       0       0       0       0
Total ram usage:        9 bytes
 Hardware stack levels required when called:    6
 This function calls:
		_Glcd_Circle
		_Glcd_Fill
		_Glcd_H_Line
		_Glcd_Image
		_Glcd_Init
		_Glcd_Line
		_Glcd_Rectangle
		_Glcd_V_Line
		_Glcd_Write_Text
		_Timer0_Init
		_millis
 This function is called by:
		Startup code after reset
 This function uses a non-reentrant model


 *************** function _millis *****************
 Defined at:
		line 57 in file "config.c"
 Parameters:    Size  Location     Type
		None
 Auto vars:     Size  Location     Type
		None
 Return value:  Size  Location     Type
                  4    1[COMMON] unsigned long 
 Registers used:
		wreg
 Tracked objects:
		On entry : 
		On exit  : 
		Unchanged: 
 Data sizes:     COMMON   BANK0   BANK1   BANK2   BANK3   BANK4   BANK5   BANK6   BANK7   BANK8   BANK9  BANK10  BANK11  BANK12
      Params:         4       0       0       0       0       0       0       0       0       0       0       0       0       0
      Locals:         0       0       0       0       0       0       0       0       0       0       0       0       0       0
      Temps:          0       0       0       0       0       0       0       0       0       0       0       0       0       0
      Totals:         4       0       0       0       0       0       0       0       0       0       0       0       0       0
Total ram usage:        4 bytes
 Hardware stack levels used:    1
 Hardware stack levels required when called:    1
 This function calls:
		Nothing
 This function is called by:
		_main
 This function uses a non-reentrant model


 *************** function _Timer0_Init *****************
 Defined at:
		line 40 in file "config.c"
 Parameters:    Size  Location     Type
		None
 Auto vars:     Size  Location     Type
		None
 Return value:  Size  Location     Type
                  1    wreg      void 
 Registers used:
		wreg
 Tracked objects:
		On entry : 
		On exit  : 
		Unchanged: 
 Data sizes:     COMMON   BANK0   BANK1   BANK2   BANK3   BANK4   BANK5   BANK6   BANK7   BANK8   BANK9  BANK10  BANK11  BANK12
      Params:         0       0       0       0       0       0       0       0       0       0       0       0       0       0
      Locals:         0       0       0       0       0       0       0       0       0       0       0       0       0       0
      Temps:          0       0       0       0       0       0       0       0       0       0       0       0       0       0
      Totals:         0       0       0       0       0       0       0       0       0       0       0       0       0       0
Total ram usage:        0 bytes
 Hardware stack levels used:    1
 Hardware stack levels required when called:    1
 This function calls:
		Nothing
 This function is called by:
		_main
 This function uses a non-reentrant model


 *************** function _Glcd_Write_Text *****************
 Defined at:
		line 575 in file "glcd_128x64.c"
 Parameters:    Size  Location     Type
  text            2    4[BANK0 ] PTR unsigned char 
		 -> STR_15(15), STR_14(17), STR_13(17), STR_12(17), 
		 -> STR_11(17), STR_10(17), STR_9(14), STR_8(12), 
		 -> STR_7(10), STR_6(14), STR_5(16), STR_4(15), 
		 -> STR_3(14), STR_2(13), STR_1(14), 
  x_pos           1    6[BANK0 ] unsigned char 
  page_num        1    7[BANK0 ] unsigned char 
  color           1    8[BANK0 ] unsigned char 
 Auto vars:     Size  Location     Type
  temp            1   12[BANK0 ] unsigned char 
  i               1   13[BANK0 ] unsigned char 
 Return value:  Size  Location     Type
                  1    wreg      void 
 Registers used:
		wreg, fsr0l, fsr0h, status,2, status,0, pclath, cstack
 Tracked objects:
		On entry : 
		On exit  : 
		Unchanged: 
 Data sizes:     COMMON   BANK0   BANK1   BANK2   BANK3   BANK4   BANK5   BANK6   BANK7   BANK8   BANK9  BANK10  BANK11  BANK12
      Params:         0       5       0       0       0       0       0       0       0       0       0       0       0       0
      Locals:         0       2       0       0       0       0       0       0       0       0       0       0       0       0
      Temps:          0       3       0       0       0       0       0       0       0       0       0       0       0       0
      Totals:         0      10       0       0       0       0       0       0       0       0       0       0       0       0
Total ram usage:       10 bytes
 Hardware stack levels used:    1
 Hardware stack levels required when called:    4
 This function calls:
		_Glcd_Write_Char
 This function is called by:
		_main
 This function uses a non-reentrant model


 *************** function _Glcd_Write_Char *****************
 Defined at:
		line 545 in file "glcd_128x64.c"
 Parameters:    Size  Location     Type
  chr             1    wreg     unsigned char 
  x_pos           1    3[COMMON] unsigned char 
  page_num        1    4[COMMON] unsigned char 
  color           1    5[COMMON] unsigned char 
 Auto vars:     Size  Location     Type
  chr             1    0[BANK0 ] unsigned char 
  temp            2    1[BANK0 ] unsigned int 
  i               1    3[BANK0 ] unsigned char 
 Return value:  Size  Location     Type
                  1    wreg      void 
 Registers used:
		wreg, status,2, status,0, pclath, cstack
 Tracked objects:
		On entry : 
		On exit  : 
		Unchanged: 
 Data sizes:     COMMON   BANK0   BANK1   BANK2   BANK3   BANK4   BANK5   BANK6   BANK7   BANK8   BANK9  BANK10  BANK11  BANK12
      Params:         3       0       0       0       0       0       0       0       0       0       0       0       0       0
      Locals:         0       4       0       0       0       0       0       0       0       0       0       0       0       0
      Temps:          6       0       0       0       0       0       0       0       0       0       0       0       0       0
      Totals:         9       4       0       0       0       0       0       0       0       0       0       0       0       0
Total ram usage:       13 bytes
 Hardware stack levels used:    1
 Hardware stack levels required when called:    3
 This function calls:
		_Glcd_Set_Page
		_Glcd_Set_Side
		_Glcd_Set_X
		_Glcd_Write_Data
 This function is called by:
		_Glcd_Write_Text
 This function uses a non-reentrant model


 *************** function _Glcd_Rectangle *****************
 Defined at:
		line 293 in file "glcd_128x64.c"
 Parameters:    Size  Location     Type
  x_upper_left    1    wreg     unsigned char 
  y_upper_left    1   12[BANK0 ] unsigned char 
  x_bottom_rig    1   13[BANK0 ] unsigned char 
  y_bottom_rig    1   14[BANK0 ] unsigned char 
  color           1   15[BANK0 ] unsigned char 
 Auto vars:     Size  Location     Type
  x_upper_left    1   12[COMMON] unsigned char 
 Return value:  Size  Location     Type
                  1    wreg      void 
 Registers used:
		wreg, fsr0l, fsr0h, status,2, status,0, pclath, cstack
 Tracked objects:
		On entry : 
		On exit  : 
		Unchanged: 
 Data sizes:     COMMON   BANK0   BANK1   BANK2   BANK3   BANK4   BANK5   BANK6   BANK7   BANK8   BANK9  BANK10  BANK11  BANK12
      Params:         0       4       0       0       0       0       0       0       0       0       0       0       0       0
      Locals:         1       0       0       0       0       0       0       0       0       0       0       0       0       0
      Temps:          0       3       0       0       0       0       0       0       0       0       0       0       0       0
      Totals:         1       7       0       0       0       0       0       0       0       0       0       0       0       0
Total ram usage:        8 bytes
 Hardware stack levels used:    1
 Hardware stack levels required when called:    5
 This function calls:
		_Glcd_H_Line
		_Glcd_V_Line
 This function is called by:
		_main
 This function uses a non-reentrant model


 *************** function _Glcd_V_Line *****************
 Defined at:
		line 232 in file "glcd_128x64.c"
 Parameters:    Size  Location     Type
  y_start         1    wreg     unsigned char 
  y_end           1    5[BANK0 ] unsigned char 
  x_pos           1    6[BANK0 ] unsigned char 
  color           1    7[BANK0 ] unsigned char 
 Auto vars:     Size  Location     Type
  y_start         1   11[BANK0 ] unsigned char 
  temp            1   10[BANK0 ] unsigned char 
 Return value:  Size  Location     Type
                  1    wreg      void 
 Registers used:
		wreg, fsr0l, fsr0h, status,2, status,0, pclath, cstack
 Tracked objects:
		On entry : 
		On exit  : 
		Unchanged: 
 Data sizes:     COMMON   BANK0   BANK1   BANK2   BANK3   BANK4   BANK5   BANK6   BANK7   BANK8   BANK9  BANK10  BANK11  BANK12
      Params:         0       3       0       0       0       0       0       0       0       0       0       0       0       0
      Locals:         0       2       0       0       0       0       0       0       0       0       0       0       0       0
      Temps:          0       2       0       0       0       0       0       0       0       0       0       0       0       0
      Totals:         0       7       0       0       0       0       0       0       0       0       0       0       0       0
Total ram usage:        7 bytes
 Hardware stack levels used:    1
 Hardware stack levels required when called:    4
 This function calls:
		_Glcd_Dot
 This function is called by:
		_main
		_Glcd_Rectangle
 This function uses a non-reentrant model


 *************** function _Glcd_H_Line *****************
 Defined at:
		line 260 in file "glcd_128x64.c"
 Parameters:    Size  Location     Type
  x_start         1    wreg     unsigned char 
  x_end           1    5[BANK0 ] unsigned char 
  y_pos           1    6[BANK0 ] unsigned char 
  color           1    7[BANK0 ] unsigned char 
 Auto vars:     Size  Location     Type
  x_start         1   11[BANK0 ] unsigned char 
  temp            1   10[BANK0 ] unsigned char 
 Return value:  Size  Location     Type
                  1    wreg      void 
 Registers used:
		wreg, fsr0l, fsr0h, status,2, status,0, pclath, cstack
 Tracked objects:
		On entry : 
		On exit  : 
		Unchanged: 
 Data sizes:     COMMON   BANK0   BANK1   BANK2   BANK3   BANK4   BANK5   BANK6   BANK7   BANK8   BANK9  BANK10  BANK11  BANK12
      Params:         0       3       0       0       0       0       0       0       0       0       0       0       0       0
      Locals:         0       2       0       0       0       0       0       0       0       0       0       0       0       0
      Temps:          0       2       0       0       0       0       0       0       0       0       0       0       0       0
      Totals:         0       7       0       0       0       0       0       0       0       0       0       0       0       0
Total ram usage:        7 bytes
 Hardware stack levels used:    1
 Hardware stack levels required when called:    4
 This function calls:
		_Glcd_Dot
 This function is called by:
		_main
		_Glcd_Rectangle
 This function uses a non-reentrant model


 *************** function _Glcd_Line *****************
 Defined at:
		line 318 in file "glcd_128x64.c"
 Parameters:    Size  Location     Type
  x_start         2    5[BANK0 ] int 
  y_start         2    7[BANK0 ] int 
  x_end           2    9[BANK0 ] int 
  y_end           2   11[BANK0 ] int 
  color           1   13[BANK0 ] unsigned char 
 Auto vars:     Size  Location     Type
  P               4   30[BANK0 ] long 
  dy              2   40[BANK0 ] int 
  dx              2   38[BANK0 ] int 
  addy            2   36[BANK0 ] int 
  addx            2   34[BANK0 ] int 
  i               2   28[BANK0 ] int 
  y               2   26[BANK0 ] int 
  x               2   24[BANK0 ] int 
 Return value:  Size  Location     Type
                  1    wreg      void 
 Registers used:
		wreg, fsr0l, fsr0h, status,2, status,0, pclath, cstack
 Tracked objects:
		On entry : 
		On exit  : 
		Unchanged: 
 Data sizes:     COMMON   BANK0   BANK1   BANK2   BANK3   BANK4   BANK5   BANK6   BANK7   BANK8   BANK9  BANK10  BANK11  BANK12
      Params:         0       9       0       0       0       0       0       0       0       0       0       0       0       0
      Locals:         0      18       0       0       0       0       0       0       0       0       0       0       0       0
      Temps:          0      10       0       0       0       0       0       0       0       0       0       0       0       0
      Totals:         0      37       0       0       0       0       0       0       0       0       0       0       0       0
Total ram usage:       37 bytes
 Hardware stack levels used:    1
 Hardware stack levels required when called:    4
 This function calls:
		_Glcd_Dot
		_abs
 This function is called by:
		_main
 This function uses a non-reentrant model


 *************** function _abs *****************
 Defined at:
		line 4 in file "C:\Program Files (x86)\Microchip\xc8\v1.38\sources\common\abs.c"
 Parameters:    Size  Location     Type
  a               2    1[COMMON] int 
 Auto vars:     Size  Location     Type
		None
 Return value:  Size  Location     Type
                  2    1[COMMON] int 
 Registers used:
		wreg, status,2, status,0
 Tracked objects:
		On entry : 
		On exit  : 
		Unchanged: 
 Data sizes:     COMMON   BANK0   BANK1   BANK2   BANK3   BANK4   BANK5   BANK6   BANK7   BANK8   BANK9  BANK10  BANK11  BANK12
      Params:         2       0       0       0       0       0       0       0       0       0       0       0       0       0
      Locals:         0       0       0       0       0       0       0       0       0       0       0       0       0       0
      Temps:          2       0       0       0       0       0       0       0       0       0       0       0       0       0
      Totals:         4       0       0       0       0       0       0       0       0       0       0       0       0       0
Total ram usage:        4 bytes
 Hardware stack levels used:    1
 Hardware stack levels required when called:    1
 This function calls:
		Nothing
 This function is called by:
		_Glcd_Line
 This function uses a non-reentrant model


 *************** function _Glcd_Init *****************
 Defined at:
		line 23 in file "glcd_128x64.c"
 Parameters:    Size  Location     Type
		None
 Auto vars:     Size  Location     Type
		None
 Return value:  Size  Location     Type
                  1    wreg      void 
 Registers used:
		wreg, status,2, status,0, pclath, cstack
 Tracked objects:
		On entry : 
		On exit  : 
		Unchanged: 
 Data sizes:     COMMON   BANK0   BANK1   BANK2   BANK3   BANK4   BANK5   BANK6   BANK7   BANK8   BANK9  BANK10  BANK11  BANK12
      Params:         0       0       0       0       0       0       0       0       0       0       0       0       0       0
      Locals:         0       0       0       0       0       0       0       0       0       0       0       0       0       0
      Temps:          0       0       0       0       0       0       0       0       0       0       0       0       0       0
      Totals:         0       0       0       0       0       0       0       0       0       0       0       0       0       0
Total ram usage:        0 bytes
 Hardware stack levels used:    1
 Hardware stack levels required when called:    3
 This function calls:
		__glcd_enable_pulse
		__glcd_start_line
 This function is called by:
		_main
 This function uses a non-reentrant model


 *************** function _Glcd_Image *****************
 Defined at:
		line 421 in file "glcd_128x64.c"
 Parameters:    Size  Location     Type
  image           2    3[COMMON] PTR const unsigned char 
		 -> logo(1024), 
 Auto vars:     Size  Location     Type
  j               1    1[BANK0 ] unsigned char 
  i               1    0[BANK0 ] unsigned char 
 Return value:  Size  Location     Type
                  1    wreg      void 
 Registers used:
		wreg, fsr0l, fsr0h, status,2, status,0, pclath, cstack
 Tracked objects:
		On entry : 
		On exit  : 
		Unchanged: 
 Data sizes:     COMMON   BANK0   BANK1   BANK2   BANK3   BANK4   BANK5   BANK6   BANK7   BANK8   BANK9  BANK10  BANK11  BANK12
      Params:         2       0       0       0       0       0       0       0       0       0       0       0       0       0
      Locals:         0       2       0       0       0       0       0       0       0       0       0       0       0       0
      Temps:          8       0       0       0       0       0       0       0       0       0       0       0       0       0
      Totals:        10       2       0       0       0       0       0       0       0       0       0       0       0       0
Total ram usage:       12 bytes
 Hardware stack levels used:    1
 Hardware stack levels required when called:    3
 This function calls:
		_Glcd_Set_Page
		_Glcd_Set_X
		_Glcd_Write_Data
		__glcd_start_line
 This function is called by:
		_main
 This function uses a non-reentrant model


 *************** function _Glcd_Fill *****************
 Defined at:
		line 160 in file "glcd_128x64.c"
 Parameters:    Size  Location     Type
  pattern         1    wreg     unsigned char 
 Auto vars:     Size  Location     Type
  pattern         1    4[COMMON] unsigned char 
  j               1    6[COMMON] unsigned char 
  i               1    5[COMMON] unsigned char 
 Return value:  Size  Location     Type
                  1    wreg      void 
 Registers used:
		wreg, status,2, status,0, pclath, cstack
 Tracked objects:
		On entry : 
		On exit  : 
		Unchanged: 
 Data sizes:     COMMON   BANK0   BANK1   BANK2   BANK3   BANK4   BANK5   BANK6   BANK7   BANK8   BANK9  BANK10  BANK11  BANK12
      Params:         0       0       0       0       0       0       0       0       0       0       0       0       0       0
      Locals:         3       0       0       0       0       0       0       0       0       0       0       0       0       0
      Temps:          1       0       0       0       0       0       0       0       0       0       0       0       0       0
      Totals:         4       0       0       0       0       0       0       0       0       0       0       0       0       0
Total ram usage:        4 bytes
 Hardware stack levels used:    1
 Hardware stack levels required when called:    3
 This function calls:
		_Glcd_Set_Page
		_Glcd_Write_Data
		__glcd_start_line
 This function is called by:
		_main
 This function uses a non-reentrant model


 *************** function __glcd_start_line *****************
 Defined at:
		line 611 in file "glcd_128x64.c"
 Parameters:    Size  Location     Type
  line            1    wreg     unsigned char 
 Auto vars:     Size  Location     Type
  line            1    1[COMMON] unsigned char 
 Return value:  Size  Location     Type
                  1    wreg      void 
 Registers used:
		wreg, status,2, status,0, pclath, cstack
 Tracked objects:
		On entry : 
		On exit  : 
		Unchanged: 
 Data sizes:     COMMON   BANK0   BANK1   BANK2   BANK3   BANK4   BANK5   BANK6   BANK7   BANK8   BANK9  BANK10  BANK11  BANK12
      Params:         0       0       0       0       0       0       0       0       0       0       0       0       0       0
      Locals:         1       0       0       0       0       0       0       0       0       0       0       0       0       0
      Temps:          0       0       0       0       0       0       0       0       0       0       0       0       0       0
      Totals:         1       0       0       0       0       0       0       0       0       0       0       0       0       0
Total ram usage:        1 bytes
 Hardware stack levels used:    1
 Hardware stack levels required when called:    2
 This function calls:
		__glcd_enable_pulse
 This function is called by:
		_Glcd_Init
		_Glcd_Fill
		_Glcd_Image
 This function uses a non-reentrant model


 *************** function _Glcd_Circle *****************
 Defined at:
		line 462 in file "glcd_128x64.c"
 Parameters:    Size  Location     Type
  x_center        1    wreg     char 
  y_center        1    5[BANK0 ] char 
  radius          1    6[BANK0 ] unsigned char 
  color           1    7[BANK0 ] unsigned char 
 Auto vars:     Size  Location     Type
  x_center        1   18[BANK0 ] char 
  temp2           2   23[BANK0 ] int 
  temp1           2   21[BANK0 ] int 
  x               1   20[BANK0 ] char 
  y               1   19[BANK0 ] char 
  err             1   17[BANK0 ] char 
 Return value:  Size  Location     Type
                  1    wreg      void 
 Registers used:
		wreg, fsr0l, fsr0h, status,2, status,0, pclath, cstack
 Tracked objects:
		On entry : 
		On exit  : 
		Unchanged: 
 Data sizes:     COMMON   BANK0   BANK1   BANK2   BANK3   BANK4   BANK5   BANK6   BANK7   BANK8   BANK9  BANK10  BANK11  BANK12
      Params:         0       3       0       0       0       0       0       0       0       0       0       0       0       0
      Locals:         0       8       0       0       0       0       0       0       0       0       0       0       0       0
      Temps:          0       9       0       0       0       0       0       0       0       0       0       0       0       0
      Totals:         0      20       0       0       0       0       0       0       0       0       0       0       0       0
Total ram usage:       20 bytes
 Hardware stack levels used:    1
 Hardware stack levels required when called:    4
 This function calls:
		_Glcd_Dot
 This function is called by:
		_main
 This function uses a non-reentrant model


 *************** function _Glcd_Dot *****************
 Defined at:
		line 188 in file "glcd_128x64.c"
 Parameters:    Size  Location     Type
  x_pos           1    wreg     unsigned char 
  y_pos           1   10[COMMON] unsigned char 
  color           1   11[COMMON] unsigned char 
 Auto vars:     Size  Location     Type
  x_pos           1    4[BANK0 ] unsigned char 
  data            1    3[BANK0 ] unsigned char 
 Return value:  Size  Location     Type
                  1    wreg      void 
 Registers used:
		wreg, fsr0l, fsr0h, status,2, status,0, pclath, cstack
 Tracked objects:
		On entry : 
		On exit  : 
		Unchanged: 
 Data sizes:     COMMON   BANK0   BANK1   BANK2   BANK3   BANK4   BANK5   BANK6   BANK7   BANK8   BANK9  BANK10  BANK11  BANK12
      Params:         2       0       0       0       0       0       0       0       0       0       0       0       0       0
      Locals:         0       2       0       0       0       0       0       0       0       0       0       0       0       0
      Temps:          0       3       0       0       0       0       0       0       0       0       0       0       0       0
      Totals:         2       5       0       0       0       0       0       0       0       0       0       0       0       0
Total ram usage:        7 bytes
 Hardware stack levels used:    1
 Hardware stack levels required when called:    3
 This function calls:
		_Glcd_Read_Data
		_Glcd_Set_Page
		_Glcd_Set_Side
		_Glcd_Set_X
		_Glcd_Write_Data
		___awdiv
 This function is called by:
		_Glcd_V_Line
		_Glcd_H_Line
		_Glcd_Line
		_Glcd_Circle
 This function uses a non-reentrant model


 *************** function ___awdiv *****************
 Defined at:
		line 6 in file "C:\Program Files (x86)\Microchip\xc8\v1.38\sources\common\awdiv.c"
 Parameters:    Size  Location     Type
  divisor         2    1[COMMON] int 
  dividend        2    3[COMMON] int 
 Auto vars:     Size  Location     Type
  quotient        2    8[COMMON] int 
  sign            1    7[COMMON] unsigned char 
  counter         1    6[COMMON] unsigned char 
 Return value:  Size  Location     Type
                  2    1[COMMON] int 
 Registers used:
		wreg, status,2, status,0
 Tracked objects:
		On entry : 
		On exit  : 
		Unchanged: 
 Data sizes:     COMMON   BANK0   BANK1   BANK2   BANK3   BANK4   BANK5   BANK6   BANK7   BANK8   BANK9  BANK10  BANK11  BANK12
      Params:         4       0       0       0       0       0       0       0       0       0       0       0       0       0
      Locals:         4       0       0       0       0       0       0       0       0       0       0       0       0       0
      Temps:          1       0       0       0       0       0       0       0       0       0       0       0       0       0
      Totals:         9       0       0       0       0       0       0       0       0       0       0       0       0       0
Total ram usage:        9 bytes
 Hardware stack levels used:    1
 Hardware stack levels required when called:    1
 This function calls:
		Nothing
 This function is called by:
		_Glcd_Dot
 This function uses a non-reentrant model


 *************** function _Glcd_Write_Data *****************
 Defined at:
		line 113 in file "glcd_128x64.c"
 Parameters:    Size  Location     Type
  data            1    wreg     unsigned char 
 Auto vars:     Size  Location     Type
  data            1    1[COMMON] unsigned char 
 Return value:  Size  Location     Type
                  1    wreg      void 
 Registers used:
		wreg, status,2, status,0, pclath, cstack
 Tracked objects:
		On entry : 
		On exit  : 
		Unchanged: 
 Data sizes:     COMMON   BANK0   BANK1   BANK2   BANK3   BANK4   BANK5   BANK6   BANK7   BANK8   BANK9  BANK10  BANK11  BANK12
      Params:         0       0       0       0       0       0       0       0       0       0       0       0       0       0
      Locals:         1       0       0       0       0       0       0       0       0       0       0       0       0       0
      Temps:          0       0       0       0       0       0       0       0       0       0       0       0       0       0
      Totals:         1       0       0       0       0       0       0       0       0       0       0       0       0       0
Total ram usage:        1 bytes
 Hardware stack levels used:    1
 Hardware stack levels required when called:    2
 This function calls:
		__glcd_enable_pulse
 This function is called by:
		_Glcd_Fill
		_Glcd_Dot
		_Glcd_Image
		_Glcd_Write_Char
 This function uses a non-reentrant model


 *************** function _Glcd_Set_X *****************
 Defined at:
		line 77 in file "glcd_128x64.c"
 Parameters:    Size  Location     Type
  x_pos           1    wreg     unsigned char 
 Auto vars:     Size  Location     Type
  x_pos           1    2[COMMON] unsigned char 
 Return value:  Size  Location     Type
                  1    wreg      void 
 Registers used:
		wreg, status,2, status,0, pclath, cstack
 Tracked objects:
		On entry : 
		On exit  : 
		Unchanged: 
 Data sizes:     COMMON   BANK0   BANK1   BANK2   BANK3   BANK4   BANK5   BANK6   BANK7   BANK8   BANK9  BANK10  BANK11  BANK12
      Params:         0       0       0       0       0       0       0       0       0       0       0       0       0       0
      Locals:         1       0       0       0       0       0       0       0       0       0       0       0       0       0
      Temps:          1       0       0       0       0       0       0       0       0       0       0       0       0       0
      Totals:         2       0       0       0       0       0       0       0       0       0       0       0       0       0
Total ram usage:        2 bytes
 Hardware stack levels used:    1
 Hardware stack levels required when called:    2
 This function calls:
		__glcd_enable_pulse
 This function is called by:
		_Glcd_Dot
		_Glcd_Image
		_Glcd_Write_Char
 This function uses a non-reentrant model


 *************** function _Glcd_Set_Side *****************
 Defined at:
		line 57 in file "glcd_128x64.c"
 Parameters:    Size  Location     Type
  x_pos           1    wreg     unsigned char 
 Auto vars:     Size  Location     Type
  x_pos           1    1[COMMON] unsigned char 
 Return value:  Size  Location     Type
                  1    wreg      void 
 Registers used:
		wreg
 Tracked objects:
		On entry : 
		On exit  : 
		Unchanged: 
 Data sizes:     COMMON   BANK0   BANK1   BANK2   BANK3   BANK4   BANK5   BANK6   BANK7   BANK8   BANK9  BANK10  BANK11  BANK12
      Params:         0       0       0       0       0       0       0       0       0       0       0       0       0       0
      Locals:         1       0       0       0       0       0       0       0       0       0       0       0       0       0
      Temps:          0       0       0       0       0       0       0       0       0       0       0       0       0       0
      Totals:         1       0       0       0       0       0       0       0       0       0       0       0       0       0
Total ram usage:        1 bytes
 Hardware stack levels used:    1
 Hardware stack levels required when called:    1
 This function calls:
		Nothing
 This function is called by:
		_Glcd_Dot
		_Glcd_Write_Char
 This function uses a non-reentrant model


 *************** function _Glcd_Set_Page *****************
 Defined at:
		line 95 in file "glcd_128x64.c"
 Parameters:    Size  Location     Type
  page            1    wreg     unsigned char 
 Auto vars:     Size  Location     Type
  page            1    2[COMMON] unsigned char 
 Return value:  Size  Location     Type
                  1    wreg      void 
 Registers used:
		wreg, status,2, status,0, pclath, cstack
 Tracked objects:
		On entry : 
		On exit  : 
		Unchanged: 
 Data sizes:     COMMON   BANK0   BANK1   BANK2   BANK3   BANK4   BANK5   BANK6   BANK7   BANK8   BANK9  BANK10  BANK11  BANK12
      Params:         0       0       0       0       0       0       0       0       0       0       0       0       0       0
      Locals:         1       0       0       0       0       0       0       0       0       0       0       0       0       0
      Temps:          1       0       0       0       0       0       0       0       0       0       0       0       0       0
      Totals:         2       0       0       0       0       0       0       0       0       0       0       0       0       0
Total ram usage:        2 bytes
 Hardware stack levels used:    1
 Hardware stack levels required when called:    2
 This function calls:
		__glcd_enable_pulse
 This function is called by:
		_Glcd_Fill
		_Glcd_Dot
		_Glcd_Image
		_Glcd_Write_Char
 This function uses a non-reentrant model


 *************** function _Glcd_Read_Data *****************
 Defined at:
		line 130 in file "glcd_128x64.c"
 Parameters:    Size  Location     Type
		None
 Auto vars:     Size  Location     Type
  read_data       1    2[COMMON] unsigned char 
 Return value:  Size  Location     Type
                  1    wreg      unsigned char 
 Registers used:
		wreg, status,2, status,0, pclath, cstack
 Tracked objects:
		On entry : 
		On exit  : 
		Unchanged: 
 Data sizes:     COMMON   BANK0   BANK1   BANK2   BANK3   BANK4   BANK5   BANK6   BANK7   BANK8   BANK9  BANK10  BANK11  BANK12
      Params:         0       0       0       0       0       0       0       0       0       0       0       0       0       0
      Locals:         1       0       0       0       0       0       0       0       0       0       0       0       0       0
      Temps:          1       0       0       0       0       0       0       0       0       0       0       0       0       0
      Totals:         2       0       0       0       0       0       0       0       0       0       0       0       0       0
Total ram usage:        2 bytes
 Hardware stack levels used:    1
 Hardware stack levels required when called:    2
 This function calls:
		__glcd_enable_pulse
 This function is called by:
		_Glcd_Dot
 This function uses a non-reentrant model


 *************** function __glcd_enable_pulse *****************
 Defined at:
		line 595 in file "glcd_128x64.c"
 Parameters:    Size  Location     Type
		None
 Auto vars:     Size  Location     Type
		None
 Return value:  Size  Location     Type
                  1    wreg      void 
 Registers used:
		None
 Tracked objects:
		On entry : 
		On exit  : 
		Unchanged: 
 Data sizes:     COMMON   BANK0   BANK1   BANK2   BANK3   BANK4   BANK5   BANK6   BANK7   BANK8   BANK9  BANK10  BANK11  BANK12
      Params:         0       0       0       0       0       0       0       0       0       0       0       0       0       0
      Locals:         0       0       0       0       0       0       0       0       0       0       0       0       0       0
      Temps:          0       0       0       0       0       0       0       0       0       0       0       0       0       0
      Totals:         0       0       0       0       0       0       0       0       0       0       0       0       0       0
Total ram usage:        0 bytes
 Hardware stack levels used:    1
 Hardware stack levels required when called:    1
 This function calls:
		Nothing
 This function is called by:
		_Glcd_Init
		_Glcd_Set_X
		_Glcd_Set_Page
		_Glcd_Write_Data
		_Glcd_Read_Data
		__glcd_start_line
 This function uses a non-reentrant model


 *************** function _ISR_Code *****************
 Defined at:
		line 24 in file "config.c"
 Parameters:    Size  Location     Type
		None
 Auto vars:     Size  Location     Type
		None
 Return value:  Size  Location     Type
                  1    wreg      void 
 Registers used:
		wreg
 Tracked objects:
		On entry : 
		On exit  : 
		Unchanged: 
 Data sizes:     COMMON   BANK0   BANK1   BANK2   BANK3   BANK4   BANK5   BANK6   BANK7   BANK8   BANK9  BANK10  BANK11  BANK12
      Params:         0       0       0       0       0       0       0       0       0       0       0       0       0       0
      Locals:         0       0       0       0       0       0       0       0       0       0       0       0       0       0
      Temps:          1       0       0       0       0       0       0       0       0       0       0       0       0       0
      Totals:         1       0       0       0       0       0       0       0       0       0       0       0       0       0
Total ram usage:        1 bytes
 Hardware stack levels used:    1
 This function calls:
		Nothing
 This function is called by:
		Interrupt level 1
 This function uses a non-reentrant model



MODULE INFORMATION

Module		Function		Class		Link	Load	Size
C:\Program Files (x86)\Microchip\xc8\v1.38\sources\common\awdiv.c
		___awdiv       		CODE           	1287	0000	82

C:\Program Files (x86)\Microchip\xc8\v1.38\sources\common\awdiv.c estimated size: 82

config.c
		_millis        		CODE           	10E9	0000	11
		_Timer0_Init   		CODE           	10DF	0000	11
		_ISR_Code      		CODE           	0004	0000	28

config.c estimated size: 50

C:\Program Files (x86)\Microchip\xc8\v1.38\sources\common\abs.c
		_abs           		CODE           	1100	0000	15

C:\Program Files (x86)\Microchip\xc8\v1.38\sources\common\abs.c estimated size: 15

shared
		_Times_New_Roman8x8		STRCODE        	0000	0000	0
		__initialization		CODE           	0021	0000	19
		_logo          		STRCODE        	0637	0000	1025

shared estimated size: 1044

glcd_128x64.c
		_Glcd_Dot      		CODE           	1354	0000	143
		_Glcd_Init     		CODE           	115F	0000	25
		_Glcd_Write_Data		CODE           	10D6	0000	10
		_Glcd_Write_Char		CODE           	11FE	0000	69
		_Glcd_Write_Text		CODE           	11CB	0000	52
		_Glcd_Read_Data		CODE           	111D	0000	21
		_Glcd_Rectangle		CODE           	1242	0000	70
		_Glcd_V_Line   		CODE           	0B15	0000	41
		_Glcd_Set_X    		CODE           	1148	0000	24
		__glcd_enable_pulse		CODE           	10CF	0000	8
		_Glcd_Image    		CODE           	12D8	0000	125
		_Glcd_H_Line   		CODE           	1177	0000	41
		_Glcd_Set_Page 		CODE           	1131	0000	24
		_Glcd_Set_Side 		CODE           	10F3	0000	14
		__glcd_start_line		CODE           	110E	0000	16
		_Glcd_Circle   		CODE           	1559	0000	680
		_Glcd_Fill     		CODE           	119F	0000	45
		_Glcd_Line     		CODE           	13E2	0000	376

glcd_128x64.c estimated size: 1784

main.c
		_main          		CODE           	0B3D	0000	1220

main.c estimated size: 1220

