Microchip MPLAB XC8 Compiler V1.34 ()

Linker command line:

--edf=C:\Program Files (x86)\Microchip\xc8\v1.34\dat\en_msgs.txt -cs \
  -h+dist/default/production\HC-SR04.X.production.sym \
  --cmf=dist/default/production\HC-SR04.X.production.cmf -z -Q16F720 \
  -oC:\Users\DAVE\AppData\Local\Temp\s3vs.6 \
  -Mdist/default/production/HC-SR04.X.production.map -E1 -ver=XC8 \
  -ASTACK=039h-06fh -pstack=STACK -ACODE=00h-07FFh -ASTRCODE=00h-07FFh \
  -ASTRING=00h-0FFhx8 -ACONST=00h-0FFhx8 -AENTRY=00h-0FFhx8 \
  -ACOMMON=070h-07Fh -ABANK0=020h-06Fh -ABANK1=0A0h-0BFh \
  -ARAM=020h-06Fh,0A0h-0BFh -AABS1=020h-07Fh,0A0h-0BFh -ASFR0=00h-01Fh \
  -ASFR1=080h-09Fh -ASFR2=0100h-016Fh -ASFR3=0180h-01EFh \
  -preset_vec=00h,intentry=04h,init,end_init -ppowerup=CODE -pcinit=CODE \
  -pfunctab=CODE -ACONFIG=02007h-02008h -pconfig=CONFIG -DCONFIG=2 \
  -AIDLOC=02000h-02003h -pidloc=IDLOC -DIDLOC=2 -DCODE=2 -DSTRCODE=2 \
  -DSTRING=2 -DCONST=2 -DENTRY=2 -k \
  C:\Users\DAVE\AppData\Local\Temp\s3vs.obj \
  dist/default/production\HC-SR04.X.production.obj 

Object code version is 3.11

Machine type is 16F720



                Name                               Link     Load   Length Selector   Space Scale
C:\Users\DAVE\AppData\Local\Temp\s3vs.obj
                end_init                             10       10        1        8       0
                reset_vec                             0        0        1        0       0
                config                             2007     2007        1     400E       0
dist/default/production\HC-SR04.X.production.obj
                cinit                                11       11        7        8       0
                intentry                              4        4        C        8       0
                text12                              1A1      1A1       59        8       0
                text11                              305      305       2C      5A8       0
                text10                              331      331       23      5A8       0
                text9                               36E      36E       18      5A8       0
                text8                               386      386       16      5A8       0
                text7                               39C      39C        5      5A8       0
                text6                               238      238       37        8       0
                text5                               116      116       8B        8       0
                text4                               2D4      2D4       31      5A8       0
                text3                               354      354       1A      5A8       0
                text2                               1FA      1FA       3E        8       0
                text1                               26F      26F       34        8       0
                maintext                             18       18       FE        8       0
                cstackBANK0                          20       20       14       20       1
                cstackCOMMON                         70       70        9       70       1
                bssBANK0                             34       34        5       20       1
                strings                             2A3      2A3       31      546       0

TOTAL           Name                               Link     Load   Length     Space
        CLASS   STACK          

        CLASS   CODE           
                end_init                             10       10        1         0
                cinit                                11       11        7         0
                intentry                              4        4        C         0
                reset_vec                             0        0        1         0
                text12                              1A1      1A1       59         0
                text11                              305      305       2C         0
                text10                              331      331       23         0
                text9                               36E      36E       18         0
                text8                               386      386       16         0
                text7                               39C      39C        5         0
                text6                               238      238       37         0
                text5                               116      116       8B         0
                text4                               2D4      2D4       31         0
                text3                               354      354       1A         0
                text2                               1FA      1FA       3E         0
                text1                               26F      26F       34         0
                maintext                             18       18       FE         0

        CLASS   STRCODE        

        CLASS   STRING         
                strings                             2A3      2A3       31         0

        CLASS   CONST          

        CLASS   ENTRY          

        CLASS   COMMON         
                cstackCOMMON                         70       70        9         1

        CLASS   BANK0          
                cstackBANK0                          20       20       14         1
                bssBANK0                             34       34        5         1

        CLASS   BANK1          

        CLASS   RAM            

        CLASS   ABS1           
                abs_s1                               7E       7E        2         1

        CLASS   SFR0           

        CLASS   SFR1           

        CLASS   SFR2           

        CLASS   SFR3           

        CLASS   CONFIG         
                config                             2007     2007        1         0

        CLASS   IDLOC          

        CLASS   BANK3          

        CLASS   BANK2          

        CLASS   EEDATA         



SEGMENTS        Name                           Load    Length   Top    Selector   Space  Class     Delta

                reset_vec                      000000  000001  000001         0       0  CODE        2
                intentry                       000004  00029F  0002A3         8       0  CODE        2
                cstackBANK0                    000020  000019  000039        20       1  BANK0       1
                cstackCOMMON                   000070  000009  000079        70       1  COMMON      1
                strings                        0002A3  000031  0002D4       546       0  STRING      2
                text4                          0002D4  0000CD  0003A1       5A8       0  CODE        2
                config                         002007  000001  002008      400E       0  CONFIG      2


UNUSED ADDRESS RANGES

        Name                Unused          Largest block    Delta
        BANK0            0039-006F             37           1
        BANK1            00A0-00BF             20           1
        CODE             0001-0003              3           2
                         03A1-07FF            45F
        COMMON           0079-007D              5           1
        CONFIG           2008-2008              1           2
        CONST            0001-0003              3           2
                         03A1-07FF            100
        ENTRY            0001-0003              3           2
                         03A1-07FF            100
        IDLOC            2000-2003              4           2
        RAM              0039-006F             37           1
                         00A0-00BF             20
        SFR0             0000-001F             20           1
        SFR1             0080-009F             20           1
        SFR2             0100-016F             70           1
        SFR3             0180-01EF             70           1
        STACK            0039-006F             37           1
        STRCODE          0001-0003              3           2
                         03A1-07FF            45F
        STRING           0001-0003              3           2
                         03A1-07FF            100

                                  Symbol Table

?___awdiv                  cstackCOMMON 0070
?___lwdiv                  cstackBANK0  0026
?___lwmod                  cstackBANK0  0026
LCD_Cmd@a                  cstackBANK0  0029
LCD_Port@a                 cstackBANK0  0026
LCD_Set_Cursor@temp        cstackBANK0  0030
LCD_Set_Cursor@w           cstackBANK0  002F
LCD_Set_Cursor@x           cstackBANK0  002D
LCD_Set_Cursor@y           cstackBANK0  002A
LCD_Set_Cursor@z           cstackBANK0  002E
LCD_Write_Char@a           cstackBANK0  002A
LCD_Write_Char@temp        cstackBANK0  0028
LCD_Write_Char@y           cstackBANK0  0029
LCD_Write_String@a         cstackBANK0  002D
LCD_Write_String@i         cstackBANK0  002B
_ANSELA                    (abs)        0185
_ANSELB                    (abs)        0186
_ANSELC                    (abs)        0187
_FVRCON                    (abs)        009D
_GIE                       (abs)        005F
_IOCB                      (abs)        0116
_IRCF0                     (abs)        0484
_IRCF1                     (abs)        0485
_Init                      text10       0331
_LCD_Clear                 text7        039C
_LCD_Cmd                   text8        0386
_LCD_Init                  text6        0238
_LCD_Port                  text9        036E
_LCD_Set_Cursor            text5        0116
_LCD_Write_Char            text4        02D4
_LCD_Write_String          text3        0354
_OldValue                  bssBANK0     0034
_PORTA                     (abs)        0005
_PORTB                     (abs)        0006
_RABIE                     (abs)        005B
_RABIF                     (abs)        0058
_RB4                       (abs)        0034
_RB5                       (abs)        0035
_RC0                       (abs)        0038
_RC1                       (abs)        0039
_RC2                       (abs)        003A
_RC3                       (abs)        003B
_RC4                       (abs)        003C
_RC6                       (abs)        003E
_T1CON                     (abs)        0010
_TMR1H                     (abs)        000F
_TMR1L                     (abs)        000E
_TMR1ON                    (abs)        0080
_TRISA                     (abs)        0085
_TRISB                     (abs)        0086
_TRISC                     (abs)        0087
_Value                     bssBANK0     0036
__CFG_BOREN$ON             (abs)        0000
__CFG_FOSC$INTOSCIO        (abs)        0000
__CFG_PWRTE$ON             (abs)        0000
__CFG_WDTE$OFF             (abs)        0000
__Habs1                    abs1         0000
__Hbank0                   bank0        0000
__Hbank1                   bank1        0000
__Hbank2                   bank2        0000
__Hbank3                   bank3        0000
__HbssBANK0                bssBANK0     0000
__Hcinit                   cinit        0018
__Hclrtext                 clrtext      0000
__Hcode                    code         0000
__Hcommon                  common       0000
__Hconfig                  config       2008
__HcstackBANK0             cstackBANK0  0000
__HcstackCOMMON            cstackCOMMON 0000
__Heeprom_data             eeprom_data  0000
__Hend_init                end_init     0011
__Hfunctab                 functab      0000
__Hidloc                   idloc        0000
__Hinit                    init         0010
__Hintentry                intentry     0010
__Hmaintext                maintext     0000
__Hpowerup                 powerup      0000
__Hram                     ram          0000
__Hreset_vec               reset_vec    0001
__Hsfr0                    sfr0         0000
__Hsfr1                    sfr1         0000
__Hsfr2                    sfr2         0000
__Hsfr3                    sfr3         0000
__Hspace_0                 (abs)        2008
__Hspace_1                 (abs)        0079
__Hspace_2                 (abs)        0000
__Hspace_3                 (abs)        0000
__Hstack                   stack        0000
__Hstrings                 strings      0000
__Htext                    text         0000
__Labs1                    abs1         0000
__Lbank0                   bank0        0000
__Lbank1                   bank1        0000
__Lbank2                   bank2        0000
__Lbank3                   bank3        0000
__LbssBANK0                bssBANK0     0000
__Lcinit                   cinit        0011
__Lclrtext                 clrtext      0000
__Lcode                    code         0000
__Lcommon                  common       0000
__Lconfig                  config       2007
__LcstackBANK0             cstackBANK0  0000
__LcstackCOMMON            cstackCOMMON 0000
__Leeprom_data             eeprom_data  0000
__Lend_init                end_init     0010
__Lfunctab                 functab      0000
__Lidloc                   idloc        0000
__Linit                    init         0010
__Lintentry                intentry     0004
__Lmaintext                maintext     0000
__Lpowerup                 powerup      0000
__Lram                     ram          0000
__Lreset_vec               reset_vec    0000
__Lsfr0                    sfr0         0000
__Lsfr1                    sfr1         0000
__Lsfr2                    sfr2         0000
__Lsfr3                    sfr3         0000
__Lspace_0                 (abs)        0000
__Lspace_1                 (abs)        0000
__Lspace_2                 (abs)        0000
__Lspace_3                 (abs)        0000
__Lstack                   stack        0000
__Lstrings                 strings      0000
__Ltext                    text         0000
__S0                       (abs)        2008
__S1                       (abs)        0079
__S2                       (abs)        0000
___awdiv                   text12       01A1
___awdiv@counter           cstackCOMMON 0075
___awdiv@dividend          cstackCOMMON 0072
___awdiv@divisor           cstackCOMMON 0070
___awdiv@quotient          cstackCOMMON 0077
___awdiv@sign              cstackCOMMON 0076
___int_sp                  stack        0000
___latbits                 (abs)        0000
___lwdiv                   text2        01FA
___lwdiv@counter           cstackBANK0  002D
___lwdiv@dividend          cstackBANK0  0028
___lwdiv@divisor           cstackBANK0  0026
___lwdiv@quotient          cstackBANK0  002B
___lwmod                   text1        026F
___lwmod@counter           cstackBANK0  002B
___lwmod@dividend          cstackBANK0  0028
___lwmod@divisor           cstackBANK0  0026
___sp                      stack        0000
__end_of_Init              text10       0354
__end_of_LCD_Clear         text7        03A1
__end_of_LCD_Cmd           text8        039C
__end_of_LCD_Init          text6        026F
__end_of_LCD_Port          text9        0386
__end_of_LCD_Set_Cursor    text5        01A1
__end_of_LCD_Write_Char    text4        0305
__end_of_LCD_Write_String  text3        036E
__end_of___awdiv           text12       01FA
__end_of___lwdiv           text2        0238
__end_of___lwmod           text1        02A3
__end_of__initialization   cinit        0016
__end_of__stringtab        strings      02A9
__end_of_echo              text11       0331
__end_of_main              maintext     0116
__initialization           cinit        0011
__pbssBANK0                bssBANK0     0034
__pcstackBANK0             cstackBANK0  0020
__pcstackCOMMON            cstackCOMMON 0070
__pintentry                intentry     0004
__pmaintext                maintext     0018
__pstrings                 strings      02A3
__ptext1                   text1        026F
__ptext10                  text10       0331
__ptext11                  text11       0305
__ptext12                  text12       01A1
__ptext2                   text2        01FA
__ptext3                   text3        0354
__ptext4                   text4        02D4
__ptext5                   text5        0116
__ptext6                   text6        0238
__ptext7                   text7        039C
__ptext8                   text8        0386
__ptext9                   text9        036E
__size_of_Init             (abs)        0000
__size_of_LCD_Clear        (abs)        0000
__size_of_LCD_Cmd          (abs)        0000
__size_of_LCD_Init         (abs)        0000
__size_of_LCD_Port         (abs)        0000
__size_of_LCD_Set_Cursor   (abs)        0000
__size_of_LCD_Write_Char   (abs)        0000
__size_of_LCD_Write_String (abs)        0000
__size_of___awdiv          (abs)        0000
__size_of___lwdiv          (abs)        0000
__size_of___lwmod          (abs)        0000
__size_of_echo             (abs)        0000
__size_of_main             (abs)        0000
__stringbase               strings      02A8
__stringtab                strings      02A3
_b                         bssBANK0     0038
_echo                      text11       0305
_main                      maintext     0018
btemp                      (abs)        007E
end_of_initialization      cinit        0016
interrupt_function         intentry     0004
intlevel0                  functab      0000
intlevel1                  functab      0000
intlevel2                  functab      0000
intlevel3                  functab      0000
intlevel4                  functab      0000
intlevel5                  functab      0000
ltemp                      (abs)        007E
ltemp0                     (abs)        007E
ltemp1                     (abs)        0082
ltemp2                     (abs)        0086
ltemp3                     (abs)        0080
reset_vec                  reset_vec    0000
saved_w                    (abs)        007E
stackhi                    (abs)        0000
stacklo                    (abs)        0000
start                      init         0010
start_initialization       cinit        0011
ttemp                      (abs)        007E
ttemp0                     (abs)        007E
ttemp1                     (abs)        0081
ttemp2                     (abs)        0084
ttemp3                     (abs)        0087
ttemp4                     (abs)        007F
wtemp                      (abs)        007E
wtemp0                     (abs)        007E
wtemp1                     (abs)        0080
wtemp2                     (abs)        0082
wtemp3                     (abs)        0084
wtemp4                     (abs)        0086
wtemp5                     (abs)        0088
wtemp6                     (abs)        007F


FUNCTION INFORMATION:

 *************** function _main *****************
 Defined at:
		line 13 in file "main.c"
 Parameters:    Size  Location     Type
		None
 Auto vars:     Size  Location     Type
		None
 Return value:  Size  Location     Type
		None               void
 Registers used:
		wreg, fsr0l, fsr0h, status,2, status,0, pclath, cstack
 Tracked objects:
		On entry : 
		On exit  : 
		Unchanged: 
 Data sizes:     COMMON   BANK0   BANK1
      Params:         0       0       0
      Locals:         0       0       0
      Temps:          0       3       0
      Totals:         0       3       0
Total ram usage:        3 bytes
 Hardware stack levels required when called:    5
 This function calls:
		_Init
		_LCD_Clear
		_LCD_Init
		_LCD_Set_Cursor
		_LCD_Write_Char
		_LCD_Write_String
		___lwdiv
		___lwmod
 This function is called by:
		Startup code after reset
 This function uses a non-reentrant model


 *************** function ___lwmod *****************
 Defined at:
		line 6 in file "C:\Program Files (x86)\Microchip\xc8\v1.34\sources\common\lwmod.c"
 Parameters:    Size  Location     Type
  divisor         2    6[BANK0 ] unsigned int 
  dividend        2    8[BANK0 ] unsigned int 
 Auto vars:     Size  Location     Type
  counter         1   11[BANK0 ] unsigned char 
 Return value:  Size  Location     Type
                  2    6[BANK0 ] unsigned int 
 Registers used:
		wreg, status,2, status,0
 Tracked objects:
		On entry : 
		On exit  : 
		Unchanged: 
 Data sizes:     COMMON   BANK0   BANK1
      Params:         0       4       0
      Locals:         0       1       0
      Temps:          0       1       0
      Totals:         0       6       0
Total ram usage:        6 bytes
 Hardware stack levels used:    1
 Hardware stack levels required when called:    2
 This function calls:
		Nothing
 This function is called by:
		_main
 This function uses a non-reentrant model


 *************** function ___lwdiv *****************
 Defined at:
		line 6 in file "C:\Program Files (x86)\Microchip\xc8\v1.34\sources\common\lwdiv.c"
 Parameters:    Size  Location     Type
  divisor         2    6[BANK0 ] unsigned int 
  dividend        2    8[BANK0 ] unsigned int 
 Auto vars:     Size  Location     Type
  quotient        2   11[BANK0 ] unsigned int 
  counter         1   13[BANK0 ] unsigned char 
 Return value:  Size  Location     Type
                  2    6[BANK0 ] unsigned int 
 Registers used:
		wreg, status,2, status,0
 Tracked objects:
		On entry : 
		On exit  : 
		Unchanged: 
 Data sizes:     COMMON   BANK0   BANK1
      Params:         0       4       0
      Locals:         0       3       0
      Temps:          0       1       0
      Totals:         0       8       0
Total ram usage:        8 bytes
 Hardware stack levels used:    1
 Hardware stack levels required when called:    2
 This function calls:
		Nothing
 This function is called by:
		_main
 This function uses a non-reentrant model


 *************** function _LCD_Write_String *****************
 Defined at:
		line 172 in file "lcd.h"
 Parameters:    Size  Location     Type
  a               1    wreg     PTR const unsigned char 
		 -> STR_4(3), STR_3(10), STR_2(13), STR_1(17), 
 Auto vars:     Size  Location     Type
  a               1   13[BANK0 ] PTR const unsigned char 
		 -> STR_4(3), STR_3(10), STR_2(13), STR_1(17), 
  i               2   11[BANK0 ] int 
 Return value:  Size  Location     Type
		None               void
 Registers used:
		wreg, fsr0l, fsr0h, status,2, status,0, pclath, cstack
 Tracked objects:
		On entry : 
		On exit  : 
		Unchanged: 
 Data sizes:     COMMON   BANK0   BANK1
      Params:         0       0       0
      Locals:         0       3       0
      Temps:          0       0       0
      Totals:         0       3       0
Total ram usage:        3 bytes
 Hardware stack levels used:    1
 Hardware stack levels required when called:    4
 This function calls:
		_LCD_Write_Char
 This function is called by:
		_main
 This function uses a non-reentrant model


 *************** function _LCD_Write_Char *****************
 Defined at:
		line 156 in file "lcd.h"
 Parameters:    Size  Location     Type
  a               1    wreg     unsigned char 
 Auto vars:     Size  Location     Type
  a               1   10[BANK0 ] unsigned char 
  y               1    9[BANK0 ] unsigned char 
  temp            1    8[BANK0 ] unsigned char 
 Return value:  Size  Location     Type
		None               void
 Registers used:
		wreg, status,2, status,0, pclath, cstack
 Tracked objects:
		On entry : 
		On exit  : 
		Unchanged: 
 Data sizes:     COMMON   BANK0   BANK1
      Params:         0       0       0
      Locals:         0       3       0
      Temps:          0       1       0
      Totals:         0       4       0
Total ram usage:        4 bytes
 Hardware stack levels used:    1
 Hardware stack levels required when called:    3
 This function calls:
		_LCD_Port
 This function is called by:
		_LCD_Write_String
		_main
 This function uses a non-reentrant model


 *************** function _LCD_Set_Cursor *****************
 Defined at:
		line 94 in file "lcd.h"
 Parameters:    Size  Location     Type
  x               1    wreg     unsigned char 
  y               1   10[BANK0 ] unsigned char 
 Auto vars:     Size  Location     Type
  x               1   13[BANK0 ] unsigned char 
  temp            1   16[BANK0 ] unsigned char 
  w               1   15[BANK0 ] unsigned char 
  z               1   14[BANK0 ] unsigned char 
 Return value:  Size  Location     Type
		None               void
 Registers used:
		wreg, status,2, status,0, pclath, cstack
 Tracked objects:
		On entry : 
		On exit  : 
		Unchanged: 
 Data sizes:     COMMON   BANK0   BANK1
      Params:         0       1       0
      Locals:         0       4       0
      Temps:          0       2       0
      Totals:         0       7       0
Total ram usage:        7 bytes
 Hardware stack levels used:    1
 Hardware stack levels required when called:    4
 This function calls:
		_LCD_Cmd
 This function is called by:
		_main
 This function uses a non-reentrant model


 *************** function _LCD_Init *****************
 Defined at:
		line 137 in file "lcd.h"
 Parameters:    Size  Location     Type
		None
 Auto vars:     Size  Location     Type
		None
 Return value:  Size  Location     Type
		None               void
 Registers used:
		wreg, status,2, status,0, pclath, cstack
 Tracked objects:
		On entry : 
		On exit  : 
		Unchanged: 
 Data sizes:     COMMON   BANK0   BANK1
      Params:         0       0       0
      Locals:         0       0       0
      Temps:          0       2       0
      Totals:         0       2       0
Total ram usage:        2 bytes
 Hardware stack levels used:    1
 Hardware stack levels required when called:    4
 This function calls:
		_LCD_Cmd
		_LCD_Port
 This function is called by:
		_main
 This function uses a non-reentrant model


 *************** function _LCD_Clear *****************
 Defined at:
		line 59 in file "lcd.h"
 Parameters:    Size  Location     Type
		None
 Auto vars:     Size  Location     Type
		None
 Return value:  Size  Location     Type
                  2   40[None  ] int 
 Registers used:
		wreg, status,2, status,0, pclath, cstack
 Tracked objects:
		On entry : 
		On exit  : 
		Unchanged: 
 Data sizes:     COMMON   BANK0   BANK1
      Params:         0       0       0
      Locals:         0       0       0
      Temps:          0       0       0
      Totals:         0       0       0
Total ram usage:        0 bytes
 Hardware stack levels used:    1
 Hardware stack levels required when called:    4
 This function calls:
		_LCD_Cmd
 This function is called by:
		_main
 This function uses a non-reentrant model


 *************** function _LCD_Cmd *****************
 Defined at:
		line 50 in file "lcd.h"
 Parameters:    Size  Location     Type
  a               1    wreg     unsigned char 
 Auto vars:     Size  Location     Type
  a               1    9[BANK0 ] unsigned char 
 Return value:  Size  Location     Type
		None               void
 Registers used:
		wreg, status,2, status,0, pclath, cstack
 Tracked objects:
		On entry : 
		On exit  : 
		Unchanged: 
 Data sizes:     COMMON   BANK0   BANK1
      Params:         0       0       0
      Locals:         0       1       0
      Temps:          0       2       0
      Totals:         0       3       0
Total ram usage:        3 bytes
 Hardware stack levels used:    1
 Hardware stack levels required when called:    3
 This function calls:
		_LCD_Port
 This function is called by:
		_LCD_Clear
		_LCD_Set_Cursor
		_LCD_Init
		_LCD_Shift_Right
		_LCD_Shift_Left
 This function uses a non-reentrant model


 *************** function _LCD_Port *****************
 Defined at:
		line 28 in file "lcd.h"
 Parameters:    Size  Location     Type
  a               1    wreg     unsigned char 
 Auto vars:     Size  Location     Type
  a               1    6[BANK0 ] unsigned char 
 Return value:  Size  Location     Type
		None               void
 Registers used:
		wreg
 Tracked objects:
		On entry : 
		On exit  : 
		Unchanged: 
 Data sizes:     COMMON   BANK0   BANK1
      Params:         0       0       0
      Locals:         0       1       0
      Temps:          0       0       0
      Totals:         0       1       0
Total ram usage:        1 bytes
 Hardware stack levels used:    1
 Hardware stack levels required when called:    2
 This function calls:
		Nothing
 This function is called by:
		_LCD_Cmd
		_LCD_Init
		_LCD_Write_Char
 This function uses a non-reentrant model


 *************** function _Init *****************
 Defined at:
		line 17 in file "system.c"
 Parameters:    Size  Location     Type
		None
 Auto vars:     Size  Location     Type
		None
 Return value:  Size  Location     Type
		None               void
 Registers used:
		wreg, status,2
 Tracked objects:
		On entry : 
		On exit  : 
		Unchanged: 
 Data sizes:     COMMON   BANK0   BANK1
      Params:         0       0       0
      Locals:         0       0       0
      Temps:          0       0       0
      Totals:         0       0       0
Total ram usage:        0 bytes
 Hardware stack levels used:    1
 Hardware stack levels required when called:    2
 This function calls:
		Nothing
 This function is called by:
		_main
 This function uses a non-reentrant model


 *************** function _echo *****************
 Defined at:
		line 11 in file "interupts.c"
 Parameters:    Size  Location     Type
		None
 Auto vars:     Size  Location     Type
		None
 Return value:  Size  Location     Type
		None               void
 Registers used:
		wreg, status,2, status,0, btemp+1, pclath, cstack
 Tracked objects:
		On entry : 
		On exit  : 
		Unchanged: 
 Data sizes:     COMMON   BANK0   BANK1
      Params:         0       0       0
      Locals:         0       0       0
      Temps:          0       6       0
      Totals:         0       6       0
Total ram usage:        6 bytes
 Hardware stack levels used:    1
 Hardware stack levels required when called:    1
 This function calls:
		___awdiv
 This function is called by:
		Interrupt level 1
 This function uses a non-reentrant model


 *************** function ___awdiv *****************
 Defined at:
		line 6 in file "C:\Program Files (x86)\Microchip\xc8\v1.34\sources\common\awdiv.c"
 Parameters:    Size  Location     Type
  divisor         2    0[COMMON] int 
  dividend        2    2[COMMON] int 
 Auto vars:     Size  Location     Type
  quotient        2    7[COMMON] int 
  sign            1    6[COMMON] unsigned char 
  counter         1    5[COMMON] unsigned char 
 Return value:  Size  Location     Type
                  2    0[COMMON] int 
 Registers used:
		wreg, status,2, status,0
 Tracked objects:
		On entry : 
		On exit  : 
		Unchanged: 
 Data sizes:     COMMON   BANK0   BANK1
      Params:         4       0       0
      Locals:         4       0       0
      Temps:          1       0       0
      Totals:         9       0       0
Total ram usage:        9 bytes
 Hardware stack levels used:    1
 This function calls:
		Nothing
 This function is called by:
		_echo
 This function uses a non-reentrant model



MODULE INFORMATION

Module		Function		Class		Link	Load	Size
interupts.c
		_echo          		CODE           	0305	0000	45

interupts.c estimated size: 45

C:\Program Files (x86)\Microchip\xc8\v1.34\sources\common\lwmod.c
		___lwmod       		CODE           	026F	0000	53

C:\Program Files (x86)\Microchip\xc8\v1.34\sources\common\lwmod.c estimated size: 53

shared
		__stringtab    		STRING         	02A3	0000	7
		__initializatio		CODE           	0011	0000	6

shared estimated size: 13

C:\Program Files (x86)\Microchip\xc8\v1.34\sources\common\lwdiv.c
		___lwdiv       		CODE           	01FA	0000	63

C:\Program Files (x86)\Microchip\xc8\v1.34\sources\common\lwdiv.c estimated size: 63

C:\Program Files (x86)\Microchip\xc8\v1.34\sources\common\awdiv.c
		___awdiv       		CODE           	01A1	0000	90

C:\Program Files (x86)\Microchip\xc8\v1.34\sources\common\awdiv.c estimated size: 90

lcd.h
		_LCD_Init      		CODE           	0238	0000	56
		_LCD_Write_Char		CODE           	02D4	0000	50
		_LCD_Cmd       		CODE           	0386	0000	23
		_LCD_Set_Cursor		CODE           	0116	0000	140
		_LCD_Clear     		CODE           	039C	0000	6
		_LCD_Port      		CODE           	036E	0000	25
		_LCD_Write_Stri		CODE           	0354	0000	27

lcd.h estimated size: 327

main.c
		_main          		CODE           	0018	0000	255

main.c estimated size: 255

system.c
		_Init          		CODE           	0331	0000	36

system.c estimated size: 36

