Microchip MPLAB XC8 Compiler V1.38 ()

Linker command line:

-W-3 --edf=C:\Program Files (x86)\Microchip\xc8\v1.38\dat\en_msgs.txt -cs \
  -h+dist/default/production\DavidsPool.X.production.sym \
  --cmf=dist/default/production\DavidsPool.X.production.cmf -z -Q16F18855 \
  -oC:\Users\DAVE\AppData\Local\Temp\s2j8.2 \
  -Mdist/default/production/DavidsPool.X.production.map -E1 -ver=XC8 \
  -ASTACK=0207Dh-02327h -pstack=STACK -ACODE=00h-07FFhx4 \
  -ASTRCODE=00h-01FFFh -ASTRING=00h-0FFhx32 -ACONST=00h-0FFhx32 \
  -AENTRY=00h-0FFhx32 -ACOMMON=070h-07Fh -ABANK0=020h-06Fh \
  -ABANK1=0A0h-0EFh -ABANK2=0120h-016Fh -ABANK3=01A0h-01EFh \
  -ABANK4=0220h-026Fh -ABANK5=02A0h-02EFh -ABANK6=0320h-036Fh \
  -ABANK7=03A0h-03EFh -ABANK8=0420h-046Fh -ABANK9=04A0h-04EFh \
  -ABANK10=0520h-056Fh -ABANK11=05A0h-05EFh -ABANK12=0620h-064Fh \
  -ABIGRAM=02000h-023EFh \
  -ARAM=020h-06Fh,0A0h-0EFh,0120h-016Fh,01A0h-01EFh,0220h-026Fh,02A0h-02EFh,0320h-036Fh,03A0h-03EFh,0420h-046Fh,04A0h-04EFh,0520h-056Fh,05A0h-05EFh,0620h-064Fh \
  -AABS1=020h-07Fh,0A0h-0EFh,0120h-016Fh,01A0h-01EFh,0220h-026Fh,02A0h-02EFh,0320h-036Fh,03A0h-03EFh,0420h-046Fh,04A0h-04EFh,0520h-056Fh,05A0h-05EFh,0620h-064Fh \
  -ASFR0=00h-01Fh -ASFR1=080h-09Fh -ASFR2=0100h-011Fh -ASFR3=0180h-019Fh \
  -ASFR4=0200h-021Fh -ASFR5=0280h-029Fh -ASFR6=0300h-031Fh \
  -ASFR7=0380h-039Fh -ASFR8=0400h-041Fh -ASFR9=0480h-049Fh \
  -ASFR10=0500h-051Fh -ASFR11=0580h-059Fh -ASFR12=0600h-061Fh \
  -ASFR13=0680h-06EFh -ASFR14=0700h-076Fh -ASFR15=0780h-07EFh \
  -ASFR16=0800h-086Fh -ASFR17=0880h-08EFh -ASFR18=0900h-096Fh \
  -ASFR19=0980h-09EFh -ASFR20=0A00h-0A6Fh -ASFR21=0A80h-0AEFh \
  -ASFR22=0B00h-0B6Fh -ASFR23=0B80h-0BEFh -ASFR24=0C00h-0C6Fh \
  -ASFR25=0C80h-0CEFh -ASFR26=0D00h-0D6Fh -ASFR27=0D80h-0DEFh \
  -ASFR28=0E00h-0E6Fh -ASFR29=0E80h-0EEFh -ASFR30=0F00h-0F6Fh \
  -ASFR31=0F80h-0FEFh -preset_vec=00h,intentry,init,end_init -ppowerup=CODE \
  -pcinit=CODE -pfunctab=CODE -ACONFIG=08007h-0800Bh -pconfig=CONFIG \
  -DCONFIG=2 -AIDLOC=08000h-08003h -pidloc=IDLOC -DIDLOC=2 \
  -AEEDATA=00h-0FFh/0F000h -peeprom_data=EEDATA -DEEDATA=2 -DCODE=2 \
  -DSTRCODE=2 -DSTRING=2 -DCONST=2 -DENTRY=2 -k \
  C:\Users\DAVE\AppData\Local\Temp\s2j8.obj \
  dist/default/production\DavidsPool.X.production.obj 

Object code version is 3.11

Machine type is 16F18855



                Name                               Link     Load   Length Selector   Space Scale
C:\Users\DAVE\AppData\Local\Temp\s2j8.obj
                end_init                              2        2        2        0       0
                reset_vec                             0        0        2        0       0
                config                             8007     8007        5    1000E       0
dist/default/production\DavidsPool.X.production.obj
                cinit                               7E1      7E1       1F      FC2       0
                text28                             1746     1746        E     2E8C       0
                text27                              ABE      ABE       25     157C       0
                text26                             1754     1754       13     2EA8       0
                text25                                A        A       27       14       0
                text24                             17A7     17A7       1B     2F4E       0
                text23                              C8A      C8A       54     1914       0
                text22                              C39      C39       51     1872       0
                text21                              BF4      BF4       45     17E8       0
                text20                               E5       E5       CB      1CA       0
                text19                             177A     177A       14     2EF4       0
                text18                             178E     178E       19     2F1C       0
                text17                              AE3      AE3       26     15C6       0
                text16                              B43      B43       3B     1686       0
                text15                             1732     1732        8     2E64       0
                text14                              B09      B09       3A     1612       0
                text13                              DA2      DA2       82     1B44       0
                text12                              D3E      D3E       64     1A7C       0
                text11                              EAA      EAA       A9     1D54       0
                text10                              1B0      1B0       F6      360       0
                text9                              17C2     17C2       1E     2F84       0
                text8                               E24      E24       86     1C48       0
                text7                              1767     1767       13     2ECE       0
                text6                              17E0     17E0       20     2FC0       0
                text5                               B7E      B7E       3B     16FC       0
                text4                                31       31       B4       62       0
                text3                               CDE      CDE       60     19BC       0
                text2                               BB9      BB9       3B     1772       0
                text1                               F53      F53       AD     1EA6       0
                maintext                            2A6      2A6      53B      54C       0
                cstackBANK0                          20       20       47       20       1
                cstackCOMMON                         70       70        E       70       1
                cstackBANK1                          A0       A0       1C       A0       1
                clrtext                            173A     173A        C     2E74       0
                bssBANK1                             BC       BC       11       A0       1
                bssBANK0                             67       67        6       20       1
                stringtext                          800      800      2B8     1000       0

TOTAL           Name                               Link     Load   Length     Space
        CLASS   STACK          

        CLASS   CODE           
                end_init                              2        2        2         0
                cinit                               7E1      7E1       1F         0
                reset_vec                             0        0        2         0
                text28                             1746     1746        E         0
                text27                              ABE      ABE       25         0
                text26                             1754     1754       13         0
                text25                                A        A       27         0
                text24                             17A7     17A7       1B         0
                text23                              C8A      C8A       54         0
                text22                              C39      C39       51         0
                text21                              BF4      BF4       45         0
                text20                               E5       E5       CB         0
                text19                             177A     177A       14         0
                text18                             178E     178E       19         0
                text17                              AE3      AE3       26         0
                text16                              B43      B43       3B         0
                text15                             1732     1732        8         0
                text14                              B09      B09       3A         0
                text13                              DA2      DA2       82         0
                text12                              D3E      D3E       64         0
                text11                              EAA      EAA       A9         0
                text10                              1B0      1B0       F6         0
                text9                              17C2     17C2       1E         0
                text8                               E24      E24       86         0
                text7                              1767     1767       13         0
                text6                              17E0     17E0       20         0
                text5                               B7E      B7E       3B         0
                text4                                31       31       B4         0
                text3                               CDE      CDE       60         0
                text2                               BB9      BB9       3B         0
                text1                               F53      F53       AD         0
                maintext                            2A6      2A6      53B         0
                clrtext                            173A     173A        C         0

        CLASS   STRCODE        
                stringtext                          800      800      2B8         0

        CLASS   STRING         

        CLASS   CONST          

        CLASS   ENTRY          

        CLASS   COMMON         
                cstackCOMMON                         70       70        E         1

        CLASS   BANK0          
                cstackBANK0                          20       20       47         1
                bssBANK0                             67       67        6         1

        CLASS   BANK1          
                cstackBANK1                          A0       A0       1C         1
                bssBANK1                             BC       BC       11         1

        CLASS   BANK2          

        CLASS   BANK3          

        CLASS   BANK4          

        CLASS   BANK5          

        CLASS   BANK6          

        CLASS   BANK7          

        CLASS   BANK8          

        CLASS   BANK9          

        CLASS   BANK10         

        CLASS   BANK11         

        CLASS   BANK12         

        CLASS   BIGRAM         

        CLASS   RAM            

        CLASS   ABS1           
                abs_s1                               7E       7E        2         1
                abs_s1                              528      528       48         1
                abs_s1                              5A0      5A0       50         1
                abs_s1                              620      620       30         1
                abs_s1                             2328     2328        0         1

        CLASS   SFR0           

        CLASS   SFR1           

        CLASS   SFR2           

        CLASS   SFR3           

        CLASS   SFR4           

        CLASS   SFR5           

        CLASS   SFR6           

        CLASS   SFR7           

        CLASS   SFR8           

        CLASS   SFR9           

        CLASS   SFR10          

        CLASS   SFR11          

        CLASS   SFR12          

        CLASS   SFR13          

        CLASS   SFR14          

        CLASS   SFR15          

        CLASS   SFR16          

        CLASS   SFR17          

        CLASS   SFR18          

        CLASS   SFR19          

        CLASS   SFR20          

        CLASS   SFR21          

        CLASS   SFR22          

        CLASS   SFR23          

        CLASS   SFR24          

        CLASS   SFR25          

        CLASS   SFR26          

        CLASS   SFR27          

        CLASS   SFR28          

        CLASS   SFR29          

        CLASS   SFR30          

        CLASS   SFR31          

        CLASS   CONFIG         
                config                             8007     8007        5         0

        CLASS   IDLOC          

        CLASS   EEDATA         

        CLASS   BANK31         

        CLASS   BANK30         

        CLASS   BANK29         

        CLASS   BANK28         

        CLASS   BANK27         

        CLASS   BANK26         

        CLASS   BANK25         

        CLASS   BANK24         

        CLASS   BANK23         

        CLASS   BANK22         

        CLASS   BANK21         

        CLASS   BANK20         

        CLASS   BANK19         

        CLASS   BANK18         

        CLASS   BANK17         

        CLASS   BANK16         

        CLASS   BANK15         

        CLASS   BANK14         

        CLASS   BANK13         



SEGMENTS        Name                           Load    Length   Top    Selector   Space  Class     Delta

                reset_vec                      000000  000004  000004         0       0  CODE        2
                text25                         00000A  000027  000031        14       0  CODE        2
                cstackBANK0                    000020  00004D  00006D        20       1  BANK0       1
                text4                          000031  0000B4  0000E5        62       0  CODE        2
                cstackCOMMON                   000070  00000E  00007E        70       1  COMMON      1
                cstackBANK1                    0000A0  00002D  0000CD        A0       1  BANK1       1
                text20                         0000E5  0000CB  0001B0       1CA       0  CODE        2
                text10                         0001B0  0000F6  0002A6       360       0  CODE        2
                maintext                       0002A6  00053B  0007E1       54C       0  CODE        2
                cinit                          0007E1  00001F  000800       FC2       0  CODE        2
                stringtext                     000800  0002B8  000AB8      1000       0  STRCODE     2
                text27                         000ABE  000025  000AE3      157C       0  CODE        2
                text17                         000AE3  000026  000B09      15C6       0  CODE        2
                text14                         000B09  00003A  000B43      1612       0  CODE        2
                text16                         000B43  00003B  000B7E      1686       0  CODE        2
                text5                          000B7E  00003B  000BB9      16FC       0  CODE        2
                text2                          000BB9  00003B  000BF4      1772       0  CODE        2
                text21                         000BF4  000045  000C39      17E8       0  CODE        2
                text22                         000C39  000051  000C8A      1872       0  CODE        2
                text23                         000C8A  000054  000CDE      1914       0  CODE        2
                text3                          000CDE  000060  000D3E      19BC       0  CODE        2
                text12                         000D3E  000064  000DA2      1A7C       0  CODE        2
                text13                         000DA2  000082  000E24      1B44       0  CODE        2
                text8                          000E24  000086  000EAA      1C48       0  CODE        2
                text11                         000EAA  0000A9  000F53      1D54       0  CODE        2
                text1                          000F53  0000AD  001000      1EA6       0  CODE        2
                text15                         001732  000008  00173A      2E64       0  CODE        2
                clrtext                        00173A  00000C  001746      2E74       0  CODE        2
                text28                         001746  00000E  001754      2E8C       0  CODE        2
                text26                         001754  000013  001767      2EA8       0  CODE        2
                text7                          001767  000013  00177A      2ECE       0  CODE        2
                text19                         00177A  000014  00178E      2EF4       0  CODE        2
                text18                         00178E  000019  0017A7      2F1C       0  CODE        2
                text24                         0017A7  00001B  0017C2      2F4E       0  CODE        2
                text9                          0017C2  00001E  0017E0      2F84       0  CODE        2
                text6                          0017E0  000020  001800      2FC0       0  CODE        2
                config                         008007  000005  00800C     1000E       0  CONFIG      2


UNUSED ADDRESS RANGES

        Name                Unused          Largest block    Delta
        BANK0            0006D-0006F               3           1
        BANK1            000CD-000EF              23           1
        BANK10           00520-00527               8           1
        BANK2            00120-0016F              50           1
        BANK3            001A0-001EF              50           1
        BANK4            00220-0026F              50           1
        BANK5            002A0-002EF              50           1
        BANK6            00320-0036F              50           1
        BANK7            003A0-003EF              50           1
        BANK8            00420-0046F              50           1
        BANK9            004A0-004EF              50           1
        BIGRAM           02000-023EF             3F0           1
        CODE             00004-00009               6           2
                         00AB8-00ABD               6
                         01000-01731             732
                         01800-01FFF             800
        CONST            00004-00009               6           2
                         00AB8-00ABD               6
                         01000-01731             100
                         01800-01FFF             100
        EEDATA           0F000-0F0FF             100           2
        ENTRY            00004-00009               6           2
                         00AB8-00ABD               6
                         01000-01731             100
                         01800-01FFF             100
        IDLOC            08000-08003               4           2
        RAM              0006D-0006F               3           1
                         000CD-000EF              23
                         00120-0016F              50
                         001A0-001EF              50
                         00220-0026F              50
                         002A0-002EF              50
                         00320-0036F              50
                         003A0-003EF              50
                         00420-0046F              50
                         004A0-004EF              50
                         00520-00527               8
        SFR0             00000-0001F              20           1
        SFR1             00080-0009F              20           1
        SFR10            00500-0051F              20           1
        SFR11            00580-0059F              20           1
        SFR12            00600-0061F              20           1
        SFR13            00680-006EF              70           1
        SFR14            00700-0076F              70           1
        SFR15            00780-007EF              70           1
        SFR16            00800-0086F              70           1
        SFR17            00880-008EF              70           1
        SFR18            00900-0096F              70           1
        SFR19            00980-009EF              70           1
        SFR2             00100-0011F              20           1
        SFR20            00A00-00A6F              70           1
        SFR21            00A80-00AEF              70           1
        SFR22            00B00-00B6F              70           1
        SFR23            00B80-00BEF              70           1
        SFR24            00C00-00C6F              70           1
        SFR25            00C80-00CEF              70           1
        SFR26            00D00-00D6F              70           1
        SFR27            00D80-00DEF              70           1
        SFR28            00E00-00E6F              70           1
        SFR29            00E80-00EEF              70           1
        SFR3             00180-0019F              20           1
        SFR30            00F00-00F6F              70           1
        SFR31            00F80-00FEF              70           1
        SFR4             00200-0021F              20           1
        SFR5             00280-0029F              20           1
        SFR6             00300-0031F              20           1
        SFR7             00380-0039F              20           1
        SFR8             00400-0041F              20           1
        SFR9             00480-0049F              20           1
        STACK            0207D-02327             2AB           1
        STRCODE          00004-00009               6           2
                         00AB8-00ABD               6
                         01000-01731             732
                         01800-01FFF             800
        STRING           00004-00009               6           2
                         00AB8-00ABD               6
                         01000-01731             100
                         01800-01FFF             100

                                  Symbol Table

?_ADCRead                       cstackCOMMON 00070
?___aldiv                       cstackCOMMON 00070
?___awdiv                       cstackCOMMON 00070
?___awmod                       cstackCOMMON 00070
?___awtoft                      cstackCOMMON 00078
?___ftadd                       cstackBANK0  00040
?___ftdiv                       cstackBANK0  00030
?___ftmul                       cstackBANK0  00020
?___ftpack                      cstackCOMMON 00070
?___ftsub                       cstackBANK0  0004D
?___fttol                       cstackCOMMON 00070
?___lwtoft                      cstackCOMMON 00078
?___wmul                        cstackCOMMON 00070
?_eval_poly                     cstackBANK0  0004D
?_frexp                         cstackCOMMON 00070
?_log                           cstackBANK0  00057
ADCRead@channel                 cstackCOMMON 00073
LCDBitmap@index                 cstackBANK0  00020
LCDBitmap@len                   cstackCOMMON 0007B
LCDBitmap@my_array              cstackCOMMON 00078
LCDBitmap@startPosition         cstackCOMMON 0007A
LCDClear@index                  cstackCOMMON 00079
LCDWrite@d                      cstackCOMMON 00073
LCDWrite@data                   cstackCOMMON 00070
LCDWrite@data_or_command        cstackCOMMON 00072
LCDWrite@i                      cstackCOMMON 00074
LCDWriteCharacter@base          cstackCOMMON 0007A
LCDWriteCharacter@character     cstackCOMMON 00079
LCDWriteInt@F13664              bssBANK1     000C4
LCDWriteInt@fieldLength         cstackBANK0  00022
LCDWriteInt@i                   cstackBANK0  00031
LCDWriteInt@j                   cstackBANK0  0002F
LCDWriteInt@numPlaces           cstackBANK0  00023
LCDWriteInt@sign                cstackBANK0  00024
LCDWriteInt@str                 cstackBANK0  0002A
LCDWriteInt@value               cstackBANK0  00020
LCDWriteString@characters       cstackCOMMON 0007C
_ADACQ                          (abs)        0009D
_ADACT                          (abs)        00099
_ADCAP                          (abs)        0009B
_ADCC_Initialize                text18       0178E
_ADCLK                          (abs)        00098
_ADCON0                         (abs)        00093
_ADCON0bits                     (abs)        00093
_ADCON1                         (abs)        00094
_ADCON2                         (abs)        00095
_ADCON3                         (abs)        00096
_ADCRead                        text28       01746
_ADLTHH                         (abs)        0010F
_ADLTHL                         (abs)        0010E
_ADPCH                          (abs)        0009E
_ADPRE                          (abs)        0009C
_ADREF                          (abs)        0009A
_ADRESH                         (abs)        0008D
_ADRESL                         (abs)        0008C
_ADRPT                          (abs)        0010D
_ADSTAT                         (abs)        00097
_ADSTPTH                        (abs)        00113
_ADSTPTL                        (abs)        00112
_ADUTHH                         (abs)        00111
_ADUTHL                         (abs)        00110
_ANSELA                         (abs)        00F38
_ANSELB                         (abs)        00F43
_ANSELC                         (abs)        00F4E
_FVRCON                         (abs)        0090C
_GIE                            (abs)        0005F
_LATA                           (abs)        00016
_LATAbits                       (abs)        00016
_LATB                           (abs)        00017
_LATC                           (abs)        00018
_LCDBitmap                      text25       0000A
_LCDClear                       text17       00AE3
_LCDInit                        text16       00B43
_LCDWrite                       text27       00ABE
_LCDWriteCharacter              text23       00C8A
_LCDWriteInt                    text20       000E5
_LCDWriteString                 text19       0177A
_OSCCON1                        (abs)        0088D
_OSCCON3                        (abs)        0088F
_OSCEN                          (abs)        00891
_OSCFRQ                         (abs)        00893
_OSCILLATOR_Initialize          text15       01732
_OSCTUNE                        (abs)        00892
_PIE0bits                       (abs)        00716
_PPSLOCK                        (abs)        00E8F
_PPSLOCKbits                    (abs)        00E8F
_RA1PPS                         (abs)        00F11
_RA3                            (abs)        00063
_RA4                            (abs)        00064
_SYSTEM_Initialize              text14       00B09
_TRISA                          (abs)        00011
_TRISAbits                      (abs)        00011
_TRISB                          (abs)        00012
_TRISC                          (abs)        00013
_WPUA                           (abs)        00F39
_WPUB                           (abs)        00F44
_WPUC                           (abs)        00F4F
_WPUE                           (abs)        00F65
__CFG_BOREN$OFF                 (abs)        00000
__CFG_BORV$LO                   (abs)        00000
__CFG_CLKOUTEN$OFF              (abs)        00000
__CFG_CP$OFF                    (abs)        00000
__CFG_CPD$OFF                   (abs)        00000
__CFG_CSWEN$ON                  (abs)        00000
__CFG_FCMEN$ON                  (abs)        00000
__CFG_FEXTOSC$OFF               (abs)        00000
__CFG_LPBOREN$OFF               (abs)        00000
__CFG_LVP$ON                    (abs)        00000
__CFG_MCLRE$ON                  (abs)        00000
__CFG_PPS1WAY$ON                (abs)        00000
__CFG_PWRTE$OFF                 (abs)        00000
__CFG_RSTOSC$HFINT1             (abs)        00000
__CFG_SCANE$available           (abs)        00000
__CFG_STVREN$ON                 (abs)        00000
__CFG_WDTCCS$SC                 (abs)        00000
__CFG_WDTCPS$WDTCPS_31          (abs)        00000
__CFG_WDTCWS$WDTCWS_7           (abs)        00000
__CFG_WDTE$OFF                  (abs)        00000
__CFG_WRT$OFF                   (abs)        00000
__CFG_ZCD$OFF                   (abs)        00000
__Habs1                         abs1         00000
__Hbank0                        bank0        00000
__Hbank1                        bank1        00000
__Hbank10                       bank10       00000
__Hbank11                       bank11       00000
__Hbank12                       bank12       00000
__Hbank13                       bank13       00000
__Hbank14                       bank14       00000
__Hbank15                       bank15       00000
__Hbank16                       bank16       00000
__Hbank17                       bank17       00000
__Hbank18                       bank18       00000
__Hbank19                       bank19       00000
__Hbank2                        bank2        00000
__Hbank20                       bank20       00000
__Hbank21                       bank21       00000
__Hbank22                       bank22       00000
__Hbank23                       bank23       00000
__Hbank24                       bank24       00000
__Hbank25                       bank25       00000
__Hbank26                       bank26       00000
__Hbank27                       bank27       00000
__Hbank28                       bank28       00000
__Hbank29                       bank29       00000
__Hbank3                        bank3        00000
__Hbank30                       bank30       00000
__Hbank31                       bank31       00000
__Hbank4                        bank4        00000
__Hbank5                        bank5        00000
__Hbank6                        bank6        00000
__Hbank7                        bank7        00000
__Hbank8                        bank8        00000
__Hbank9                        bank9        00000
__Hbigram                       bigram       00000
__HbssBANK0                     bssBANK0     00000
__HbssBANK1                     bssBANK1     00000
__Hcinit                        cinit        00800
__Hclrtext                      clrtext      00000
__Hcode                         code         00000
__Hcommon                       common       00000
__Hconfig                       config       0800C
__HcstackBANK0                  cstackBANK0  00000
__HcstackBANK1                  cstackBANK1  00000
__HcstackCOMMON                 cstackCOMMON 00000
__Heeprom_data                  eeprom_data  00000
__Hend_init                     end_init     00004
__Hfunctab                      functab      00000
__Hidloc                        idloc        00000
__Hinit                         init         00002
__Hintentry                     intentry     00002
__Hmaintext                     maintext     00000
__Hpowerup                      powerup      00000
__Hram                          ram          00000
__Hreset_vec                    reset_vec    00002
__Hsfr0                         sfr0         00000
__Hsfr1                         sfr1         00000
__Hsfr10                        sfr10        00000
__Hsfr11                        sfr11        00000
__Hsfr12                        sfr12        00000
__Hsfr13                        sfr13        00000
__Hsfr14                        sfr14        00000
__Hsfr15                        sfr15        00000
__Hsfr16                        sfr16        00000
__Hsfr17                        sfr17        00000
__Hsfr18                        sfr18        00000
__Hsfr19                        sfr19        00000
__Hsfr2                         sfr2         00000
__Hsfr20                        sfr20        00000
__Hsfr21                        sfr21        00000
__Hsfr22                        sfr22        00000
__Hsfr23                        sfr23        00000
__Hsfr24                        sfr24        00000
__Hsfr25                        sfr25        00000
__Hsfr26                        sfr26        00000
__Hsfr27                        sfr27        00000
__Hsfr28                        sfr28        00000
__Hsfr29                        sfr29        00000
__Hsfr3                         sfr3         00000
__Hsfr30                        sfr30        00000
__Hsfr31                        sfr31        00000
__Hsfr4                         sfr4         00000
__Hsfr5                         sfr5         00000
__Hsfr6                         sfr6         00000
__Hsfr7                         sfr7         00000
__Hsfr8                         sfr8         00000
__Hsfr9                         sfr9         00000
__Hspace_0                      (abs)        0800C
__Hspace_1                      (abs)        000CD
__Hspace_2                      (abs)        00000
__Hspace_3                      (abs)        00000
__Hstack                        stack        00000
__Hstrings                      strings      00000
__Hstringtext                   stringtext   00000
__Htext                         text         00000
__Labs1                         abs1         00000
__Lbank0                        bank0        00000
__Lbank1                        bank1        00000
__Lbank10                       bank10       00000
__Lbank11                       bank11       00000
__Lbank12                       bank12       00000
__Lbank13                       bank13       00000
__Lbank14                       bank14       00000
__Lbank15                       bank15       00000
__Lbank16                       bank16       00000
__Lbank17                       bank17       00000
__Lbank18                       bank18       00000
__Lbank19                       bank19       00000
__Lbank2                        bank2        00000
__Lbank20                       bank20       00000
__Lbank21                       bank21       00000
__Lbank22                       bank22       00000
__Lbank23                       bank23       00000
__Lbank24                       bank24       00000
__Lbank25                       bank25       00000
__Lbank26                       bank26       00000
__Lbank27                       bank27       00000
__Lbank28                       bank28       00000
__Lbank29                       bank29       00000
__Lbank3                        bank3        00000
__Lbank30                       bank30       00000
__Lbank31                       bank31       00000
__Lbank4                        bank4        00000
__Lbank5                        bank5        00000
__Lbank6                        bank6        00000
__Lbank7                        bank7        00000
__Lbank8                        bank8        00000
__Lbank9                        bank9        00000
__Lbigram                       bigram       00000
__LbssBANK0                     bssBANK0     00000
__LbssBANK1                     bssBANK1     00000
__Lcinit                        cinit        007E1
__Lclrtext                      clrtext      00000
__Lcode                         code         00000
__Lcommon                       common       00000
__Lconfig                       config       08007
__LcstackBANK0                  cstackBANK0  00000
__LcstackBANK1                  cstackBANK1  00000
__LcstackCOMMON                 cstackCOMMON 00000
__Leeprom_data                  eeprom_data  00000
__Lend_init                     end_init     00002
__Lfunctab                      functab      00000
__Lidloc                        idloc        00000
__Linit                         init         00002
__Lintentry                     intentry     00002
__Lmaintext                     maintext     00000
__Lpowerup                      powerup      00000
__Lram                          ram          00000
__Lreset_vec                    reset_vec    00000
__Lsfr0                         sfr0         00000
__Lsfr1                         sfr1         00000
__Lsfr10                        sfr10        00000
__Lsfr11                        sfr11        00000
__Lsfr12                        sfr12        00000
__Lsfr13                        sfr13        00000
__Lsfr14                        sfr14        00000
__Lsfr15                        sfr15        00000
__Lsfr16                        sfr16        00000
__Lsfr17                        sfr17        00000
__Lsfr18                        sfr18        00000
__Lsfr19                        sfr19        00000
__Lsfr2                         sfr2         00000
__Lsfr20                        sfr20        00000
__Lsfr21                        sfr21        00000
__Lsfr22                        sfr22        00000
__Lsfr23                        sfr23        00000
__Lsfr24                        sfr24        00000
__Lsfr25                        sfr25        00000
__Lsfr26                        sfr26        00000
__Lsfr27                        sfr27        00000
__Lsfr28                        sfr28        00000
__Lsfr29                        sfr29        00000
__Lsfr3                         sfr3         00000
__Lsfr30                        sfr30        00000
__Lsfr31                        sfr31        00000
__Lsfr4                         sfr4         00000
__Lsfr5                         sfr5         00000
__Lsfr6                         sfr6         00000
__Lsfr7                         sfr7         00000
__Lsfr8                         sfr8         00000
__Lsfr9                         sfr9         00000
__Lspace_0                      (abs)        00000
__Lspace_1                      (abs)        00000
__Lspace_2                      (abs)        00000
__Lspace_3                      (abs)        00000
__Lstack                        stack        00000
__Lstrings                      strings      00000
__Lstringtext                   stringtext   00000
__Ltext                         text         00000
__S0                            (abs)        0800C
__S1                            (abs)        000CD
__S2                            (abs)        00000
__S3                            (abs)        00000
___aldiv                        text13       00DA2
___aldiv@counter                cstackBANK0  00020
___aldiv@dividend               cstackCOMMON 00074
___aldiv@divisor                cstackCOMMON 00070
___aldiv@quotient               cstackBANK0  00022
___aldiv@sign                   cstackBANK0  00021
___awdiv                        text22       00C39
___awdiv@counter                cstackCOMMON 00075
___awdiv@dividend               cstackCOMMON 00072
___awdiv@divisor                cstackCOMMON 00070
___awdiv@quotient               cstackCOMMON 00077
___awdiv@sign                   cstackCOMMON 00076
___awmod                        text21       00BF4
___awmod@counter                cstackCOMMON 00075
___awmod@dividend               cstackCOMMON 00072
___awmod@divisor                cstackCOMMON 00070
___awmod@sign                   cstackCOMMON 00076
___awtoft                       text6        017E0
___awtoft@c                     cstackCOMMON 00078
___awtoft@sign                  cstackCOMMON 0007D
___ftadd                        text10       001B0
___ftadd@exp1                   cstackBANK0  0004C
___ftadd@exp2                   cstackBANK0  0004B
___ftadd@f1                     cstackBANK0  00040
___ftadd@f2                     cstackBANK0  00043
___ftadd@sign                   cstackBANK0  0004A
___ftdiv                        text11       00EAA
___ftdiv@cntr                   cstackBANK0  0003A
___ftdiv@exp                    cstackBANK0  0003E
___ftdiv@f1                     cstackBANK0  00033
___ftdiv@f2                     cstackBANK0  00030
___ftdiv@f3                     cstackBANK0  0003B
___ftdiv@sign                   cstackBANK0  0003F
___ftge                         text5        00B7E
___ftge@ff1                     cstackCOMMON 00070
___ftge@ff2                     cstackCOMMON 00073
___ftmul                        text4        00031
___ftmul@cntr                   cstackBANK0  0002E
___ftmul@exp                    cstackBANK0  0002A
___ftmul@f1                     cstackBANK0  00020
___ftmul@f2                     cstackBANK0  00023
___ftmul@f3_as_product          cstackBANK0  0002B
___ftmul@sign                   cstackBANK0  0002F
___ftpack                       text12       00D3E
___ftpack@arg                   cstackCOMMON 00070
___ftpack@exp                   cstackCOMMON 00073
___ftpack@sign                  cstackCOMMON 00074
___ftsub                        text9        017C2
___ftsub@f1                     cstackBANK0  00050
___ftsub@f2                     cstackBANK0  0004D
___fttol                        text8        00E24
___fttol@exp1                   cstackCOMMON 0007D
___fttol@f1                     cstackCOMMON 00070
___fttol@lval                   cstackCOMMON 00079
___fttol@sign1                  cstackCOMMON 00078
___int_sp                       stack        00000
___latbits                      (abs)        00002
___lwtoft                       text7        01767
___lwtoft@c                     cstackCOMMON 00078
___sp                           stack        00000
___wmul                         text24       017A7
___wmul@multiplicand            cstackCOMMON 00072
___wmul@multiplier              cstackCOMMON 00070
___wmul@product                 cstackCOMMON 00074
__end_of_ADCC_Initialize        text18       017A7
__end_of_ADCRead                text28       01754
__end_of_LCDBitmap              text25       00031
__end_of_LCDClear               text17       00B09
__end_of_LCDInit                text16       00B7E
__end_of_LCDWrite               text27       00AE3
__end_of_LCDWriteCharacter      text23       00CDE
__end_of_LCDWriteInt            text20       001B0
__end_of_LCDWriteString         text19       0178E
__end_of_OSCILLATOR_Initialize  text15       0173A
__end_of_SYSTEM_Initialize      text14       00B43
__end_of___aldiv                text13       00E24
__end_of___awdiv                text22       00C8A
__end_of___awmod                text21       00C39
__end_of___awtoft               text6        01800
__end_of___ftadd                text10       002A6
__end_of___ftdiv                text11       00F53
__end_of___ftge                 text5        00BB9
__end_of___ftmul                text4        000E5
__end_of___ftpack               text12       00DA2
__end_of___ftsub                text9        017E0
__end_of___fttol                text8        00EAA
__end_of___lwtoft               text7        0177A
__end_of___wmul                 text24       017C2
__end_of__initialization        cinit        007FD
__end_of_aloha                  stringtext   00A7F
__end_of_eval_poly              text3        00D3E
__end_of_fonts                  stringtext   0092F
__end_of_frexp                  text2        00BF4
__end_of_gotoXY                 text26       01767
__end_of_log                    text1        01000
__end_of_main                   maintext     007E1
__end_oflog@coeff               stringtext   00A9A
__initialization                cinit        007E1
__pbssBANK0                     bssBANK0     00067
__pbssBANK1                     bssBANK1     000BC
__pbssBIGRAM                    (abs)        02328
__pcstackBANK0                  cstackBANK0  00020
__pcstackBANK1                  cstackBANK1  000A0
__pcstackCOMMON                 cstackCOMMON 00070
__pmaintext                     maintext     002A6
__pstringtext                   stringtext   00800
__ptext1                        text1        00F53
__ptext10                       text10       001B0
__ptext11                       text11       00EAA
__ptext12                       text12       00D3E
__ptext13                       text13       00DA2
__ptext14                       text14       00B09
__ptext15                       text15       01732
__ptext16                       text16       00B43
__ptext17                       text17       00AE3
__ptext18                       text18       0178E
__ptext19                       text19       0177A
__ptext2                        text2        00BB9
__ptext20                       text20       000E5
__ptext21                       text21       00BF4
__ptext22                       text22       00C39
__ptext23                       text23       00C8A
__ptext24                       text24       017A7
__ptext25                       text25       0000A
__ptext26                       text26       01754
__ptext27                       text27       00ABE
__ptext28                       text28       01746
__ptext3                        text3        00CDE
__ptext4                        text4        00031
__ptext5                        text5        00B7E
__ptext6                        text6        017E0
__ptext7                        text7        01767
__ptext8                        text8        00E24
__ptext9                        text9        017C2
__size_of_ADCC_Initialize       (abs)        00000
__size_of_ADCRead               (abs)        00000
__size_of_LCDBitmap             (abs)        00000
__size_of_LCDClear              (abs)        00000
__size_of_LCDInit               (abs)        00000
__size_of_LCDWrite              (abs)        00000
__size_of_LCDWriteCharacter     (abs)        00000
__size_of_LCDWriteInt           (abs)        00000
__size_of_LCDWriteString        (abs)        00000
__size_of_OSCILLATOR_Initialize (abs)        00000
__size_of_SYSTEM_Initialize     (abs)        00000
__size_of___aldiv               (abs)        00000
__size_of___awdiv               (abs)        00000
__size_of___awmod               (abs)        00000
__size_of___awtoft              (abs)        00000
__size_of___ftadd               (abs)        00000
__size_of___ftdiv               (abs)        00000
__size_of___ftge                (abs)        00000
__size_of___ftmul               (abs)        00000
__size_of___ftpack              (abs)        00000
__size_of___ftsub               (abs)        00000
__size_of___fttol               (abs)        00000
__size_of___lwtoft              (abs)        00000
__size_of___wmul                (abs)        00000
__size_of_eval_poly             (abs)        00000
__size_of_frexp                 (abs)        00000
__size_of_gotoXY                (abs)        00000
__size_of_log                   (abs)        00000
__size_of_main                  (abs)        00000
_aloha                          stringtext   0092F
_downCount                      bssBANK0     00069
_errno                          bssBANK0     00067
_eval_poly                      text3        00CDE
_fonts                          stringtext   00800
_frexp                          text2        00BB9
_gotoXY                         text26       01754
_log                            text1        00F53
_main                           maintext     002A6
_main$878                       cstackBANK1  000AA
_samples                        (abs)        02328
_toggleCount                    bssBANK0     0006A
_upCount                        bssBANK0     0006B
_x                              bssBANK0     0006C
btemp                           (abs)        0007E
clear_ram0                      clrtext      0173A
end_of_initialization           cinit        007FD
eval_poly@d                     cstackBANK0  00050
eval_poly@n                     cstackBANK0  00052
eval_poly@res                   cstackBANK0  00054
eval_poly@x                     cstackBANK0  0004D
frexp@eptr                      cstackCOMMON 00073
frexp@value                     cstackCOMMON 00070
gotoXY@x                        cstackCOMMON 00077
gotoXY@y                        cstackCOMMON 00075
intlevel0                       functab      00000
intlevel1                       functab      00000
intlevel2                       functab      00000
intlevel3                       functab      00000
intlevel4                       functab      00000
intlevel5                       functab      00000
log@coeff                       stringtext   00A7F
log@exponent                    cstackBANK0  0005B
log@x                           cstackBANK0  00057
ltemp                           (abs)        0007E
ltemp0                          (abs)        0007E
ltemp1                          (abs)        00082
ltemp2                          (abs)        00086
ltemp3                          (abs)        00080
main@F13721                     bssBANK1     000BC
main@R                          cstackBANK1  000A1
main@count                      cstackBANK1  000A0
main@displayTemp                cstackBANK1  000A4
main@displayTemp2               cstackBANK1  000A7
main@sampleIndex0               bssBANK1     000C9
main@sampleIndex1               bssBANK1     000CB
main@solarInTemp                cstackBANK1  000AD
main@solarOutTemp               cstackBANK1  000AF
main@steinhart                  cstackBANK1  000B9
main@totals                     cstackBANK1  000B1
reset_vec                       reset_vec    00000
stackhi                         (abs)        02327
stacklo                         (abs)        0207D
start                           init         00002
start_initialization            cinit        007E1
ttemp                           (abs)        0007E
ttemp0                          (abs)        0007E
ttemp1                          (abs)        00081
ttemp2                          (abs)        00084
ttemp3                          (abs)        00087
ttemp4                          (abs)        0007F
wtemp                           (abs)        0007E
wtemp0                          (abs)        0007E
wtemp1                          (abs)        00080
wtemp2                          (abs)        00082
wtemp3                          (abs)        00084
wtemp4                          (abs)        00086
wtemp5                          (abs)        00088
wtemp6                          (abs)        0007F


FUNCTION INFORMATION:

 *************** function _main *****************
 Defined at:
		line 13 in file "main.c"
 Parameters:    Size  Location     Type
		None
 Auto vars:     Size  Location     Type
  totals          8   17[BANK1 ] long [2]
  steinhart       3   25[BANK1 ] float 
  displayTemp2    3    7[BANK1 ] float 
  displayTemp     3    4[BANK1 ] float 
  R               3    1[BANK1 ] float 
  solarOutTemp    2   15[BANK1 ] unsigned int 
  solarInTemp     2   13[BANK1 ] unsigned int 
  count           1    0[BANK1 ] unsigned char 
 Return value:  Size  Location     Type
                  1    wreg      void 
 Registers used:
		wreg, fsr0l, fsr0h, fsr1l, fsr1h, status,2, status,0, pclath, cstack
 Tracked objects:
		On entry : 
		On exit  : 
		Unchanged: 
 Data sizes:     COMMON   BANK0   BANK1   BANK2   BANK3   BANK4   BANK5   BANK6   BANK7   BANK8   BANK9  BANK10  BANK11  BANK12
      Params:         0       0       0       0       0       0       0       0       0       0       0       0       0       0
      Locals:         0       0      28       0       0       0       0       0       0       0       0       0       0       0
      Temps:          0      10       0       0       0       0       0       0       0       0       0       0       0       0
      Totals:         0      10      28       0       0       0       0       0       0       0       0       0       0       0
Total ram usage:       38 bytes
 Hardware stack levels required when called:    4
 This function calls:
		_ADCRead
		_LCDBitmap
		_LCDWriteCharacter
		_LCDWriteInt
		_LCDWriteString
		_SYSTEM_Initialize
		___aldiv
		___ftadd
		___ftdiv
		___ftmul
		___ftsub
		___fttol
		___lwtoft
		_gotoXY
		_log
 This function is called by:
		Startup code after reset
 This function uses a non-reentrant model


 *************** function _log *****************
 Defined at:
		line 5 in file "C:\Program Files (x86)\Microchip\xc8\v1.38\sources\common\log.c"
 Parameters:    Size  Location     Type
  x               3   55[BANK0 ] void 
 Auto vars:     Size  Location     Type
  exponent        2   59[BANK0 ] int 
 Return value:  Size  Location     Type
                  3   55[BANK0 ] int 
 Registers used:
		wreg, fsr0l, fsr0h, fsr1l, fsr1h, status,2, status,0, pclath, cstack
 Tracked objects:
		On entry : 
		On exit  : 
		Unchanged: 
 Data sizes:     COMMON   BANK0   BANK1   BANK2   BANK3   BANK4   BANK5   BANK6   BANK7   BANK8   BANK9  BANK10  BANK11  BANK12
      Params:         0       3       0       0       0       0       0       0       0       0       0       0       0       0
      Locals:         0       2       0       0       0       0       0       0       0       0       0       0       0       0
      Temps:          0       1       0       0       0       0       0       0       0       0       0       0       0       0
      Totals:         0       6       0       0       0       0       0       0       0       0       0       0       0       0
Total ram usage:        6 bytes
 Hardware stack levels used:    1
 Hardware stack levels required when called:    3
 This function calls:
		___awtoft
		___ftadd
		___ftge
		___ftmul
		_eval_poly
		_frexp
 This function is called by:
		_main
 This function uses a non-reentrant model


 *************** function _frexp *****************
 Defined at:
		line 254 in file "C:\Program Files (x86)\Microchip\xc8\v1.38\sources\common\frexp.c"
 Parameters:    Size  Location     Type
  value           3    0[COMMON] int 
  eptr            1    3[COMMON] PTR int 
		 -> log@exponent(2), 
 Auto vars:     Size  Location     Type
		None
 Return value:  Size  Location     Type
                  3    0[COMMON] PTR int 
 Registers used:
		wreg, fsr1l, fsr1h, status,2, status,0
 Tracked objects:
		On entry : 
		On exit  : 
		Unchanged: 
 Data sizes:     COMMON   BANK0   BANK1   BANK2   BANK3   BANK4   BANK5   BANK6   BANK7   BANK8   BANK9  BANK10  BANK11  BANK12
      Params:         4       0       0       0       0       0       0       0       0       0       0       0       0       0
      Locals:         0       0       0       0       0       0       0       0       0       0       0       0       0       0
      Temps:          2       0       0       0       0       0       0       0       0       0       0       0       0       0
      Totals:         6       0       0       0       0       0       0       0       0       0       0       0       0       0
Total ram usage:        6 bytes
 Hardware stack levels used:    1
 This function calls:
		Nothing
 This function is called by:
		_log
 This function uses a non-reentrant model


 *************** function _eval_poly *****************
 Defined at:
		line 4 in file "C:\Program Files (x86)\Microchip\xc8\v1.38\sources\common\evalpoly.c"
 Parameters:    Size  Location     Type
  x               3   45[BANK0 ] PTR int 
  d               2   48[BANK0 ] PTR const 
		 -> log@coeff(27), 
  n               2   50[BANK0 ] int 
 Auto vars:     Size  Location     Type
  res             3   52[BANK0 ] int 
 Return value:  Size  Location     Type
                  3   45[BANK0 ] int 
 Registers used:
		wreg, fsr0l, fsr0h, status,2, status,0, pclath, cstack
 Tracked objects:
		On entry : 
		On exit  : 
		Unchanged: 
 Data sizes:     COMMON   BANK0   BANK1   BANK2   BANK3   BANK4   BANK5   BANK6   BANK7   BANK8   BANK9  BANK10  BANK11  BANK12
      Params:         0       7       0       0       0       0       0       0       0       0       0       0       0       0
      Locals:         0       3       0       0       0       0       0       0       0       0       0       0       0       0
      Temps:          0       0       0       0       0       0       0       0       0       0       0       0       0       0
      Totals:         0      10       0       0       0       0       0       0       0       0       0       0       0       0
Total ram usage:       10 bytes
 Hardware stack levels used:    1
 Hardware stack levels required when called:    2
 This function calls:
		___ftadd
		___ftmul
		___wmul
 This function is called by:
		_log
 This function uses a non-reentrant model


 *************** function ___ftmul *****************
 Defined at:
		line 62 in file "C:\Program Files (x86)\Microchip\xc8\v1.38\sources\common\ftmul.c"
 Parameters:    Size  Location     Type
  f1              3    0[BANK0 ] float 
  f2              3    3[BANK0 ] float 
 Auto vars:     Size  Location     Type
  f3_as_produc    3   11[BANK0 ] unsigned um
  sign            1   15[BANK0 ] unsigned char 
  cntr            1   14[BANK0 ] unsigned char 
  exp             1   10[BANK0 ] unsigned char 
 Return value:  Size  Location     Type
                  3    0[BANK0 ] float 
 Registers used:
		wreg, status,2, status,0, pclath, cstack
 Tracked objects:
		On entry : 
		On exit  : 
		Unchanged: 
 Data sizes:     COMMON   BANK0   BANK1   BANK2   BANK3   BANK4   BANK5   BANK6   BANK7   BANK8   BANK9  BANK10  BANK11  BANK12
      Params:         0       6       0       0       0       0       0       0       0       0       0       0       0       0
      Locals:         0       6       0       0       0       0       0       0       0       0       0       0       0       0
      Temps:          0       4       0       0       0       0       0       0       0       0       0       0       0       0
      Totals:         0      16       0       0       0       0       0       0       0       0       0       0       0       0
Total ram usage:       16 bytes
 Hardware stack levels used:    1
 Hardware stack levels required when called:    1
 This function calls:
		___ftpack
 This function is called by:
		_main
		_log
		_eval_poly
 This function uses a non-reentrant model


 *************** function ___ftge *****************
 Defined at:
		line 4 in file "C:\Program Files (x86)\Microchip\xc8\v1.38\sources\common\ftge.c"
 Parameters:    Size  Location     Type
  ff1             3    0[COMMON] float 
  ff2             3    3[COMMON] float 
 Auto vars:     Size  Location     Type
		None
 Return value:  Size  Location     Type
		None               void
 Registers used:
		wreg, status,2, status,0
 Tracked objects:
		On entry : 
		On exit  : 
		Unchanged: 
 Data sizes:     COMMON   BANK0   BANK1   BANK2   BANK3   BANK4   BANK5   BANK6   BANK7   BANK8   BANK9  BANK10  BANK11  BANK12
      Params:         6       0       0       0       0       0       0       0       0       0       0       0       0       0
      Locals:         0       0       0       0       0       0       0       0       0       0       0       0       0       0
      Temps:          3       0       0       0       0       0       0       0       0       0       0       0       0       0
      Totals:         9       0       0       0       0       0       0       0       0       0       0       0       0       0
Total ram usage:        9 bytes
 Hardware stack levels used:    1
 This function calls:
		Nothing
 This function is called by:
		_log
 This function uses a non-reentrant model


 *************** function ___awtoft *****************
 Defined at:
		line 32 in file "C:\Program Files (x86)\Microchip\xc8\v1.38\sources\common\awtoft.c"
 Parameters:    Size  Location     Type
  c               2    8[COMMON] int 
 Auto vars:     Size  Location     Type
  sign            1   13[COMMON] unsigned char 
 Return value:  Size  Location     Type
                  3    8[COMMON] float 
 Registers used:
		wreg, status,2, status,0, pclath, cstack
 Tracked objects:
		On entry : 
		On exit  : 
		Unchanged: 
 Data sizes:     COMMON   BANK0   BANK1   BANK2   BANK3   BANK4   BANK5   BANK6   BANK7   BANK8   BANK9  BANK10  BANK11  BANK12
      Params:         3       0       0       0       0       0       0       0       0       0       0       0       0       0
      Locals:         1       0       0       0       0       0       0       0       0       0       0       0       0       0
      Temps:          2       0       0       0       0       0       0       0       0       0       0       0       0       0
      Totals:         6       0       0       0       0       0       0       0       0       0       0       0       0       0
Total ram usage:        6 bytes
 Hardware stack levels used:    1
 Hardware stack levels required when called:    1
 This function calls:
		___ftpack
 This function is called by:
		_log
 This function uses a non-reentrant model


 *************** function ___lwtoft *****************
 Defined at:
		line 28 in file "C:\Program Files (x86)\Microchip\xc8\v1.38\sources\common\lwtoft.c"
 Parameters:    Size  Location     Type
  c               2    8[COMMON] unsigned int 
 Auto vars:     Size  Location     Type
		None
 Return value:  Size  Location     Type
                  3    8[COMMON] float 
 Registers used:
		wreg, status,2, status,0, pclath, cstack
 Tracked objects:
		On entry : 
		On exit  : 
		Unchanged: 
 Data sizes:     COMMON   BANK0   BANK1   BANK2   BANK3   BANK4   BANK5   BANK6   BANK7   BANK8   BANK9  BANK10  BANK11  BANK12
      Params:         3       0       0       0       0       0       0       0       0       0       0       0       0       0
      Locals:         0       0       0       0       0       0       0       0       0       0       0       0       0       0
      Temps:          1       0       0       0       0       0       0       0       0       0       0       0       0       0
      Totals:         4       0       0       0       0       0       0       0       0       0       0       0       0       0
Total ram usage:        4 bytes
 Hardware stack levels used:    1
 Hardware stack levels required when called:    1
 This function calls:
		___ftpack
 This function is called by:
		_main
 This function uses a non-reentrant model


 *************** function ___fttol *****************
 Defined at:
		line 44 in file "C:\Program Files (x86)\Microchip\xc8\v1.38\sources\common\fttol.c"
 Parameters:    Size  Location     Type
  f1              3    0[COMMON] float 
 Auto vars:     Size  Location     Type
  lval            4    9[COMMON] unsigned long 
  exp1            1   13[COMMON] unsigned char 
  sign1           1    8[COMMON] unsigned char 
 Return value:  Size  Location     Type
                  4    0[COMMON] long 
 Registers used:
		wreg, status,2, status,0
 Tracked objects:
		On entry : 
		On exit  : 
		Unchanged: 
 Data sizes:     COMMON   BANK0   BANK1   BANK2   BANK3   BANK4   BANK5   BANK6   BANK7   BANK8   BANK9  BANK10  BANK11  BANK12
      Params:         4       0       0       0       0       0       0       0       0       0       0       0       0       0
      Locals:         6       0       0       0       0       0       0       0       0       0       0       0       0       0
      Temps:          4       0       0       0       0       0       0       0       0       0       0       0       0       0
      Totals:        14       0       0       0       0       0       0       0       0       0       0       0       0       0
Total ram usage:       14 bytes
 Hardware stack levels used:    1
 This function calls:
		Nothing
 This function is called by:
		_main
 This function uses a non-reentrant model


 *************** function ___ftsub *****************
 Defined at:
		line 18 in file "C:\Program Files (x86)\Microchip\xc8\v1.38\sources\common\ftsub.c"
 Parameters:    Size  Location     Type
  f2              3   45[BANK0 ] float 
  f1              3   48[BANK0 ] float 
 Auto vars:     Size  Location     Type
		None
 Return value:  Size  Location     Type
                  3   45[BANK0 ] float 
 Registers used:
		wreg, status,2, status,0, pclath, cstack
 Tracked objects:
		On entry : 
		On exit  : 
		Unchanged: 
 Data sizes:     COMMON   BANK0   BANK1   BANK2   BANK3   BANK4   BANK5   BANK6   BANK7   BANK8   BANK9  BANK10  BANK11  BANK12
      Params:         0       6       0       0       0       0       0       0       0       0       0       0       0       0
      Locals:         0       0       0       0       0       0       0       0       0       0       0       0       0       0
      Temps:          0       0       0       0       0       0       0       0       0       0       0       0       0       0
      Totals:         0       6       0       0       0       0       0       0       0       0       0       0       0       0
Total ram usage:        6 bytes
 Hardware stack levels used:    1
 Hardware stack levels required when called:    2
 This function calls:
		___ftadd
 This function is called by:
		_main
 This function uses a non-reentrant model


 *************** function ___ftadd *****************
 Defined at:
		line 86 in file "C:\Program Files (x86)\Microchip\xc8\v1.38\sources\common\ftadd.c"
 Parameters:    Size  Location     Type
  f1              3   32[BANK0 ] float 
  f2              3   35[BANK0 ] float 
 Auto vars:     Size  Location     Type
  exp1            1   44[BANK0 ] unsigned char 
  exp2            1   43[BANK0 ] unsigned char 
  sign            1   42[BANK0 ] unsigned char 
 Return value:  Size  Location     Type
                  3   32[BANK0 ] float 
 Registers used:
		wreg, status,2, status,0, pclath, cstack
 Tracked objects:
		On entry : 
		On exit  : 
		Unchanged: 
 Data sizes:     COMMON   BANK0   BANK1   BANK2   BANK3   BANK4   BANK5   BANK6   BANK7   BANK8   BANK9  BANK10  BANK11  BANK12
      Params:         0       6       0       0       0       0       0       0       0       0       0       0       0       0
      Locals:         0       3       0       0       0       0       0       0       0       0       0       0       0       0
      Temps:          0       4       0       0       0       0       0       0       0       0       0       0       0       0
      Totals:         0      13       0       0       0       0       0       0       0       0       0       0       0       0
Total ram usage:       13 bytes
 Hardware stack levels used:    1
 Hardware stack levels required when called:    1
 This function calls:
		___ftpack
 This function is called by:
		_main
		___ftsub
		_log
		_eval_poly
 This function uses a non-reentrant model


 *************** function ___ftdiv *****************
 Defined at:
		line 56 in file "C:\Program Files (x86)\Microchip\xc8\v1.38\sources\common\ftdiv.c"
 Parameters:    Size  Location     Type
  f2              3   16[BANK0 ] float 
  f1              3   19[BANK0 ] float 
 Auto vars:     Size  Location     Type
  f3              3   27[BANK0 ] float 
  sign            1   31[BANK0 ] unsigned char 
  exp             1   30[BANK0 ] unsigned char 
  cntr            1   26[BANK0 ] unsigned char 
 Return value:  Size  Location     Type
                  3   16[BANK0 ] float 
 Registers used:
		wreg, status,2, status,0, pclath, cstack
 Tracked objects:
		On entry : 
		On exit  : 
		Unchanged: 
 Data sizes:     COMMON   BANK0   BANK1   BANK2   BANK3   BANK4   BANK5   BANK6   BANK7   BANK8   BANK9  BANK10  BANK11  BANK12
      Params:         0       6       0       0       0       0       0       0       0       0       0       0       0       0
      Locals:         0       6       0       0       0       0       0       0       0       0       0       0       0       0
      Temps:          0       4       0       0       0       0       0       0       0       0       0       0       0       0
      Totals:         0      16       0       0       0       0       0       0       0       0       0       0       0       0
Total ram usage:       16 bytes
 Hardware stack levels used:    1
 Hardware stack levels required when called:    1
 This function calls:
		___ftpack
 This function is called by:
		_main
 This function uses a non-reentrant model


 *************** function ___ftpack *****************
 Defined at:
		line 62 in file "C:\Program Files (x86)\Microchip\xc8\v1.38\sources\common\float.c"
 Parameters:    Size  Location     Type
  arg             3    0[COMMON] unsigned um
  exp             1    3[COMMON] unsigned char 
  sign            1    4[COMMON] unsigned char 
 Auto vars:     Size  Location     Type
		None
 Return value:  Size  Location     Type
                  3    0[COMMON] float 
 Registers used:
		wreg, status,2, status,0
 Tracked objects:
		On entry : 
		On exit  : 
		Unchanged: 
 Data sizes:     COMMON   BANK0   BANK1   BANK2   BANK3   BANK4   BANK5   BANK6   BANK7   BANK8   BANK9  BANK10  BANK11  BANK12
      Params:         5       0       0       0       0       0       0       0       0       0       0       0       0       0
      Locals:         0       0       0       0       0       0       0       0       0       0       0       0       0       0
      Temps:          3       0       0       0       0       0       0       0       0       0       0       0       0       0
      Totals:         8       0       0       0       0       0       0       0       0       0       0       0       0       0
Total ram usage:        8 bytes
 Hardware stack levels used:    1
 This function calls:
		Nothing
 This function is called by:
		___awtoft
		___ftadd
		___ftdiv
		___ftmul
		___lwtoft
 This function uses a non-reentrant model


 *************** function ___aldiv *****************
 Defined at:
		line 6 in file "C:\Program Files (x86)\Microchip\xc8\v1.38\sources\common\aldiv.c"
 Parameters:    Size  Location     Type
  divisor         4    0[COMMON] long 
  dividend        4    4[COMMON] long 
 Auto vars:     Size  Location     Type
  quotient        4    2[BANK0 ] long 
  sign            1    1[BANK0 ] unsigned char 
  counter         1    0[BANK0 ] unsigned char 
 Return value:  Size  Location     Type
                  4    0[COMMON] long 
 Registers used:
		wreg, status,2, status,0
 Tracked objects:
		On entry : 
		On exit  : 
		Unchanged: 
 Data sizes:     COMMON   BANK0   BANK1   BANK2   BANK3   BANK4   BANK5   BANK6   BANK7   BANK8   BANK9  BANK10  BANK11  BANK12
      Params:         8       0       0       0       0       0       0       0       0       0       0       0       0       0
      Locals:         0       6       0       0       0       0       0       0       0       0       0       0       0       0
      Temps:          1       0       0       0       0       0       0       0       0       0       0       0       0       0
      Totals:         9       6       0       0       0       0       0       0       0       0       0       0       0       0
Total ram usage:       15 bytes
 Hardware stack levels used:    1
 This function calls:
		Nothing
 This function is called by:
		_main
 This function uses a non-reentrant model


 *************** function _SYSTEM_Initialize *****************
 Defined at:
		line 37 in file "system.c"
 Parameters:    Size  Location     Type
		None
 Auto vars:     Size  Location     Type
		None
 Return value:  Size  Location     Type
                  1    wreg      void 
 Registers used:
		wreg, status,2, status,0, pclath, cstack
 Tracked objects:
		On entry : 
		On exit  : 
		Unchanged: 
 Data sizes:     COMMON   BANK0   BANK1   BANK2   BANK3   BANK4   BANK5   BANK6   BANK7   BANK8   BANK9  BANK10  BANK11  BANK12
      Params:         0       0       0       0       0       0       0       0       0       0       0       0       0       0
      Locals:         0       0       0       0       0       0       0       0       0       0       0       0       0       0
      Temps:          2       0       0       0       0       0       0       0       0       0       0       0       0       0
      Totals:         2       0       0       0       0       0       0       0       0       0       0       0       0       0
Total ram usage:        2 bytes
 Hardware stack levels used:    1
 Hardware stack levels required when called:    3
 This function calls:
		_ADCC_Initialize
		_LCDClear
		_LCDInit
		_OSCILLATOR_Initialize
 This function is called by:
		_main
 This function uses a non-reentrant model


 *************** function _OSCILLATOR_Initialize *****************
 Defined at:
		line 65 in file "system.c"
 Parameters:    Size  Location     Type
		None
 Auto vars:     Size  Location     Type
		None
 Return value:  Size  Location     Type
                  1    wreg      void 
 Registers used:
		wreg, status,2
 Tracked objects:
		On entry : 
		On exit  : 
		Unchanged: 
 Data sizes:     COMMON   BANK0   BANK1   BANK2   BANK3   BANK4   BANK5   BANK6   BANK7   BANK8   BANK9  BANK10  BANK11  BANK12
      Params:         0       0       0       0       0       0       0       0       0       0       0       0       0       0
      Locals:         0       0       0       0       0       0       0       0       0       0       0       0       0       0
      Temps:          0       0       0       0       0       0       0       0       0       0       0       0       0       0
      Totals:         0       0       0       0       0       0       0       0       0       0       0       0       0       0
Total ram usage:        0 bytes
 Hardware stack levels used:    1
 This function calls:
		Nothing
 This function is called by:
		_SYSTEM_Initialize
 This function uses a non-reentrant model


 *************** function _LCDInit *****************
 Defined at:
		line 247 in file "lcd.c"
 Parameters:    Size  Location     Type
		None
 Auto vars:     Size  Location     Type
		None
 Return value:  Size  Location     Type
                  1    wreg      void 
 Registers used:
		wreg, status,2, status,0, pclath, cstack
 Tracked objects:
		On entry : 
		On exit  : 
		Unchanged: 
 Data sizes:     COMMON   BANK0   BANK1   BANK2   BANK3   BANK4   BANK5   BANK6   BANK7   BANK8   BANK9  BANK10  BANK11  BANK12
      Params:         0       0       0       0       0       0       0       0       0       0       0       0       0       0
      Locals:         0       0       0       0       0       0       0       0       0       0       0       0       0       0
      Temps:          1       0       0       0       0       0       0       0       0       0       0       0       0       0
      Totals:         1       0       0       0       0       0       0       0       0       0       0       0       0       0
Total ram usage:        1 bytes
 Hardware stack levels used:    1
 Hardware stack levels required when called:    1
 This function calls:
		_LCDWrite
 This function is called by:
		_SYSTEM_Initialize
 This function uses a non-reentrant model


 *************** function _LCDClear *****************
 Defined at:
		line 182 in file "lcd.c"
 Parameters:    Size  Location     Type
		None
 Auto vars:     Size  Location     Type
  index           2    9[COMMON] int 
 Return value:  Size  Location     Type
                  1    wreg      void 
 Registers used:
		wreg, status,2, status,0, pclath, cstack
 Tracked objects:
		On entry : 
		On exit  : 
		Unchanged: 
 Data sizes:     COMMON   BANK0   BANK1   BANK2   BANK3   BANK4   BANK5   BANK6   BANK7   BANK8   BANK9  BANK10  BANK11  BANK12
      Params:         0       0       0       0       0       0       0       0       0       0       0       0       0       0
      Locals:         2       0       0       0       0       0       0       0       0       0       0       0       0       0
      Temps:          1       0       0       0       0       0       0       0       0       0       0       0       0       0
      Totals:         3       0       0       0       0       0       0       0       0       0       0       0       0       0
Total ram usage:        3 bytes
 Hardware stack levels used:    1
 Hardware stack levels required when called:    2
 This function calls:
		_LCDWrite
		_gotoXY
 This function is called by:
		_SYSTEM_Initialize
		_readButtons
 This function uses a non-reentrant model


 *************** function _ADCC_Initialize *****************
 Defined at:
		line 5 in file "adcc.c"
 Parameters:    Size  Location     Type
		None
 Auto vars:     Size  Location     Type
		None
 Return value:  Size  Location     Type
                  1    wreg      void 
 Registers used:
		wreg, status,2
 Tracked objects:
		On entry : 
		On exit  : 
		Unchanged: 
 Data sizes:     COMMON   BANK0   BANK1   BANK2   BANK3   BANK4   BANK5   BANK6   BANK7   BANK8   BANK9  BANK10  BANK11  BANK12
      Params:         0       0       0       0       0       0       0       0       0       0       0       0       0       0
      Locals:         0       0       0       0       0       0       0       0       0       0       0       0       0       0
      Temps:          0       0       0       0       0       0       0       0       0       0       0       0       0       0
      Totals:         0       0       0       0       0       0       0       0       0       0       0       0       0       0
Total ram usage:        0 bytes
 Hardware stack levels used:    1
 This function calls:
		Nothing
 This function is called by:
		_SYSTEM_Initialize
 This function uses a non-reentrant model


 *************** function _LCDWriteString *****************
 Defined at:
		line 176 in file "lcd.c"
 Parameters:    Size  Location     Type
  characters      2   12[COMMON] PTR const unsigned char 
		 -> STR_2(15), STR_1(15), 
 Auto vars:     Size  Location     Type
		None
 Return value:  Size  Location     Type
                  1    wreg      void 
 Registers used:
		wreg, fsr0l, fsr0h, status,2, status,0, pclath, cstack
 Tracked objects:
		On entry : 
		On exit  : 
		Unchanged: 
 Data sizes:     COMMON   BANK0   BANK1   BANK2   BANK3   BANK4   BANK5   BANK6   BANK7   BANK8   BANK9  BANK10  BANK11  BANK12
      Params:         2       0       0       0       0       0       0       0       0       0       0       0       0       0
      Locals:         0       0       0       0       0       0       0       0       0       0       0       0       0       0
      Temps:          0       1       0       0       0       0       0       0       0       0       0       0       0       0
      Totals:         2       1       0       0       0       0       0       0       0       0       0       0       0       0
Total ram usage:        3 bytes
 Hardware stack levels used:    1
 Hardware stack levels required when called:    2
 This function calls:
		_LCDWriteCharacter
 This function is called by:
		_main
 This function uses a non-reentrant model


 *************** function _LCDWriteInt *****************
 Defined at:
		line 190 in file "lcd.c"
 Parameters:    Size  Location     Type
  value           2    0[BANK0 ] int 
  fieldLength     1    2[BANK0 ] char 
  numPlaces       1    3[BANK0 ] char 
  sign            1    4[BANK0 ] char 
 Auto vars:     Size  Location     Type
  str             5   10[BANK0 ] unsigned char [5]
  i               2   17[BANK0 ] int 
  j               2   15[BANK0 ] int 
 Return value:  Size  Location     Type
                  1    wreg      void 
 Registers used:
		wreg, fsr0l, fsr0h, fsr1l, fsr1h, status,2, status,0, pclath, cstack
 Tracked objects:
		On entry : 
		On exit  : 
		Unchanged: 
 Data sizes:     COMMON   BANK0   BANK1   BANK2   BANK3   BANK4   BANK5   BANK6   BANK7   BANK8   BANK9  BANK10  BANK11  BANK12
      Params:         0       5       0       0       0       0       0       0       0       0       0       0       0       0
      Locals:         0       9       0       0       0       0       0       0       0       0       0       0       0       0
      Temps:          0       5       0       0       0       0       0       0       0       0       0       0       0       0
      Totals:         0      19       0       0       0       0       0       0       0       0       0       0       0       0
Total ram usage:       19 bytes
 Hardware stack levels used:    1
 Hardware stack levels required when called:    2
 This function calls:
		_LCDWriteCharacter
		___awdiv
		___awmod
 This function is called by:
		_main
 This function uses a non-reentrant model


 *************** function ___awmod *****************
 Defined at:
		line 6 in file "C:\Program Files (x86)\Microchip\xc8\v1.38\sources\common\awmod.c"
 Parameters:    Size  Location     Type
  divisor         2    0[COMMON] int 
  dividend        2    2[COMMON] int 
 Auto vars:     Size  Location     Type
  sign            1    6[COMMON] unsigned char 
  counter         1    5[COMMON] unsigned char 
 Return value:  Size  Location     Type
                  2    0[COMMON] int 
 Registers used:
		wreg, status,2, status,0
 Tracked objects:
		On entry : 
		On exit  : 
		Unchanged: 
 Data sizes:     COMMON   BANK0   BANK1   BANK2   BANK3   BANK4   BANK5   BANK6   BANK7   BANK8   BANK9  BANK10  BANK11  BANK12
      Params:         4       0       0       0       0       0       0       0       0       0       0       0       0       0
      Locals:         2       0       0       0       0       0       0       0       0       0       0       0       0       0
      Temps:          1       0       0       0       0       0       0       0       0       0       0       0       0       0
      Totals:         7       0       0       0       0       0       0       0       0       0       0       0       0       0
Total ram usage:        7 bytes
 Hardware stack levels used:    1
 This function calls:
		Nothing
 This function is called by:
		_LCDWriteInt
 This function uses a non-reentrant model


 *************** function ___awdiv *****************
 Defined at:
		line 6 in file "C:\Program Files (x86)\Microchip\xc8\v1.38\sources\common\awdiv.c"
 Parameters:    Size  Location     Type
  divisor         2    0[COMMON] int 
  dividend        2    2[COMMON] int 
 Auto vars:     Size  Location     Type
  quotient        2    7[COMMON] int 
  sign            1    6[COMMON] unsigned char 
  counter         1    5[COMMON] unsigned char 
 Return value:  Size  Location     Type
                  2    0[COMMON] int 
 Registers used:
		wreg, status,2, status,0
 Tracked objects:
		On entry : 
		On exit  : 
		Unchanged: 
 Data sizes:     COMMON   BANK0   BANK1   BANK2   BANK3   BANK4   BANK5   BANK6   BANK7   BANK8   BANK9  BANK10  BANK11  BANK12
      Params:         4       0       0       0       0       0       0       0       0       0       0       0       0       0
      Locals:         4       0       0       0       0       0       0       0       0       0       0       0       0       0
      Temps:          1       0       0       0       0       0       0       0       0       0       0       0       0       0
      Totals:         9       0       0       0       0       0       0       0       0       0       0       0       0       0
Total ram usage:        9 bytes
 Hardware stack levels used:    1
 This function calls:
		Nothing
 This function is called by:
		_LCDWriteInt
 This function uses a non-reentrant model


 *************** function _LCDWriteCharacter *****************
 Defined at:
		line 140 in file "lcd.c"
 Parameters:    Size  Location     Type
  character       1    wreg     const unsigned char 
 Auto vars:     Size  Location     Type
  character       1    9[COMMON] const unsigned char 
  base            2   10[COMMON] unsigned int 
 Return value:  Size  Location     Type
                  1    wreg      void 
 Registers used:
		wreg, fsr0l, fsr0h, status,2, status,0, pclath, cstack
 Tracked objects:
		On entry : 
		On exit  : 
		Unchanged: 
 Data sizes:     COMMON   BANK0   BANK1   BANK2   BANK3   BANK4   BANK5   BANK6   BANK7   BANK8   BANK9  BANK10  BANK11  BANK12
      Params:         0       0       0       0       0       0       0       0       0       0       0       0       0       0
      Locals:         3       0       0       0       0       0       0       0       0       0       0       0       0       0
      Temps:          3       0       0       0       0       0       0       0       0       0       0       0       0       0
      Totals:         6       0       0       0       0       0       0       0       0       0       0       0       0       0
Total ram usage:        6 bytes
 Hardware stack levels used:    1
 Hardware stack levels required when called:    1
 This function calls:
		_LCDWrite
		___wmul
 This function is called by:
		_main
		_LCDWriteString
		_LCDWriteInt
		_readButtons
 This function uses a non-reentrant model


 *************** function ___wmul *****************
 Defined at:
		line 15 in file "C:\Program Files (x86)\Microchip\xc8\v1.38\sources\common\Umul16.c"
 Parameters:    Size  Location     Type
  multiplier      2    0[COMMON] unsigned int 
  multiplicand    2    2[COMMON] unsigned int 
 Auto vars:     Size  Location     Type
  product         2    4[COMMON] unsigned int 
 Return value:  Size  Location     Type
                  2    0[COMMON] unsigned int 
 Registers used:
		wreg, status,2, status,0
 Tracked objects:
		On entry : 
		On exit  : 
		Unchanged: 
 Data sizes:     COMMON   BANK0   BANK1   BANK2   BANK3   BANK4   BANK5   BANK6   BANK7   BANK8   BANK9  BANK10  BANK11  BANK12
      Params:         4       0       0       0       0       0       0       0       0       0       0       0       0       0
      Locals:         2       0       0       0       0       0       0       0       0       0       0       0       0       0
      Temps:          0       0       0       0       0       0       0       0       0       0       0       0       0       0
      Totals:         6       0       0       0       0       0       0       0       0       0       0       0       0       0
Total ram usage:        6 bytes
 Hardware stack levels used:    1
 This function calls:
		Nothing
 This function is called by:
		_LCDWriteCharacter
		_eval_poly
 This function uses a non-reentrant model


 *************** function _LCDBitmap *****************
 Defined at:
		line 131 in file "lcd.c"
 Parameters:    Size  Location     Type
  my_array        2    8[COMMON] PTR const unsigned char 
		 -> aloha(336), 
  startPositio    1   10[COMMON] unsigned char 
  len             2   11[COMMON] unsigned int 
 Auto vars:     Size  Location     Type
  index           2    0[BANK0 ] unsigned int 
 Return value:  Size  Location     Type
                  1    wreg      void 
 Registers used:
		wreg, fsr0l, fsr0h, status,2, status,0, pclath, cstack
 Tracked objects:
		On entry : 
		On exit  : 
		Unchanged: 
 Data sizes:     COMMON   BANK0   BANK1   BANK2   BANK3   BANK4   BANK5   BANK6   BANK7   BANK8   BANK9  BANK10  BANK11  BANK12
      Params:         5       0       0       0       0       0       0       0       0       0       0       0       0       0
      Locals:         0       2       0       0       0       0       0       0       0       0       0       0       0       0
      Temps:          1       0       0       0       0       0       0       0       0       0       0       0       0       0
      Totals:         6       2       0       0       0       0       0       0       0       0       0       0       0       0
Total ram usage:        8 bytes
 Hardware stack levels used:    1
 Hardware stack levels required when called:    2
 This function calls:
		_LCDWrite
		_gotoXY
 This function is called by:
		_main
 This function uses a non-reentrant model


 *************** function _gotoXY *****************
 Defined at:
		line 124 in file "lcd.c"
 Parameters:    Size  Location     Type
  x               1    wreg     unsigned char 
  y               1    5[COMMON] unsigned char 
 Auto vars:     Size  Location     Type
  x               1    7[COMMON] unsigned char 
 Return value:  Size  Location     Type
                  1    wreg      void 
 Registers used:
		wreg, status,2, status,0, pclath, cstack
 Tracked objects:
		On entry : 
		On exit  : 
		Unchanged: 
 Data sizes:     COMMON   BANK0   BANK1   BANK2   BANK3   BANK4   BANK5   BANK6   BANK7   BANK8   BANK9  BANK10  BANK11  BANK12
      Params:         1       0       0       0       0       0       0       0       0       0       0       0       0       0
      Locals:         1       0       0       0       0       0       0       0       0       0       0       0       0       0
      Temps:          1       0       0       0       0       0       0       0       0       0       0       0       0       0
      Totals:         3       0       0       0       0       0       0       0       0       0       0       0       0       0
Total ram usage:        3 bytes
 Hardware stack levels used:    1
 Hardware stack levels required when called:    1
 This function calls:
		_LCDWrite
 This function is called by:
		_main
		_LCDBitmap
		_LCDClear
		_LCDDrawBox
 This function uses a non-reentrant model


 *************** function _LCDWrite *****************
 Defined at:
		line 280 in file "lcd.c"
 Parameters:    Size  Location     Type
  data_or_comm    1    wreg     unsigned char 
  data            1    0[COMMON] unsigned char 
 Auto vars:     Size  Location     Type
  data_or_comm    1    2[COMMON] unsigned char 
  i               1    4[COMMON] unsigned char 
  d               1    3[COMMON] unsigned char 
 Return value:  Size  Location     Type
                  1    wreg      void 
 Registers used:
		wreg, status,2, status,0
 Tracked objects:
		On entry : 
		On exit  : 
		Unchanged: 
 Data sizes:     COMMON   BANK0   BANK1   BANK2   BANK3   BANK4   BANK5   BANK6   BANK7   BANK8   BANK9  BANK10  BANK11  BANK12
      Params:         1       0       0       0       0       0       0       0       0       0       0       0       0       0
      Locals:         3       0       0       0       0       0       0       0       0       0       0       0       0       0
      Temps:          1       0       0       0       0       0       0       0       0       0       0       0       0       0
      Totals:         5       0       0       0       0       0       0       0       0       0       0       0       0       0
Total ram usage:        5 bytes
 Hardware stack levels used:    1
 This function calls:
		Nothing
 This function is called by:
		_gotoXY
		_LCDBitmap
		_LCDWriteCharacter
		_LCDClear
		_LCDInit
		_LCDDrawBox
 This function uses a non-reentrant model


 *************** function _ADCRead *****************
 Defined at:
		line 52 in file "adcc.c"
 Parameters:    Size  Location     Type
  channel         1    wreg     enum E13559
 Auto vars:     Size  Location     Type
  channel         1    3[COMMON] enum E13559
 Return value:  Size  Location     Type
                  2    0[COMMON] unsigned int 
 Registers used:
		wreg
 Tracked objects:
		On entry : 
		On exit  : 
		Unchanged: 
 Data sizes:     COMMON   BANK0   BANK1   BANK2   BANK3   BANK4   BANK5   BANK6   BANK7   BANK8   BANK9  BANK10  BANK11  BANK12
      Params:         3       0       0       0       0       0       0       0       0       0       0       0       0       0
      Locals:         1       0       0       0       0       0       0       0       0       0       0       0       0       0
      Temps:          0       0       0       0       0       0       0       0       0       0       0       0       0       0
      Totals:         4       0       0       0       0       0       0       0       0       0       0       0       0       0
Total ram usage:        4 bytes
 Hardware stack levels used:    1
 This function calls:
		Nothing
 This function is called by:
		_main
 This function uses a non-reentrant model



MODULE INFORMATION

Module		Function		Class		Link	Load	Size
C:\Program Files (x86)\Microchip\xc8\v1.38\sources\common\log.c
		_log           		CODE           	0F53	0000	174

C:\Program Files (x86)\Microchip\xc8\v1.38\sources\common\log.c estimated size: 174

C:\Program Files (x86)\Microchip\xc8\v1.38\sources\common\ftsub.c
		___ftsub       		CODE           	17C2	0000	31

C:\Program Files (x86)\Microchip\xc8\v1.38\sources\common\ftsub.c estimated size: 31

C:\Program Files (x86)\Microchip\xc8\v1.38\sources\common\float.c
		___ftpack      		CODE           	0D3E	0000	101

C:\Program Files (x86)\Microchip\xc8\v1.38\sources\common\float.c estimated size: 101

C:\Program Files (x86)\Microchip\xc8\v1.38\sources\common\awmod.c
		___awmod       		CODE           	0BF4	0000	70

C:\Program Files (x86)\Microchip\xc8\v1.38\sources\common\awmod.c estimated size: 70

C:\Program Files (x86)\Microchip\xc8\v1.38\sources\common\Umul16.c
		___wmul        		CODE           	17A7	0000	28

C:\Program Files (x86)\Microchip\xc8\v1.38\sources\common\Umul16.c estimated size: 28

C:\Program Files (x86)\Microchip\xc8\v1.38\sources\common\frexp.c
		_frexp         		CODE           	0BB9	0000	60

C:\Program Files (x86)\Microchip\xc8\v1.38\sources\common\frexp.c estimated size: 60

C:\Program Files (x86)\Microchip\xc8\v1.38\sources\common\ftmul.c
		___ftmul       		CODE           	0031	0000	181

C:\Program Files (x86)\Microchip\xc8\v1.38\sources\common\ftmul.c estimated size: 181

C:\Program Files (x86)\Microchip\xc8\v1.38\sources\common\ftdiv.c
		___ftdiv       		CODE           	0EAA	0000	170

C:\Program Files (x86)\Microchip\xc8\v1.38\sources\common\ftdiv.c estimated size: 170

adcc.c
		_ADCC_Initialize		CODE           	178E	0000	26
		_ADCRead       		CODE           	1746	0000	15

adcc.c estimated size: 41

C:\Program Files (x86)\Microchip\xc8\v1.38\sources\common\awdiv.c
		___awdiv       		CODE           	0C39	0000	82

C:\Program Files (x86)\Microchip\xc8\v1.38\sources\common\awdiv.c estimated size: 82

C:\Program Files (x86)\Microchip\xc8\v1.38\sources\common\aldiv.c
		___aldiv       		CODE           	0DA2	0000	131

C:\Program Files (x86)\Microchip\xc8\v1.38\sources\common\aldiv.c estimated size: 131

C:\Program Files (x86)\Microchip\xc8\v1.38\sources\common\fttol.c
		___fttol       		CODE           	0E24	0000	135

C:\Program Files (x86)\Microchip\xc8\v1.38\sources\common\fttol.c estimated size: 135

shared
		_fonts         		STRCODE        	0800	0000	304
		__initialization		CODE           	07E1	0000	29
		log@coeff      		STRCODE        	0A7F	0000	28
		_aloha         		STRCODE        	092F	0000	337

shared estimated size: 698

C:\Program Files (x86)\Microchip\xc8\v1.38\sources\common\lwtoft.c
		___lwtoft      		CODE           	1767	0000	20

C:\Program Files (x86)\Microchip\xc8\v1.38\sources\common\lwtoft.c estimated size: 20

C:\Program Files (x86)\Microchip\xc8\v1.38\sources\common\awtoft.c
		___awtoft      		CODE           	17E0	0000	33

C:\Program Files (x86)\Microchip\xc8\v1.38\sources\common\awtoft.c estimated size: 33

C:\Program Files (x86)\Microchip\xc8\v1.38\sources\common\ftadd.c
		___ftadd       		CODE           	01B0	0000	247

C:\Program Files (x86)\Microchip\xc8\v1.38\sources\common\ftadd.c estimated size: 247

lcd.c
		_LCDClear      		CODE           	0AE3	0000	39
		_LCDWrite      		CODE           	0ABE	0000	38
		_LCDWriteInt   		CODE           	00E5	0000	204
		_LCDInit       		CODE           	0B43	0000	60
		_LCDWriteString		CODE           	177A	0000	21
		_LCDWriteCharacter		CODE           	0C8A	0000	85
		_gotoXY        		CODE           	1754	0000	20
		_LCDBitmap     		CODE           	000A	0000	40

lcd.c estimated size: 507

C:\Program Files (x86)\Microchip\xc8\v1.38\sources\common\evalpoly.c
		_eval_poly     		CODE           	0CDE	0000	97

C:\Program Files (x86)\Microchip\xc8\v1.38\sources\common\evalpoly.c estimated size: 97

main.c
		_main          		CODE           	02A6	0000	1340

main.c estimated size: 1340

system.c
		_OSCILLATOR_Initialize		CODE           	1732	0000	9
		_SYSTEM_Initialize		CODE           	0B09	0000	59

system.c estimated size: 68

C:\Program Files (x86)\Microchip\xc8\v1.38\sources\common\ftge.c
		___ftge        		CODE           	0B7E	0000	60

C:\Program Files (x86)\Microchip\xc8\v1.38\sources\common\ftge.c estimated size: 60

